* RX FAMILY ASSEMBLER V2.03.00.01 [24 Oct 2014] *  SOURCE LIST  Tue Feb 28 14:07:15 2017

LOC.     OBJ.              0XMDA SOURCE STATEMENT

                                 ;RX Family C/C++ Compiler (V2.03.00.03 [04 Dec 2014])  28-Feb-2017 14:07:15
                                 
                                 ;*** CPU TYPE ***
                                 
                                 ;-ISA=RXV1
                                 
                                 ;*** COMMAND PARAMETER ***
                                 
                                 ;-output=src=u8g_com_null.src
                                 ;-lang=c99
                                 ;-include=C:\PROGRA~2\Renesas\RX\2_3_0/include,C:\Workspace\e2studio\git\MT01\r_lvd_rx,C:\Workspace\e2studio\git\MT01\r_lvd_rx\src,C:/Workspace/e2studio/git/MT01/r_tfa
                                 ;-debug
                                 ;-show=source,conditionals,definitions,expansions
                                 ;-listfile=u8g_com_null.lst
                                 ;-isa=rxv1
                                 ;-optimize=0
                                 ;-fpu
                                 ;-alias=noansi
                                 ;-nologo
                                 ;-nomessage
                                 ;-define=__RX,COMPACTAXP=1,EASYMAK=0,MOBILE=0,FREE_RTOS_PP
                                 ;u8g_com_null.c
                                 
                                 		.glb	_u8g_com_null_fn
                                 ;LineNo. C-SOURCE STATEMENT
                                 
                                 		.SECTION	P,CODE
00000000                         _u8g_com_null_fn:
                                 		.STACK	_u8g_com_null_fn=20
                                 ;       1 /*
                                 ;       2 
                                 ;       3   u8g_com_null.c
                                 ;       4  
                                 ;       5   communication null device
                                 ;       6 
                                 ;       7   Universal 8bit Graphics Library
                                 ;       8  
                                 ;       9   Copyright (c) 2011, olikraus@gmail.com
                                 ;      10   All rights reserved.
                                 ;      11 
                                 ;      12   Redistribution and use in source and binary forms, with or without modification,
                                 ;      13   are permitted provided that the following conditions are met:
                                 ;      14 
                                 ;      15   * Redistributions of source code must retain the above copyright notice, this list
                                 ;      16     of conditions and the following disclaimer.
                                 ;      17    
                                 ;      18   * Redistributions in binary form must reproduce the above copyright notice, this
                                 ;      19     list of conditions and the following disclaimer in the documentation and/or other
                                 ;      20     materials provided with the distribution.
                                 ;      21 
                                 ;      22   THIS SOFTWARE IS PROVIDED BY THE COPYRIGHT HOLDERS AND
                                 ;      23   CONTRIBUTORS "AS IS" AND ANY EXPRESS OR IMPLIED WARRANTIES,
                                 ;      24   INCLUDING, BUT NOT LIMITED TO, THE IMPLIED WARRANTIES OF
                                 ;      25   MERCHANTABILITY AND FITNESS FOR A PARTICULAR PURPOSE ARE
                                 ;      26   DISCLAIMED. IN NO EVENT SHALL THE COPYRIGHT HOLDER OR
                                 ;      27   CONTRIBUTORS BE LIABLE FOR ANY DIRECT, INDIRECT, INCIDENTAL,
                                 ;      28   SPECIAL, EXEMPLARY, OR CONSEQUENTIAL DAMAGES (INCLUDING, BUT
                                 ;      29   NOT LIMITED TO, PROCUREMENT OF SUBSTITUTE GOODS OR SERVICES;
                                 ;      30   LOSS OF USE, DATA, OR PROFITS; OR BUSINESS INTERRUPTION) HOWEVER
                                 ;      31   CAUSED AND ON ANY THEORY OF LIABILITY, WHETHER IN CONTRACT,
                                 ;      32   STRICT LIABILITY, OR TORT (INCLUDING NEGLIGENCE OR OTHERWISE)
                                 ;      33   ARISING IN ANY WAY OUT OF THE USE OF THIS SOFTWARE, EVEN IF
                                 ;      34   ADVISED OF THE POSSIBILITY OF SUCH DAMAGE.  
                                 ;      35  
                                 ;      36  
                                 ;      37 */
                                 ;      38 
                                 ;      39 #include "u8g.h"
                                 ;      40 
                                 ;      41 uint8_t u8g_com_null_fn(u8g_t *u8g, uint8_t msg, uint8_t arg_val, void *arg_ptr)
                                 		.LINE  "C:\Workspace\e2studio\git\MT01\src\Display\u8g_com_null.c",41
00000000 7100F0                  		ADD #0FFFFFFF0H, R0
00000003 A089                    		MOV.L R1, 0CH[R0]
00000005 828A                    		MOV.B R2, 0BH[R0]
00000007 8283                    		MOV.B R3, 0AH[R0]
00000009 A00C                    		MOV.L R4, 04H[R0]
0000000B                         L11:	; entry.split
                                 ;      42 {
                                 ;      43   switch(msg)
                                 ;      44   {
                                 ;      45     case U8G_COM_MSG_INIT:
                                 ;      46       break;
                                 ;      47     case U8G_COM_MSG_STOP:
                                 ;      48       break;
                                 ;      49 
                                 ;      50    
                                 ;      51     case U8G_COM_MSG_CHIP_SELECT:
                                 ;      52       /* arg_val contains the chip number, which should be enabled */
                                 ;      53       break;
                                 ;      54 
                                 ;      55 
                                 ;      56     case U8G_COM_MSG_WRITE_BYTE:
                                 ;      57       break;
                                 ;      58     case U8G_COM_MSG_WRITE_SEQ:
                                 ;      59       break;
                                 ;      60   }
                                 ;      61   return 1;
                                 		.LINE  "C:\Workspace\e2studio\git\MT01\src\Display\u8g_com_null.c",61
0000000B 3C0301                  		MOV.B #01H, 03H[R0]
0000000E B089                    		MOVU.B 03H[R0], R1
00000010                         L12:	; entry.split1
                                 ;      62 }
                                 		.LINE  "C:\Workspace\e2studio\git\MT01\src\Display\u8g_com_null.c",62
00000010 5B11                    		MOVU.B R1, R1
00000012 6704                    		RTSD #10H
                                 ;      63 
                                 		.END

Information List

TOTAL ERROR(S)    00000
TOTAL WARNING(S)  00000
TOTAL LINE(S)     00107   LINES

Section List

Attr         Size               Name
CODE     0000000020(00000014H)  P

Cpu Type

-ISA=RXV1 -FPU

Command Parameter

-subcommand=C:\Users\LAFONS~1\AppData\Local\Temp\$ccrx124\$ccrx\u8g_com_null.src.cmd
    -nologo
    -isa=rxv1
    -fpu
    -show=conditionals,definitions,expansions
    -define=__RXV1=1
    -fint_register=0
    -debug
    -endian=little
-listfile=C:\Workspace\e2studio\git\MT01\CompactaXP_build\u8g_com_null.lst
-output=C:\Workspace\e2studio\git\MT01\CompactaXP_build\src\Display\u8g_com_null.obj
