* RX FAMILY ASSEMBLER V2.03.00.01 [24 Oct 2014] *  SOURCE LIST  Tue Mar 14 17:28:23 2017

LOC.     OBJ.              0XMDA SOURCE STATEMENT

                                 ;RX Family C/C++ Compiler (V2.03.00.03 [04 Dec 2014])  14-Mar-2017 17:28:23
                                 
                                 ;*** CPU TYPE ***
                                 
                                 ;-ISA=RXV1
                                 
                                 ;*** COMMAND PARAMETER ***
                                 
                                 ;-output=src=interpreter_if.src
                                 ;-lang=c99
                                 ;-include=C:\PROGRA~2\Renesas\RX\2_3_0/include,C:\Workspace\e2studio\git\MT01_master\r_lvd_rx,C:\Workspace\e2studio\git\MT01_master\r_lvd_rx\src,C:/Workspace/e2studio/
                                 ;-debug
                                 ;-show=source,conditionals,definitions,expansions
                                 ;-listfile=interpreter_if.lst
                                 ;-isa=rxv1
                                 ;-optimize=0
                                 ;-fpu
                                 ;-alias=noansi
                                 ;-nologo
                                 ;-nomessage
                                 ;-define=__RX,COMPACTAXP=0,EASYMAK=1,MOBILE=0,FREE_RTOS_PP
                                 ;interpreter_if.c
                                 
                                 		.glb	_zero_axis
                                 		.glb	_jog_stop
                                 		.glb	_jog_restart
                                 		.glb	_iif_func_enter
                                 		.glb	_iif_func_esc
                                 		.glb	_iif_func_down
                                 		.glb	_iif_func_up
                                 		.glb	_iif_func_left
                                 		.glb	_iif_func_right
                                 		.glb	_iif_func_zdown
                                 		.glb	_iif_func_zup
                                 		.glb	_iif_func_released
                                 		.glb	_iif_func_cycleStop
                                 		.glb	_timerIif
                                 		.glb	_iif_idle
                                 		.glb	_iif_bind_idle
                                 ;LineNo. C-SOURCE STATEMENT
                                 
                                 		.SECTION	P,CODE
00000000                         _iif_idle:
                                 		.STACK	_iif_idle=4
                                 ;       1 /*
                                 ;       2  * interpreter_if.c
                                 ;       3  *
                                 ;       4  *  Created on: 21/12/2015
                                 ;       5  *      Author: leocafonso
                                 ;       6  */
                                 ;       7 #include "platform.h"
                                 ;       8 #include "interpreter_if.h"
                                 ;       9 
                                 ;      10 const char zero_axis[]= "\
                                 ;      11 G28.3 X0 Y0 Z0\n\
                                 ;      12 m30";
                                 ;      13 
                                 ;      14 const char jog_stop[]= "\
                                 ;      15 !";
                                 ;      16 
                                 ;      17 const char jog_restart[]= "\
                                 ;      18 ~";
                                 ;      19 
                                 ;      20 iif_func_ptr iif_func_enter;
                                 ;      21 iif_func_ptr iif_func_esc;
                                 ;      22 iif_func_ptr iif_func_down;
                                 ;      23 iif_func_ptr iif_func_up;
                                 ;      24 iif_func_ptr iif_func_left;
                                 ;      25 iif_func_ptr iif_func_right;
                                 ;      26 iif_func_ptr iif_func_zdown;
                                 ;      27 iif_func_ptr iif_func_zup;
                                 ;      28 iif_func_ptr iif_func_released;
                                 ;      29 iif_func_ptr iif_func_cycleStop;
                                 ;      30 uint32_t timerIif;
                                 ;      31 
                                 ;      32 void iif_idle(void) {}
                                 		.LINE  "C:\Workspace\e2studio\git\MT01_master\src\config\interpreter_if.c",32
00000000 02                      		RTS
00000001                         _iif_bind_idle:
                                 		.STACK	_iif_bind_idle=4
                                 ;      33 
                                 ;      34 void iif_bind_idle(void)
                                 ;      35 {
                                 ;      36 	iif_func_enter = &iif_idle;
                                 		.LINE  "C:\Workspace\e2studio\git\MT01_master\src\config\interpreter_if.c",36
00000001 FBE2rrrrrrrr            		MOV.L #_iif_func_enter, R14
00000007 FBF2rrrrrrrr            		MOV.L #_iif_idle, R15
0000000D E3EF                    		MOV.L R15, [R14]
0000000F                         L12:	; entry.split
                                 ;      37 	iif_func_esc = &iif_idle;
                                 		.LINE  "C:\Workspace\e2studio\git\MT01_master\src\config\interpreter_if.c",37
0000000F FBE2rrrrrrrr            		MOV.L #_iif_func_esc, R14
00000015 FBF2rrrrrrrr            		MOV.L #_iif_idle, R15
0000001B E3EF                    		MOV.L R15, [R14]
0000001D                         L13:	; entry.split1
                                 ;      38 	iif_func_down = &iif_idle;
                                 		.LINE  "C:\Workspace\e2studio\git\MT01_master\src\config\interpreter_if.c",38
0000001D FBE2rrrrrrrr            		MOV.L #_iif_func_down, R14
00000023 FBF2rrrrrrrr            		MOV.L #_iif_idle, R15
00000029 E3EF                    		MOV.L R15, [R14]
0000002B                         L14:	; entry.split2
                                 ;      39 	iif_func_up = &iif_idle;
                                 		.LINE  "C:\Workspace\e2studio\git\MT01_master\src\config\interpreter_if.c",39
0000002B FBE2rrrrrrrr            		MOV.L #_iif_func_up, R14
00000031 FBF2rrrrrrrr            		MOV.L #_iif_idle, R15
00000037 E3EF                    		MOV.L R15, [R14]
00000039                         L15:	; entry.split3
                                 ;      40 	iif_func_left = &iif_idle;
                                 		.LINE  "C:\Workspace\e2studio\git\MT01_master\src\config\interpreter_if.c",40
00000039 FBE2rrrrrrrr            		MOV.L #_iif_func_left, R14
0000003F FBF2rrrrrrrr            		MOV.L #_iif_idle, R15
00000045 E3EF                    		MOV.L R15, [R14]
00000047                         L16:	; entry.split4
                                 ;      41 	iif_func_right = &iif_idle;
                                 		.LINE  "C:\Workspace\e2studio\git\MT01_master\src\config\interpreter_if.c",41
00000047 FBE2rrrrrrrr            		MOV.L #_iif_func_right, R14
0000004D FBF2rrrrrrrr            		MOV.L #_iif_idle, R15
00000053 E3EF                    		MOV.L R15, [R14]
00000055                         L17:	; entry.split5
                                 ;      42 	iif_func_zdown = &iif_idle;
                                 		.LINE  "C:\Workspace\e2studio\git\MT01_master\src\config\interpreter_if.c",42
00000055 FBE2rrrrrrrr            		MOV.L #_iif_func_zdown, R14
0000005B FBF2rrrrrrrr            		MOV.L #_iif_idle, R15
00000061 E3EF                    		MOV.L R15, [R14]
00000063                         L18:	; entry.split6
                                 ;      43 	iif_func_zup = &iif_idle;
                                 		.LINE  "C:\Workspace\e2studio\git\MT01_master\src\config\interpreter_if.c",43
00000063 FBE2rrrrrrrr            		MOV.L #_iif_func_zup, R14
00000069 FBF2rrrrrrrr            		MOV.L #_iif_idle, R15
0000006F E3EF                    		MOV.L R15, [R14]
00000071                         L19:	; entry.split7
                                 ;      44 	iif_func_released = &iif_idle;
                                 		.LINE  "C:\Workspace\e2studio\git\MT01_master\src\config\interpreter_if.c",44
00000071 FBE2rrrrrrrr            		MOV.L #_iif_func_released, R14
00000077 FBF2rrrrrrrr            		MOV.L #_iif_idle, R15
0000007D E3EF                    		MOV.L R15, [R14]
0000007F                         L20:	; entry.split8
                                 ;      45 	iif_func_cycleStop = &iif_idle;
                                 		.LINE  "C:\Workspace\e2studio\git\MT01_master\src\config\interpreter_if.c",45
0000007F FBE2rrrrrrrr            		MOV.L #_iif_func_cycleStop, R14
00000085 FBF2rrrrrrrr            		MOV.L #_iif_idle, R15
0000008B E3EF                    		MOV.L R15, [R14]
0000008D 02                      		RTS
                                 ;      46 }
                                 ;      47 
                                 ;      48 
                                 		.SECTION	C_1,ROMDATA
00000000                         _zero_axis:
00000000 4732382E                		.byte	"G28.3 X0 Y0 Z0"
         33205830                
         20593020                
         5A30                    
0000000E 0A                      		.byte	0AH
0000000F 6D3330                  		.byte	"m30"
00000012 00                      		.byte	00H
00000013                         _jog_stop:
00000013 21                      		.byte	"!"
00000014 00                      		.byte	00H
00000015                         _jog_restart:
00000015 7E                      		.byte	"~"
00000016 00                      		.byte	00H
                                 		.SECTION	B,DATA,ALIGN=4
00000000                         _iif_func_enter:
00000000(00000004H)              		.blkl	1
00000004                         _iif_func_esc:
00000004(00000004H)              		.blkl	1
00000008                         _iif_func_down:
00000008(00000004H)              		.blkl	1
0000000C                         _iif_func_up:
0000000C(00000004H)              		.blkl	1
00000010                         _iif_func_left:
00000010(00000004H)              		.blkl	1
00000014                         _iif_func_right:
00000014(00000004H)              		.blkl	1
00000018                         _iif_func_zdown:
00000018(00000004H)              		.blkl	1
0000001C                         _iif_func_zup:
0000001C(00000004H)              		.blkl	1
00000020                         _iif_func_released:
00000020(00000004H)              		.blkl	1
00000024                         _iif_func_cycleStop:
00000024(00000004H)              		.blkl	1
00000028                         _timerIif:
00000028(00000004H)              		.blkl	1
                                 		.END

Information List

TOTAL ERROR(S)    00000
TOTAL WARNING(S)  00000
TOTAL LINE(S)     00182   LINES

Section List

Attr         Size               Name
CODE     0000000142(0000008EH)  P
ROMDATA  0000000023(00000017H)  C_1
DATA     0000000044(0000002CH)  B

Cpu Type

-ISA=RXV1 -FPU

Command Parameter

-subcommand=C:\Users\LAFONS~1\AppData\Local\Temp\$ccrx4D06\$ccrx\interpreter_if.src.cmd
    -nologo
    -isa=rxv1
    -fpu
    -show=conditionals,definitions,expansions
    -define=__RXV1=1
    -fint_register=0
    -debug
    -endian=little
-listfile=C:\Workspace\e2studio\git\MT01_master\MT01_build\interpreter_if.lst
-output=C:\Workspace\e2studio\git\MT01_master\MT01_build\src\config\interpreter_if.obj
