Renesas Optimizing Linker (V2.01.00 )             20-Mar-2017 17:12:23

*** Options ***

-subcommand=LinkerSubCommand.tmp
-input=".\r_usb_hmsc\src\r_usb_hmsc_api.obj"
-input=".\r_usb_hmsc\src\r_usb_hmsc_ddi.obj"
-input=".\r_usb_hmsc\src\r_usb_hmsc_driver.obj"
-input=".\r_usb_hmsc\src\r_usb_hmsc_hci.obj"
-input=".\r_usb_hmsc\src\r_usb_hstorage_driver.obj"
-input=".\r_usb_hmsc\src\r_usb_hstorage_driver_api.obj"
-input=".\r_usb_basic\src\driver\peri\r_usb_pbc.obj"
-input=".\r_usb_basic\src\driver\peri\r_usb_pcontrolrw.obj"
-input=".\r_usb_basic\src\driver\peri\r_usb_pdriver.obj"
-input=".\r_usb_basic\src\driver\peri\r_usb_pdriverapi.obj"
-input=".\r_usb_basic\src\driver\peri\r_usb_pintfifo.obj"
-input=".\r_usb_basic\src\driver\peri\r_usb_psignal.obj"
-input=".\r_usb_basic\src\driver\peri\r_usb_pstdfunction.obj"
-input=".\r_usb_basic\src\driver\peri\r_usb_pstdrequest.obj"
-input=".\r_usb_basic\src\driver\host\r_usb_hbc.obj"
-input=".\r_usb_basic\src\driver\host\r_usb_hcontrolrw.obj"
-input=".\r_usb_basic\src\driver\host\r_usb_hdriver.obj"
-input=".\r_usb_basic\src\driver\host\r_usb_hdriverapi.obj"
-input=".\r_usb_basic\src\driver\host\r_usb_hhubsys.obj"
-input=".\r_usb_basic\src\driver\host\r_usb_hintfifo.obj"
-input=".\r_usb_basic\src\driver\host\r_usb_hlibusbip.obj"
-input=".\r_usb_basic\src\driver\host\r_usb_hmanager.obj"
-input=".\r_usb_basic\src\driver\host\r_usb_hsignal.obj"
-input=".\r_usb_basic\src\driver\host\r_usb_hstdfunction.obj"
-input=".\r_usb_basic\src\driver\comm\r_usb_cdataio.obj"
-input=".\r_usb_basic\src\driver\comm\r_usb_cintfifo.obj"
-input=".\r_usb_basic\src\driver\comm\r_usb_cinthandler_usbip0.obj"
-input=".\r_usb_basic\src\driver\comm\r_usb_cinthandler_usbip1.obj"
-input=".\r_usb_basic\src\driver\comm\r_usb_clibusbip.obj"
-input=".\r_usb_basic\src\driver\comm\r_usb_cscheduler.obj"
-input=".\r_usb_basic\src\driver\comm\r_usb_cstdapi.obj"
-input=".\r_usb_basic\src\driver\comm\r_usb_cstdfunction.obj"
-input=".\r_usb_basic\src\HW\peri\r_usb_preg_abs.obj"
-input=".\r_usb_basic\src\HW\peri\r_usb_preg_access.obj"
-input=".\r_usb_basic\src\HW\host\r_usb_hostelectrical.obj"
-input=".\r_usb_basic\src\HW\host\r_usb_hreg_abs.obj"
-input=".\r_usb_basic\src\HW\host\r_usb_hreg_access.obj"
-input=".\r_usb_basic\src\HW\comm\r_usb_creg_abs.obj"
-input=".\r_usb_basic\src\HW\comm\r_usb_creg_access.obj"
-input=".\r_usb_basic\src\HW\comm\r_usb_creg_dmadtc.obj"
-input=".\r_usb_basic\src\HW\comm\rx_mcu.obj"
-input=".\r_tfat_driver_rx\src\r_tfat_drv_if.obj"
-input=".\r_tfat_driver_rx\src\device\usb\r_tfat_drv_if_usb.obj"
-input=".\r_tfat_driver_rx\src\device\sdhi\r_tfat_drv_if_sdhi.obj"
-input=".\r_dtc_rx\src\r_dtc_rx.obj"
-input=".\r_tfat_driver_rx\src\device\usb_mini\r_tfat_drv_if_usb_mini.obj"
-input=".\r_bsp\mcu\rx63n\cpu.obj"
-input=".\r_bsp\mcu\rx63n\locking.obj"
-input=".\r_bsp\mcu\rx63n\mcu_init.obj"
-input=".\r_bsp\mcu\rx63n\mcu_interrupts.obj"
-input=".\r_bsp\mcu\rx63n\mcu_locks.obj"
-input=".\r_dtc_rx\src\targets\rx63n\r_dtc_rx_target.obj"
-input=".\r_cmt_rx\src\r_cmt_rx.obj"
-input=".\FreeRTOS\Source\croutine.obj"
-input=".\FreeRTOS\Source\event_groups.obj"
-input=".\FreeRTOS\Source\list.obj"
-input=".\FreeRTOS\Source\queue.obj"
-input=".\FreeRTOS\Source\tasks.obj"
-input=".\FreeRTOS\Source\timers.obj"
-input=".\FreeRTOS\Source\portable\Renesas\RX600\port_asm.obj"
-input=".\FreeRTOS\Source\portable\Renesas\RX600\port.obj"
-input=".\FreeRTOS\Source\portable\MemMang\heap_4.obj"
-input=".\src\main.obj"
-input=".\r_byteq\src\r_byteq.obj"
-input=".\src\Display\u8g_bitmap.obj"
-input=".\src\Display\u8g_circle.obj"
-input=".\src\Display\u8g_clip.obj"
-input=".\src\Display\u8g_com_api.obj"
-input=".\src\Display\u8g_com_api_16gr.obj"
-input=".\src\Display\u8g_com_arduino_st7920_custom.obj"
-input=".\src\Display\u8g_com_i2c.obj"
-input=".\src\Display\u8g_com_io.obj"
-input=".\src\Display\u8g_com_null.obj"
-input=".\src\Display\u8g_com_rx_st7920_hw_spi.obj"
-input=".\src\Display\u8g_cursor.obj"
-input=".\src\Display\u8g_delay.obj"
-input=".\src\Display\u8g_dev_null.obj"
-input=".\src\Display\u8g_dev_st7920_128x64.obj"
-input=".\src\Display\u8g_ellipse.obj"
-input=".\src\Display\u8g_font.obj"
-input=".\src\Display\u8g_line.obj"
-input=".\src\Display\u8g_ll_api.obj"
-input=".\src\Display\u8g_page.obj"
-input=".\src\Display\u8g_pb.obj"
-input=".\src\Display\u8g_pb14v1.obj"
-input=".\src\Display\u8g_pb16h1.obj"
-input=".\src\Display\u8g_pb16h2.obj"
-input=".\src\Display\u8g_pb16v1.obj"
-input=".\src\Display\u8g_pb16v2.obj"
-input=".\src\Display\u8g_pb32h1.obj"
-input=".\src\Display\u8g_pb8h1.obj"
-input=".\src\Display\u8g_pb8h1f.obj"
-input=".\src\Display\u8g_pb8h2.obj"
-input=".\src\Display\u8g_pb8h8.obj"
-input=".\src\Display\u8g_pb8v1.obj"
-input=".\src\Display\u8g_pb8v2.obj"
-input=".\src\Display\u8g_pbxh16.obj"
-input=".\src\Display\u8g_pbxh24.obj"
-input=".\src\Display\u8g_polygon.obj"
-input=".\src\Display\u8g_rect.obj"
-input=".\src\Display\u8g_rot.obj"
-input=".\src\Display\u8g_scale.obj"
-input=".\src\Display\u8g_state.obj"
-input=".\src\Display\u8g_u16toa.obj"
-input=".\src\Display\u8g_u8toa.obj"
-input=".\src\Display\u8g_virtual_screen.obj"
-input=".\src\Display\font\u8g_font_6x10.obj"
-input=".\r_rspi_rx\src\r_rspi_rx.obj"
-input=".\r_bsp\mcu\all\r_bsp_common.obj"
-input=".\r_dtc_rx\src\targets\rx71m\r_dtc_rx_target.obj"
-input=".\r_dtc_rx\src\targets\rx64m\r_dtc_rx_target.obj"
-input=".\r_dtc_rx\src\targets\rx113\r_dtc_rx_target.obj"
-input=".\r_dtc_rx\src\targets\rx111\r_dtc_rx_target.obj"
-input=".\r_dtc_rx\src\targets\rx110\r_dtc_rx_target.obj"
-input=".\r_mtu_rx\src\r_mtu_pwm_rx.obj"
-input=".\r_mtu_rx\src\r_mtu_rx_common.obj"
-input=".\r_mtu_rx\src\r_mtu_timers_rx.obj"
-input=".\src\cnc\hardware.obj"
-input=".\src\cnc\canonical_machine.obj"
-input=".\src\cnc\config.obj"
-input=".\src\cnc\config_app.obj"
-input=".\src\cnc\controller.obj"
-input=".\src\cnc\cycle_homing.obj"
-input=".\src\cnc\cycle_jogging.obj"
-input=".\src\cnc\cycle_probing.obj"
-input=".\src\cnc\encoder.obj"
-input=".\src\cnc\gcode_parser.obj"
-input=".\src\cnc\gpio.obj"
-input=".\src\cnc\help.obj"
-input=".\src\cnc\json_parser.obj"
-input=".\src\cnc\kinematics.obj"
-input=".\src\cnc\network.obj"
-input=".\src\cnc\persistence.obj"
-input=".\src\cnc\plan_arc.obj"
-input=".\src\cnc\plan_exec.obj"
-input=".\src\cnc\plan_line.obj"
-input=".\src\cnc\plan_zoid.obj"
-input=".\src\cnc\planner.obj"
-input=".\src\cnc\pwm.obj"
-input=".\src\cnc\report.obj"
-input=".\src\cnc\spindle.obj"
-input=".\src\cnc\stepper.obj"
-input=".\src\cnc\switch.obj"
-input=".\src\cnc\system.obj"
-input=".\src\cnc\test.obj"
-input=".\src\cnc\text_parser.obj"
-input=".\src\cnc\util.obj"
-input=".\src\cnc\xio.obj"
-input=".\src\cnc\xio\xio_FsFat.obj"
-input=".\src\cnc\maincnc_task.obj"
-input=".\r_tmr_rx\src\r_tmr_rx.obj"
-input=".\src\states\ut_state_choose_file.obj"
-input=".\src\states\ut_state_main_menu.obj"
-input=".\src\states\ut_state_splash.obj"
-input=".\src\states\ut_state_warning.obj"
-input=".\src\states\ut_states_map.obj"
-input=".\src\states\ut_states_task.obj"
-input=".\src\keyboard\keyboard.obj"
-input=".\src\config\config_kernel.obj"
-input=".\src\config\r_usb_hmsc.obj"
-input=".\src\Display\lcd.obj"
-input=".\src\Display\lcd_menu.obj"
-input=".\.metadata\.plugins\org.eclipse.cdt.make.core\specs.obj"
-library=".\MT01_proj.lib"
-input=".\src\config\interpreter_if.obj"
-input=".\src\cnc\xio\xio_Command.obj"
-input=".\src\config\interpreter_fileRunning_if.obj"
-input=".\src\config\interpreter_jog_if.obj"
-input=".\src\states\ut_state_config_menu.obj"
-input=".\src\states\ut_state_config_var.obj"
-input=".\src\states\ut_state_config_manual.obj"
-input=".\src\states\ut_state_config_auto.obj"
-input=".\src\states\ut_state_move.obj"
-input=".\src\Display\font\u8g_font_5x8.obj"
-input=".\src\Display\font\u8g_font_helvb08.obj"
-input=".\src\Display\font\u8g_font_helvr08.obj"
-input=".\r_vee\src\targets\rx63x\r_vee_rx63x.obj"
-input=".\r_vee\src\r_vee.obj"
-input=".\r_flash_api_rx\src\r_flash_api_rx.obj"
-input=".\src\eeprom\eeprom.obj"
-input=".\src\cnc\macros\macros.obj"
-input=".\src\cnc\plasma.obj"
-input=".\src\states\ut_state_line_selection.obj"
-input=".\src/config\interpreter_delocar.obj"
-input=".\src/Display/font\u8g_font_4x6r.obj"
-input=".\fsystem\ccsbcs.obj"
-input=".\fsystem\ff.obj"
-input=".\r_s12ad_rx\src\targets\rx63x\r_s12ad_rx63x.obj"
-input=".\r_s12ad_rx\src\targets\rx210\r_s12ad_rx210.obj"
-input=".\r_s12ad_rx\src\targets\rx110_rx111\r_s12ad_rx110_rx111.obj"
-input=".\r_s12ad_rx\src\r_s12ad_rx.obj"
-input=".\src\states\config_menu_ox.obj"
-input=".\src\states\config_menu_pl.obj"
-input=".\src\states\state_functions.obj"
-input=".\src\states\ut_state_config_jog.obj"
-input=".\src\config\interpreter_line_selection.obj"
-input=".\r_spi_flash\src\r_spi_flash.obj"
-input=".\r_flash_loader_rx\src\r_fl_app_header.obj"
-input=".\r_flash_loader_rx\src\r_fl_downloader.obj"
-input=".\r_flash_loader_rx\src\r_fl_utilities.obj"
-input=".\r_flash_loader_rx\src\memory\r_fl_memory_spi_flash.obj"
-input=".\r_crc_rx\src\r_crc_rx.obj"
-input=".\r_bsp\board\MT01\dbsct.obj"
-input=".\r_bsp\board\MT01\hwsetup.obj"
-input=".\r_bsp\board\MT01\lowlvl.obj"
-input=".\r_bsp\board\MT01\lowsrc.obj"
-input=".\r_bsp\board\MT01\resetprg.obj"
-input=".\r_bsp\board\MT01\sbrk.obj"
-input=".\r_bsp\board\MT01\vecttbl.obj"
-input=".\fsystem_spi\fsystem_spi.obj"
-input=".\src\cnc\xio\xio_SPIFFS.obj"
-input=".\spiffs\spiffs_cache.obj"
-input=".\spiffs\spiffs_check.obj"
-input=".\spiffs\spiffs_gc.obj"
-input=".\spiffs\spiffs_hw.obj"
-input=".\spiffs\spiffs_hydrogen.obj"
-input=".\spiffs\spiffs_nucleus.obj"
-input=".\src\states\config_maquina.obj"
-input=".\src\states\config_par_maquina.obj"
-input=".\src\states\ut_state_config_maquina.obj"
-input=".\src\states\ut_state_config_par_maq.obj"
-input=".\src\states\config_thc_maquina.obj"
-input=".\src\states\ut_state_config_maq_thc.obj"
-input=".\src\Display\font\u8g_font_m2icon_7.obj"
-input=".\r_lvd_rx\src\r_lvd_rx.obj"
-input=".\src\cnc\cycle_waiting_switch.obj"
-input=".\src\states\ut_state_maq_model.obj"
-start=SU,SI,B_1,R_1,B_2,R_2,B,R,NOINIT/04,C_1,C_2,C,C$*,D*,W*,L,P*/0FFF00000,APPHEADER_1/0FFFFFE00,FIXEDVECT/0FFFFFF80
-list=MT01_proj.map
-show=symbol,reference,total_size
-nooptimize
-debug
-output=C:\Workspace\e2studio\git\MT01_master\MT01_build\MT01_proj.abs
-rom=D=R,D_1=R_1,D_2=R_2
-nocompress
-nologo
-nomessage

*** Error information ***

*** Mapping List ***

SECTION                            START      END         SIZE   ALIGN

SU
                                  00000004  00002003      2000   4
SI
                                  00002004  00002403       400   4
B_1
                                  00002404  00010bc6      e7c3   1
R_1
                                  00010bc7  00011652       a8c   1
B_2
                                  00011654  00012219       bc6   2
R_2
                                  0001221a  0001233d       124   2
B
                                  00012340  00019117      6dd8   4
R
                                  00019118  00019b4f       a38   4
NOINIT
                                  00019b50  00019b53         4   4
C_1
                                  fff00000  fff054bc      54bd   1
C_2
                                  fff054be  fff06005       b48   2
C
                                  fff06008  fff09acb      3ac4   4
C$DSEC
                                  fff09acc  fff09aef        24   4
C$BSEC
                                  fff09af0  fff09b07        18   4
C$VECT
                                  fff09b08  fff09f07       400   4
D_2
                                  fff09f08  fff0a02b       124   2
D
                                  fff0a02c  fff0aa63       a38   4
D_1
                                  fff0aa64  fff0b4ef       a8c   1
W
                                  fff0b4f0  fff0b4f0         0   4
W_1
                                  fff0b4f0  fff0b4f7         8   1
W_2
                                  fff0b4f8  fff0b5d7        e0   2
L
                                  fff0b5d8  fff0d9cd      23f6   4
P
                                  fff0d9ce  fff57532     49b65   1
APPHEADER_1
                                  fffffe00  fffffe06         7   1
FIXEDVECT
                                  ffffff80  ffffffff        80   4

*** Total Section Size ***

RAMDATA SECTION:  00019b4d Byte(s)
ROMDATA SECTION:  0000da52 Byte(s)
PROGRAM SECTION:  00049b65 Byte(s)

*** Symbol List ***

SECTION=
FILE=                               START        END    SIZE
  SYMBOL                            ADDR        SIZE    INFO      COUNTS  OPT

SECTION=SU
FILE=.\r_bsp\board\MT01\resetprg.obj
                                  00000004  00002003      2000

SECTION=SI
FILE=.\r_bsp\board\MT01\resetprg.obj
                                  00002004  00002403       400

SECTION=B_1
FILE=.\r_usb_hmsc\src\r_usb_hmsc_driver.obj
                                  00002404  0000501f      2c1c
  _usb_ghmsc_Data
                                  00002404      2800   data ,g         e
  _usb_ghmsc_AtapiFlag
                                  00004c04        10   data ,g         5
  _usb_shmsc_DeviceReady
                                  00004c14         4   data ,g         4
  _usb_ghmsc_ClassData
                                  00004c18       400   data ,g         7
  _usb_shmsc_PartitionInfo
                                  00005018         8   data ,g         0
FILE=.\r_usb_basic\src\driver\host\r_usb_hdriver.obj
                                  00005020  00005029         a
  _usb_shstd_ClearStallData
                                  00005020         a   data ,l         1
FILE=.\r_usb_basic\src\driver\host\r_usb_hhubsys.obj
                                  0000502a  000052d9       2b0
  _usb_ghhub_Descriptor
                                  0000502a       200   data ,g         4
  _usb_ghhub_Data
                                  0000522a        b0   data ,g        13
FILE=.\r_usb_basic\src\driver\host\r_usb_hmanager.obj
                                  000052da  000056db       402
  _usb_ghstd_EnuWait
                                  000052da         2   data ,g         2
  _usb_ghstd_ClassData
                                  000052dc       400   data ,g         9
FILE=.\FreeRTOS\Source\portable\MemMang\heap_4.obj
                                  000056dc  0000f6db      a000
  _ucHeap
                                  000056dc      a000   data ,l         2
FILE=.\src\Display\u8g_com_api_16gr.obj
                                  0000f6dc  0000f6df         4
  _buf$1
                                  0000f6dc         4   data ,l         5
FILE=.\src\Display\u8g_com_i2c.obj
                                  0000f6e0  0000f6e1         2
  _u8g_i2c_err_code
                                  0000f6e0         1   data ,l         2
  _u8g_i2c_err_pos
                                  0000f6e1         1   data ,l         2
FILE=.\src\Display\u8g_dev_st7920_128x64.obj
                                  0000f6e2  0000fae1       400
  _u8g_dev_st7920_128x64_sw_spi_buf
                                  0000f6e2        80   data ,g         1
  _u8g_dev_st7920_128x64_hw_spi_buf
                                  0000f762        80   data ,g         1
  _u8g_dev_st7920_128x64_8bit_buf
                                  0000f7e2        80   data ,g         1
  _u8g_dev_st7920_128x64_custom_buf
                                  0000f862        80   data ,g         1
  _u8g_dev_st7920_128x64_4x_buf
                                  0000f8e2       200   data ,g         1
FILE=.\src\Display\u8g_u16toa.obj
                                  0000fae2  0000fae7         6
  _buf$1
                                  0000fae2         6   data ,l         1
FILE=.\src\Display\u8g_u8toa.obj
                                  0000fae8  0000faeb         4
  _buf$1
                                  0000fae8         4   data ,l         1
FILE=.\src\Display\u8g_virtual_screen.obj
                                  0000faec  0000faee         3
  _u8g_vs_current
                                  0000faec         1   data ,g        10
  _u8g_vs_width
                                  0000faed         1   data ,g         2
  _u8g_vs_height
                                  0000faee         1   data ,g         2
FILE=.\r_mtu_rx\src\r_mtu_rx_common.obj
                                  0000faef  0000fb02        14
  _g_mtu_tgr_callbacks
                                  0000faef        14   data ,g         d
FILE=.\src\cnc\gcode_parser.obj
                                  0000fb03  0000fb12        10
  _gp
                                  0000fb03        10   data ,g        51
FILE=.\src\cnc\json_parser.obj
                                  0000fb13  0000fb1a         8
  _js
                                  0000fb13         8   data ,g        19
FILE=.\src\cnc\switch.obj
                                  0000fb1b  0000fb3d        23
  _sw
                                  0000fb1b        23   data ,g        2a
FILE=.\src\cnc\text_parser.obj
                                  0000fb3e  0000fbbf        82
  _txt
                                  0000fb3e        82   data ,g         2
FILE=.\src\cnc\maincnc_task.obj
                                  0000fbc0  0000fc10        51
  _status_code
                                  0000fbc0         1   data ,g        22
  _global_string_buf
                                  0000fbc1        50   data ,g         5
FILE=.\src\states\ut_state_choose_file.obj
                                  0000fc11  0000ff10       300
  _gszCurFile
                                  0000fc11       100   data ,g        10
  _buff
                                  0000fd11       100   data ,g         0
  _Lfname
                                  0000fe11       100   data ,g         1
FILE=.\src\states\ut_state_splash.obj
                                  0000ff11  0000ff38        28
  _Str
                                  0000ff11        28   data ,l         4
FILE=.\src\config\r_usb_hmsc.obj
                                  0000ff39  00010138       200
  _usb_gBuf
                                  0000ff39       200   data ,g         0
FILE=.\src\Display\lcd.obj
                                  00010139  00010234        fc
  _gaboBackColor
                                  00010139        78   data ,l         3
  _gacChar
                                  000101b1        78   data ,l         3
  _gaboBackColorStr
                                  00010229         6   data ,l         3
  _gabolineMarked
                                  0001022f         6   data ,l         3
FILE=.\src\config\interpreter_jog_if.obj
                                  00010235  0001025c        28
  _text
                                  00010235        28   data ,g         0
FILE=.\src\states\ut_state_move.obj
                                  0001025d  00010299        3d
  _textXStr
                                  0001025d        14   data ,g         4
  _textYStr
                                  00010271        14   data ,g         4
  _textZStr
                                  00010285        14   data ,g         4
  _gTitle
                                  00010299         1   data ,g        17
FILE=.\r_vee\src\r_vee.obj
                                  0001029a  0001029b         2
  _g_vee_current_sector
                                  0001029a         1   data ,l        22
  _g_vee_df_enabled
                                  0001029b         1   data ,l         4
FILE=.\r_flash_api_rx\src\r_flash_api_rx.obj
                                  0001029c  0001031d        82
  _g_current_mode
                                  0001029c         1   data ,l        13
  _g_temp_array
                                  0001029d        80   data ,l         8
  _g_flash_to_flash_op
                                  0001031d         1   data ,l         7
FILE=.\src\cnc\plasma.obj
                                  0001031e  0001034f        32
  _Str
                                  0001031e        32   data ,l         3
FILE=.\src\states\state_functions.obj
                                  00010350  00010377        28
  _strLinhas
                                  00010350        28   data ,l         4
FILE=.\r_flash_loader_rx\src\r_fl_downloader.obj
                                  00010378  00010497       120
  _g_fl_tx_buffer
                                  00010378         5   data ,g         0
  _g_fl_rx_buffer
                                  0001037d       100   data ,g         3
  _g_fl_load_image_headers
                                  0001047d         7   data ,g         2
  _StrBoot
                                  00010484        14   data ,g         2
FILE=.\r_flash_loader_rx\src\memory\r_fl_memory_spi_flash.obj
                                  00010498  0001049a         3
  _memID
                                  00010498         3   data ,g         0
FILE=.\r_bsp\board\MT01\lowsrc.obj
                                  0001049b  000104c2        28
  _flmod
                                  0001049b        14   data ,g         7
  _sml_buf
                                  000104af        14   data ,g         0
FILE=.\fsystem_spi\fsystem_spi.obj
                                  000104c3  000104c5         3
  _tx_data
                                  000104c3         1   data ,g         0
  _rx_data
                                  000104c4         1   data ,g         0
  _g_block_sanity
                                  000104c5         1   data ,l         4
FILE=.\spiffs\spiffs_hw.obj
                                  000104c6  00010bc5       700
  _spiffs_work_buf
                                  000104c6       200   data ,l         3
  _spiffs_fds
                                  000106c6        80   data ,l         3
  _spiffs_cache_buf
                                  00010746       480   data ,l         3
FILE=.\src\states\config_par_maquina.obj
                                  00010bc6  00010bc6         1
  _reset_flag
                                  00010bc6         1   data ,g         2

SECTION=R_1
FILE=.\r_usb_basic\src\HW\comm\rx_mcu.obj
                                  00010bc7  00010bc8         2
  _usb_gstd_is_opened
                                  00010bc7         2   data ,l         4
FILE=.\r_tfat_driver_rx\src\r_tfat_drv_if.obj
                                  00010bc9  00010be2        1a
  _drive_alloc_tbl
                                  00010bc9        14   data ,l         7
  _usb_ghmsc_rtcYear
                                  00010bdd         1   data ,l         1
  _usb_ghmsc_rtcMon
                                  00010bde         1   data ,l         1
  _usb_ghmsc_rtcMday
                                  00010bdf         1   data ,l         1
  _usb_ghmsc_rtcHour
                                  00010be0         1   data ,l         1
  _usb_ghmsc_rtcMin
                                  00010be1         1   data ,l         1
  _usb_ghmsc_rtcSec
                                  00010be2         1   data ,l         1
FILE=.\r_dtc_rx\src\r_dtc_rx.obj
                                  00010be3  00010be3         1
  _g_is_opened
                                  00010be3         1   data ,l         5
FILE=.\r_byteq\src\r_byteq.obj
                                  00010be4  00010be4         1
  _qcb_init$1
                                  00010be4         1   data ,l         2
FILE=.\src\Display\u8g_com_api_16gr.obj
                                  00010be5  00010bf8        14
  _map$2
                                  00010be5         4   data ,l         4
  _map$3
                                  00010be9        10   data ,l         2
FILE=.\src\Display\u8g_com_rx_st7920_hw_spi.obj
                                  00010bf9  00010bf9         1
  _g_rspi_callbackend
                                  00010bf9         1   data ,g         3
FILE=.\src\Display\u8g_virtual_screen.obj
                                  00010bfa  00010bfa         1
  _u8g_vs_cnt
                                  00010bfa         1   data ,g         b
FILE=.\r_mtu_rx\src\r_mtu_rx_common.obj
                                  00010bfb  00010c1e        24
  _g_num_channels_in_use
                                  00010bfb         1   data ,g         3
  _g_mtu_channel_mode
                                  00010bfc         5   data ,g         9
  _g_mtu_channel_clr_src
                                  00010c01         5   data ,g         3
  _g_mtu_channel_repeats
                                  00010c06         5   data ,g         6
  _g_mtu_tgi_icu_en_flags
                                  00010c0b        14   data ,g        10
FILE=.\src\cnc\controller.obj
                                  00010c1f  00010c1f         1
  _intepreterRunning
                                  00010c1f         1   data ,g         c
FILE=.\src\cnc\gcode_parser.obj
                                  00010c20  00010c20         1
  _next$1
                                  00010c20         1   data ,l         3
FILE=.\src\cnc\plan_exec.obj
                                  00010c21  00010c21         1
  _zmoved
                                  00010c21         1   data ,g         5
FILE=.\src\cnc\spindle.obj
                                  00010c22  00010c22         1
  _simTorch
                                  00010c22         1   data ,g         8
FILE=.\src\cnc\stepper.obj
                                  00010c23  00010c24         2
  _isDwell
                                  00010c23         1   data ,g         b
  _flag_dda$1
                                  00010c24         1   data ,l         2
FILE=.\src\cnc\switch.obj
                                  00010c25  00010c25         1
  _zinhibitor
                                  00010c25         1   data ,g         4
FILE=.\src\cnc\xio\xio_FsFat.obj
                                  00010c26  00010c26         1
  _fileRunning
                                  00010c26         1   data ,l         3
FILE=.\r_tmr_rx\src\r_tmr_rx.obj
                                  00010c27  00010c2a         4
  _g_tmrbehavior
                                  00010c27         4   data ,l         8
FILE=.\src\states\ut_state_splash.obj
                                  00010c2b  0001137a       750
  _metalique128_bits
                                  00010c2b       2a0   data ,l         1
  _easymax_bits
                                  00010ecb       190   data ,l         1
  _CompactXp_bits
                                  0001105b       190   data ,l         1
  _mobile_bits
                                  000111eb       190   data ,l         1
FILE=.\src\config\r_usb_hmsc.obj
                                  0001137b  0001137b         1
  _drivemountFlag
                                  0001137b         1   data ,g         4
FILE=.\src\Display\lcd.obj
                                  0001137c  000113d3        58
  _warning_bits
                                  0001137c        58   data ,l         3
FILE=.\src\config\interpreter_jog_if.obj
                                  000113d4  000113d4         1
  _torchEnable$1
                                  000113d4         1   data ,l         3
FILE=.\src\states\ut_state_config_var.obj
                                  000113d5  000113d7         3
  _count
                                  000113d5         1   data ,l         5
  _func_back
                                  000113d6         1   data ,g         e
  _blink
                                  000113d7         1   data ,l         5
FILE=.\src\states\ut_state_config_manual.obj
                                  000113d8  000113d8         1
  _initialized
                                  000113d8         1   data ,l         2
FILE=.\src\states\ut_state_config_auto.obj
                                  000113d9  000113d9         1
  _initialized
                                  000113d9         1   data ,l         2
FILE=.\src\states\ut_state_move.obj
                                  000113da  000115cd       1f4
  _sim
                                  000113da         1   data ,g        13
  _programEnd
                                  000113db         1   data ,g         9
  _lstop
                                  000113dc         1   data ,g        1a
  _gStrManual
                                  000113dd        90   data ,l         7
  _gStrAuto
                                  0001146d        90   data ,l        15
  _gStrSim
                                  000114fd        70   data ,l         f
  _gStrDesloca
                                  0001156d        60   data ,l         a
  _ltorchBuffer
                                  000115cd         1   data ,l         7
FILE=.\r_flash_api_rx\src\r_flash_api_rx.obj
                                  000115ce  000115cf         2
  _g_fcu_transfer_complete
                                  000115ce         1   data ,l         2
  _g_fcu_pclk_command
                                  000115cf         1   data ,l         2
FILE=.\src\cnc\macros\macros.obj
                                  000115d0  000115d1         2
  _state
                                  000115d0         1   data ,g        51
  _xMacroArcoOkSync
                                  000115d1         1   data ,g         4
FILE=.\src\cnc\plasma.obj
                                  000115d2  000115d6         5
  _stopDuringCut
                                  000115d2         1   data ,l         2
  _isCutting
                                  000115d3         1   data ,l         4
  _arcoOk
                                  000115d4         1   data ,l         2
  _emergenciaFlag
                                  000115d5         1   data ,g         2
  _ArcoOktaskIdle
                                  000115d6         1   data ,g         5
FILE=.\src\states\config_menu_ox.obj
                                  000115d7  000115db         5
  _ox_init_point
                                  000115d7         5   data ,g         1
FILE=.\src\states\config_menu_pl.obj
                                  000115dc  000115e0         5
  _pl_init_point
                                  000115dc         5   data ,g         1
FILE=.\src\states\ut_state_config_jog.obj
                                  000115e1  000115e1         1
  _initialized
                                  000115e1         1   data ,l         2
FILE=.\src\config\interpreter_line_selection.obj
                                  000115e2  000115e2         1
  _timeNum
                                  000115e2         1   data ,l         5
FILE=.\r_spi_flash\src\r_spi_flash.obj
                                  000115e3  000115e3         1
  _g_transfer_complete
                                  000115e3         1   data ,g         0
FILE=.\r_flash_loader_rx\src\r_fl_downloader.obj
                                  000115e4  000115e4         1
  _chargeIndex
                                  000115e4         1   data ,g         4
FILE=.\r_crc_rx\src\r_crc_rx.obj
                                  000115e5  000115e5         1
  _g_crc_enabled
                                  000115e5         1   data ,l         2
FILE=.\fsystem_spi\fsystem_spi.obj
                                  000115e6  000115e8         3
  _g_file_block
                                  000115e6         1   data ,l         3
  _file_block_index
                                  000115e7         1   data ,l         3
  _g_wl_offset
                                  000115e8         1   data ,l         4
FILE=.\src\cnc\xio\xio_SPIFFS.obj
                                  000115e9  000115e9         1
  _fileRunning
                                  000115e9         1   data ,l         3
FILE=.\src\states\config_maquina.obj
                                  000115ea  000115ed         4
  _mq_init_point
                                  000115ea         4   data ,g         1
FILE=.\src\states\config_par_maquina.obj
                                  000115ee  000115f9         c
  _pm_init_point
                                  000115ee         c   data ,g         1
FILE=.\src\states\ut_state_config_maquina.obj
                                  000115fa  000115fa         1
  _initialized
                                  000115fa         1   data ,l         2
FILE=.\src\states\ut_state_config_par_maq.obj
                                  000115fb  000115fb         1
  _initialized
                                  000115fb         1   data ,l         2
FILE=.\src\states\config_thc_maquina.obj
                                  000115fc  000115fd         2
  _th_init_point
                                  000115fc         2   data ,g         1
FILE=.\src\states\ut_state_config_maq_thc.obj
                                  000115fe  000115fe         1
  _initialized
                                  000115fe         1   data ,l         2
FILE=.\r_lvd_rx\src\r_lvd_rx.obj
                                  000115ff  00011600         2
  _g_lvd_ch1_open
                                  000115ff         1   data ,l         5
  _g_lvd_ch2_open
                                  00011600         1   data ,l         5
FILE=.\src\states\ut_state_maq_model.obj
                                  00011601  00011601         1
  _initialized
                                  00011601         1   data ,l         2
FILE=xfiles
                                  00011602  00011651        50
  _ebuf
                                  00011602        50   data ,l         5
FILE=xstate
                                  00011652  00011652         1
  __Mbcurmax
                                  00011652         1   data ,g         1

SECTION=B_2
FILE=.\r_usb_hmsc\src\r_usb_hmsc_driver.obj
                                  00011654  0001184f       1fc
  _usb_ghmsc_OutPipe
                                  00011654        40   data ,g        11
  _usb_ghmsc_InPipe
                                  00011694        40   data ,g        11
  _usb_shmsc_MsgNum
                                  000116d4         4   data ,g         2
  _usb_ghmsc_AttSts
                                  000116d8        10   data ,g         3
  _usb_shmsc_Process
                                  000116e8         4   data ,g        32
  _usb_ghmsc_RootDrive
                                  000116ec         4   data ,g         f
  _usb_ghmsc_drive_no
                                  000116f0        28   data ,g         5
  _usb_ghmsc_drv_no_tbl
                                  00011718        3c   data ,g         8
  _usb_ghmsc_Speed
                                  00011754         4   data ,g         3
  _usb_ghmsc_Devaddr
                                  00011758         4   data ,g         7
  _usb_ghmsc_DriveChk
                                  0001175c        cc   data ,g        2b
  _usb_shmsc_ClassRequest
                                  00011828        14   data ,g         a
  _usb_ghmsc_StrgCount
                                  0001183c         2   data ,g         6
  _usb_ghmsc_MaxDrive
                                  0001183e         2   data ,g         6
  _usb_ghmsc_RootDevaddr
                                  00011840         4   data ,g         6
  _usb_shmsc_NewDrive
                                  00011844         4   data ,g         3
  _usb_shmsc_Unit
                                  00011848         4   data ,g         2
  _usb_ghmsc_PartTransSize
                                  0001184c         4   data ,g         2
FILE=.\r_usb_basic\src\driver\host\r_usb_hdriver.obj
                                  00011850  00011a2b       1dc
  _usb_ghstd_DeviceInfo
                                  00011850       160   data ,g        25
  _usb_ghstd_RemortPort
                                  000119b0         4   data ,g         7
  _usb_ghstd_Ctsq
                                  000119b4         4   data ,g        21
  _usb_ghstd_MgrMode
                                  000119b8         8   data ,g        23
  _usb_ghstd_DcpRegister
                                  000119c0        2c   data ,g         3
  _usb_ghstd_DeviceAddr
                                  000119ec         4   data ,g        17
  _usb_ghstd_DeviceSpeed
                                  000119f0         4   data ,g         f
  _usb_ghstd_DeviceNum
                                  000119f4         4   data ,g        13
  _usb_ghstd_IgnoreCnt
                                  000119f8        28   data ,g        11
  _usb_shstd_ClearStallPipe
                                  00011a20         2   data ,l         3
  _usb_shstd_ClearStallRequest
                                  00011a22         a   data ,l         a
FILE=.\r_usb_basic\src\driver\host\r_usb_hhubsys.obj
                                  00011a2c  00011b5f       134
  _usb_shhub_DownPort
                                  00011a2c        2c   data ,g         5
  _usb_shhub_Remote
                                  00011a58        2c   data ,g         4
  _usb_shhub_InfoData
                                  00011a84        b0   data ,g        20
  _usb_shhub_Number
                                  00011b34         4   data ,g         4
  _usb_shhub_ClassRequest
                                  00011b38        14   data ,g        1c
  _usb_shhub_Spec
                                  00011b4c         4   data ,g         4
  _usb_shhub_Root
                                  00011b50         4   data ,g         1
  _usb_shhub_Speed
                                  00011b54         4   data ,g         8
  _usb_shhub_DevAddr
                                  00011b58         4   data ,g         6
  _usb_shhub_Index
                                  00011b5c         4   data ,g         5
FILE=.\r_usb_basic\src\driver\host\r_usb_hmanager.obj
                                  00011b60  00011de5       286
  _usb_ghstd_EnumSeq
                                  00011b60         4   data ,g         c
  _usb_ghstd_DeviceDescriptor
                                  00011b64        28   data ,g         6
  _usb_ghstd_ConfigurationDescriptor
                                  00011b8c       200   data ,g         6
  _usb_ghstd_SuspendPipe
                                  00011d8c        28   data ,g         4
  _usb_ghstd_CheckEnuResult
                                  00011db4         4   data ,g         3
  _usb_shstd_StdRequest
                                  00011db8        14   data ,g        27
  _usb_shstd_DummyData
                                  00011dcc         2   data ,l         2
  _usb_shstd_RegPointer
                                  00011dce         4   data ,l         2
  _usb_ghstd_ClassRequest
                                  00011dd2        14   data ,g        19
FILE=.\r_usb_basic\src\driver\comm\r_usb_cdataio.obj
                                  00011de6  00011df7        12
  _usb_gcstd_Dma0Dir
                                  00011de6         4   data ,g         0
  _usb_gcstd_Dma0Fifo
                                  00011dea         4   data ,g         0
  _usb_gcstd_Dma0Pipe
                                  00011dee         4   data ,g         0
  _usb_gcstd_XckeMode
                                  00011df2         2   data ,g         1
  _usb_gcstd_HsEnable
                                  00011df4         4   data ,g         3
FILE=.\r_usb_basic\src\driver\comm\r_usb_cinthandler_usbip0.obj
                                  00011df8  00011dfb         4
  _usb_gcstd_IntMsgCnt
                                  00011df8         4   data ,g         5
FILE=.\r_usb_basic\src\HW\comm\r_usb_creg_abs.obj
                                  00011dfc  00011e03         8
  _usb_gcstd_RhstBit
                                  00011dfc         2   data ,g         0
  _usb_gcstd_DvsqBit
                                  00011dfe         2   data ,g         0
  _usb_gcstd_AddrBit
                                  00011e00         2   data ,g         0
  _usb_gcstd_SqmonBit
                                  00011e02         2   data ,g         0
FILE=.\r_bsp\mcu\rx63n\cpu.obj
                                  00011e04  00011e0b         8
  _g_protect_counters
                                  00011e04         8   data ,l         6
FILE=.\src\cnc\config.obj
                                  00011e0c  00012011       206
  _nvStr
                                  00011e0c       206   data ,g         8
FILE=.\src\cnc\report.obj
                                  00012012  00012015         4
  _rx
                                  00012012         4   data ,g         4
FILE=.\src\cnc\plasma.obj
                                  00012016  00012017         2
  _data
                                  00012016         2   data ,g         0
FILE=.\fsystem\ff.obj
                                  00012018  00012219       202
  _Fsid
                                  00012018         2   data ,l         1
  _LfnBuf
                                  0001201a       200   data ,l         b

SECTION=R_2
FILE=.\r_usb_hmsc\src\r_usb_hmsc_api.obj
                                  0001221a  0001222d        14
  _get_max_lun_table$1
                                  0001221a         a   data ,l         2
  _mass_storage_reset_table$2
                                  00012224         a   data ,l         2
FILE=.\r_usb_hmsc\src\r_usb_hmsc_driver.obj
                                  0001222e  00012291        64
  _usb_ghmsc_DefEpTbl
                                  0001222e        1c   data ,g         4
  _usb_shmsc_NoDataSeq
                                  0001224a         4   data ,g         a
  _usb_shmsc_DataInSeq
                                  0001224e         4   data ,g         e
  _usb_shmsc_DataOutSeq
                                  00012252         4   data ,g         e
  _usb_shmsc_StallErrSeq
                                  00012256         4   data ,g         b
  _usb_shmsc_DataStallSeq
                                  0001225a         4   data ,g         6
  _usb_ghmsc_CswErrRoop
                                  0001225e         4   data ,g        14
  _usb_shmsc_InitSeq
                                  00012262         4   data ,g         7
  _usb_shmsc_StrgProcess
                                  00012266         4   data ,g        1a
  _usb_shmsc_StrgDriveSearchSeq
                                  0001226a         4   data ,g        14
  _usb_shmsc_StrgDriveSearchErrCount
                                  0001226e         4   data ,g         6
  _usb_shmsc_StrgDriveSearchCount
                                  00012272         4   data ,g         d
  _usb_shmsc_DevReadSectorSizeSeq
                                  00012276         4   data ,g         0
  _usb_shmsc_DevReadSectorSizeErrCount
                                  0001227a         4   data ,g         0
  _usb_shmsc_DevReadPartitionSeq
                                  0001227e         4   data ,g         5
  _usb_shmsc_StrgDriveOpenSeq
                                  00012282         4   data ,g         0
  _usb_shmsc_StrgDriveOpenCount
                                  00012286         4   data ,g         0
  _usb_shmsc_StrgDriveOpenParCount
                                  0001228a         4   data ,g         0
  _usb_shmsc_LoopCont
                                  0001228e         4   data ,g         5
FILE=.\r_usb_basic\src\driver\host\r_usb_hhubsys.obj
                                  00012292  000122f5        64
  _usb_shhub_ClassSeq
                                  00012292         4   data ,g         4
  _usb_shhub_InitSeq
                                  00012296         4   data ,g         9
  _usb_shhub_InitPort
                                  0001229a         4   data ,g         a
  _usb_shhub_EventSeq
                                  0001229e         4   data ,g         9
  _usb_shhub_EventPort
                                  000122a2         4   data ,g         f
  _usb_shhub_AttachSeq
                                  000122a6         4   data ,g         c
  _usb_shhub_ResetSeq
                                  000122aa         4   data ,g         7
  _usb_shhub_State
                                  000122ae         4   data ,g         0
  _usb_shhub_Info
                                  000122b2         4   data ,g         7
  _usb_shhub_HubAddr
                                  000122b6         4   data ,g         7
  _usb_shhub_Process
                                  000122ba         4   data ,g        1d
  _usb_ghhub_DefEPTbl
                                  000122be        1c   data ,g         7
  _usb_ghhub_TmpEPTbl
                                  000122da        1c   data ,g         7
FILE=.\r_usb_basic\src\driver\host\r_usb_hmanager.obj
                                  000122f6  00012301         c
  _usb_shstd_mgr_msginfo
                                  000122f6         4   data ,l        10
  _usb_shstd_SuspendSeq
                                  000122fa         4   data ,l         4
  _usb_shstd_ResumeSeq
                                  000122fe         4   data ,l         4
FILE=.\r_usb_basic\src\HW\comm\rx_mcu.obj
                                  00012302  00012309         8
  _usb_gcstd_D0fifo
                                  00012302         4   data ,g         2
  _usb_gcstd_D1fifo
                                  00012306         4   data ,g         2
FILE=.\r_tfat_driver_rx\src\device\usb\r_tfat_drv_if_usb.obj
                                  0001230a  0001230b         2
  _usb_ghmsc_tfatSecSize
                                  0001230a         2   data ,l         2
FILE=.\src\config\r_usb_hmsc.obj
                                  0001230c  00012327        1c
  _usb_ghmsc_SmpAplProcess
                                  0001230c         2   data ,g         3
  _usb_gvendor_smpl_eptbl
                                  0001230e        1a   data ,g         1
FILE=.\src\config\interpreter_jog_if.obj
                                  00012328  00012329         2
  _xPress
                                  00012328         2   data ,g         2
FILE=.\src\cnc\plasma.obj
                                  0001232a  0001232d         4
  _delay_thc
                                  0001232a         2   data ,l         6
  _delay_thcStart
                                  0001232c         2   data ,l         2
FILE=.\src\states\ut_state_line_selection.obj
                                  0001232e  0001232f         2
  _index
                                  0001232e         2   data ,g         1
FILE=sqrtf
                                  00012330  0001233d         e
  _cf1S
                                  00012330         e   data ,l         1

SECTION=B
FILE=.\r_usb_hmsc\src\r_usb_hmsc_driver.obj
                                  00012340  00013217       ed8
  _usb_ghmsc_TransData
                                  00012340       2c0   data ,g        14
  _usb_ghmsc_ReceiveData
                                  00012600       2c0   data ,g        15
  _usb_ghmsc_ControlData
                                  000128c0        58   data ,g         e
  _usb_ghmsc_Cbw
                                  00012918       400   data ,g        51
  _usb_ghmsc_Csw
                                  00012d18       400   data ,g         4
  _usb_ghmsc_CbwTagNo
                                  00013118        40   data ,g         7
  _usb_ghmsc_TransSize
                                  00013158         8   data ,g         6
  _usb_ghmsc_Buff
                                  00013160         8   data ,g         4
  _usb_ghmsc_DeviceTable
                                  00013168         8   data ,g         6
  _usb_ghmsc_ConfigTable
                                  00013170         8   data ,g         3
  _usb_ghmsc_InterfaceTable
                                  00013178         8   data ,g         4
  _usb_ghmsc_PipeTable
                                  00013180         8   data ,g        15
  _usb_shmsc_ClassControl
                                  00013188        58   data ,g         9
  _usb_shmsc_command_result
                                  000131e0         8   data ,g         b
  _usb_ghmsc_MaxLUN
                                  000131e8         8   data ,g         a
  _usb_shmsc_PartitionLba
                                  000131f0        28   data ,g         0
FILE=.\r_usb_basic\src\driver\host\r_usb_hdriver.obj
                                  00013218  000135bb       3a4
  _usb_ghstd_DeviceDrv
                                  00013218       370   data ,g        17
  _usb_shstd_HcdMsg
                                  00013588         4   data ,l         1
  _usb_shstd_ClearStallControl
                                  0001358c        2c   data ,l         9
  _usb_shstd_ClearStallCall
                                  000135b8         4   data ,l         2
FILE=.\r_usb_basic\src\driver\host\r_usb_hhubsys.obj
                                  000135bc  000139f3       438
  _usb_shhub_ControlMess
                                  000135bc        58   data ,g        24
  _usb_shhub_DataMess
                                  00013614       3c8   data ,g         a
  _usb_shhub_DeviceTable
                                  000139dc         8   data ,g         3
  _usb_shhub_ConfigTable
                                  000139e4         8   data ,g         6
  _usb_shhub_InterfaceTable
                                  000139ec         8   data ,g         6
FILE=.\r_usb_basic\src\driver\host\r_usb_hmanager.obj
                                  000139f4  00013ab3        c0
  _usb_shstd_StdReqMsg
                                  000139f4        58   data ,g        21
  _usb_shstd_MgrMsg
                                  00013a4c         8   data ,l        10
  _usb_shstd_mgr_callback
                                  00013a54         8   data ,l         4
  _usb_ghstd_ClassControl
                                  00013a5c        58   data ,g         9
FILE=.\r_usb_basic\src\driver\comm\r_usb_cdataio.obj
                                  00013ab4  00013bab        f8
  _usb_gcstd_DataCnt
                                  00013ab4        50   data ,g         f
  _usb_gcstd_Dma0Size
                                  00013b04         8   data ,g         0
  _usb_gcstd_DataPtr
                                  00013b0c        50   data ,g         6
  _usb_gcstd_Pipe
                                  00013b5c        50   data ,g        3d
FILE=.\r_usb_basic\src\driver\comm\r_usb_cinthandler_usbip0.obj
                                  00013bac  000140ff       554
  _usb_gcstd_IntMsg
                                  00013bac       528   data ,g         2
  _usb_gcstd_IntMsgD0fifo
                                  000140d4        2c   data ,g         0
FILE=.\r_tfat_driver_rx\src\device\usb\r_tfat_drv_if_usb.obj
                                  00014100  0001412b        2c
  _tfat_ptr
                                  00014100        2c   data ,g         a
FILE=.\r_dtc_rx\src\r_dtc_rx.obj
                                  0001412c  00014133         8
  _g_dtc_table_work
                                  0001412c         8   data ,g         6
FILE=.\r_bsp\mcu\rx63n\mcu_interrupts.obj
                                  00014134  0001415f        2c
  _g_bsp_vectors
                                  00014134        2c   data ,l         9
FILE=.\r_bsp\mcu\rx63n\mcu_locks.obj
                                  00014160  000142f7       198
  _g_bsp_Locks
                                  00014160       198   data ,g         2
FILE=.\r_cmt_rx\src\r_cmt_rx.obj
                                  000142f8  00014317        20
  _g_cmt_modes
                                  000142f8        10   data ,l         a
  _g_cmt_callbacks
                                  00014308        10   data ,l         4
FILE=.\FreeRTOS\Source\tasks.obj
                                  00014318  00014423       10c
  _pxReadyTasksLists
                                  00014318        a0   data ,l        15
  _xDelayedTaskList1
                                  000143b8        14   data ,l         2
  _xDelayedTaskList2
                                  000143cc        14   data ,l         2
  _pxDelayedTaskList
                                  000143e0         4   data ,l         b
  _pxOverflowDelayedTaskList
                                  000143e4         4   data ,l         6
  _xPendingReadyList
                                  000143e8        14   data ,l         8
  _xTasksWaitingTermination
                                  000143fc        14   data ,l         6
  _xSuspendedTaskList
                                  00014410        14   data ,l         a
FILE=.\FreeRTOS\Source\timers.obj
                                  00014424  00014453        30
  _xActiveTimerList1
                                  00014424        14   data ,l         2
  _xActiveTimerList2
                                  00014438        14   data ,l         2
  _pxCurrentTimerList
                                  0001444c         4   data ,l         9
  _pxOverflowTimerList
                                  00014450         4   data ,l         4
FILE=.\FreeRTOS\Source\portable\MemMang\heap_4.obj
                                  00014454  0001445b         8
  _xStart
                                  00014454         8   data ,l         5
FILE=.\src\main.obj
                                  0001445c  000144b3        58
  _maq
                                  0001445c         4   data ,g         0
  _msc_utr
                                  00014460        2c   data ,g         3
  _swTimers
                                  0001448c        28   data ,g        34
FILE=.\r_byteq\src\r_byteq.obj
                                  000144b4  000144e3        30
  _g_qcb
                                  000144b4        30   data ,l         3
FILE=.\src\Display\u8g_com_rx_st7920_hw_spi.obj
                                  000144e4  000144e7         4
  _handle
                                  000144e4         4   data ,l         3
FILE=.\src\Display\u8g_polygon.obj
                                  000144e8  00014533        4c
  _u8g_pg
                                  000144e8        4c   data ,g         3
FILE=.\src\Display\u8g_virtual_screen.obj
                                  00014534  00014553        20
  _u8g_vs_list
                                  00014534        20   data ,g         f
FILE=.\r_rspi_rx\src\r_rspi_rx.obj
                                  00014554  0001456b        18
  _g_rspi_handles
                                  00014554        10   data ,l        11
  _g_rxdata
                                  00014564         8   data ,l         5
FILE=.\r_mtu_rx\src\r_mtu_rx_common.obj
                                  0001456c  000145e7        7c
  _g_mtu_cb_data
                                  0001456c        3c   data ,g         4
  _p_callback_mtu0
                                  000145a8         4   data ,g         1
  _mtu0_tmr_settings
                                  000145ac        3c   data ,g         1
FILE=.\src\cnc\hardware.obj
                                  000145e8  000145ef         8
  _timerDwell
                                  000145e8         4   data ,g         7
  _timerMotorPower
                                  000145ec         4   data ,g         1
FILE=.\src\cnc\canonical_machine.obj
                                  000145f0  000149df       3f0
  _cm
                                  000145f0       3f0   data ,g       3ce
FILE=.\src\cnc\config.obj
                                  000149e0  00014e67       488
  _nvl
                                  000149e0       488   data ,g        16
FILE=.\src\cnc\config_app.obj
                                  00014e68  00014eb3        4c
  _cfg
                                  00014e68        4c   data ,g        29
FILE=.\src\cnc\controller.obj
                                  00014eb4  0001525f       3ac
  _cs
                                  00014eb4       3ac   data ,g        bf
FILE=.\src\cnc\cycle_homing.obj
                                  00015260  0001529b        3c
  _hm
                                  00015260        3c   data ,l        30
FILE=.\src\cnc\cycle_jogging.obj
                                  0001529c  000152bf        24
  _jog
                                  0001529c        24   data ,l        1b
FILE=.\src\cnc\cycle_probing.obj
                                  000152c0  0001532b        6c
  _pb
                                  000152c0        6c   data ,l        17
FILE=.\src\cnc\encoder.obj
                                  0001532c  00015353        28
  _en
                                  0001532c        28   data ,g        17
FILE=.\src\cnc\gcode_parser.obj
                                  00015354  00015357         4
  _parse_gcode_func
                                  00015354         4   data ,l         3
FILE=.\src\cnc\persistence.obj
                                  00015358  00015367        10
  _nvm
                                  00015358        10   data ,g         7
FILE=.\src\cnc\plan_arc.obj
                                  00015368  00015433        cc
  _arc
                                  00015368        cc   data ,g        53
FILE=.\src\cnc\planner.obj
                                  00015434  00017013      1be0
  _mb
                                  00015434      1a14   data ,g        27
  _mm
                                  00016e48        2c   data ,g         f
  _mr
                                  00016e74       1a0   data ,g        a5
FILE=.\src\cnc\pwm.obj
                                  00017014  00017067        54
  _pwm
                                  00017014        54   data ,g        17
FILE=.\src\cnc\report.obj
                                  00017068  00017137        d0
  _sr
                                  00017068        c0   data ,g        2f
  _qr
                                  00017128        10   data ,g        1b
FILE=.\src\cnc\stepper.obj
                                  00017138  000172b7       180
  _st_cfg
                                  00017138        94   data ,g        30
  _st_pre
                                  000171cc        88   data ,g        54
  _st_run
                                  00017254        60   data ,l        38
  _z_step_pulse
                                  000172b4         4   data ,g         4
FILE=.\src\cnc\util.obj
                                  000172b8  000172cf        18
  _vector
                                  000172b8        18   data ,g         f
FILE=.\src\cnc\xio.obj
                                  000172d0  0001746b       19c
  _ds
                                  000172d0       198   data ,g         a
  _xio
                                  00017468         4   data ,g         2
FILE=.\src\cnc\xio\xio_FsFat.obj
                                  0001746c  000178c3       458
  _ufsfat
                                  0001746c       458   data ,g         1
FILE=.\src\cnc\maincnc_task.obj
                                  000178c4  000178c7         4
  _xCncTaskHandle
                                  000178c4         4   data ,g         c
FILE=.\r_tmr_rx\src\r_tmr_rx.obj
                                  000178c8  000178d7        10
  _g_tmr_callbacks
                                  000178c8        10   data ,l         8
FILE=.\src\states\ut_state_choose_file.obj
                                  000178d8  00017b83       2ac
  _st_usb_fatfs
                                  000178d8       234   data ,g         1
  _st_usb_dir
                                  00017b0c        24   data ,g         3
  _g_fs_cur_header
                                  00017b30         4   data ,g         0
  _g_fs_next_header
                                  00017b34        30   data ,g         0
  _st_usb_finfo
                                  00017b64        20   data ,g         9
FILE=.\src\states\ut_state_main_menu.obj
                                  00017b84  00017baf        2c
  _configs_main
                                  00017b84        2c   data ,g         7
FILE=.\src\config\config_kernel.obj
                                  00017bb0  00017c13        64
  _task_main_handle
                                  00017bb0         4   data ,g         1
  _task_handle0
                                  00017bb4         4   data ,g         1
  _task_handle1
                                  00017bb8         4   data ,g         4
  _task_handle2
                                  00017bbc         4   data ,g         4
  _task_handle3
                                  00017bc0         4   data ,g         4
  _task_handle4
                                  00017bc4         4   data ,g         4
  _task_handle5
                                  00017bc8         4   data ,g         4
  _task_handle6
                                  00017bcc         4   data ,g         2
  _mbox_handle0
                                  00017bd0         4   data ,g         2
  _mbox_handle1
                                  00017bd4         4   data ,g         2
  _mbox_handle2
                                  00017bd8         4   data ,g         2
  _mbox_handle3
                                  00017bdc         4   data ,g         2
  _mbox_handle4
                                  00017be0         4   data ,g         2
  _mbox_handle5
                                  00017be4         4   data ,g         2
  _mbox_handle6
                                  00017be8         4   data ,g         2
  _mbox_handle7
                                  00017bec         4   data ,g         2
  _mpl_handle0
                                  00017bf0         4   data ,g         1
  _mpl_handle1
                                  00017bf4         4   data ,g         3
  _mpl_handle2
                                  00017bf8         4   data ,g         3
  _mpl_handle3
                                  00017bfc         4   data ,g         3
  _mpl_handle4
                                  00017c00         4   data ,g         3
  _mpl_handle5
                                  00017c04         4   data ,g         3
  _mpl_handle6
                                  00017c08         4   data ,g         3
  _mpl_handle7
                                  00017c0c         4   data ,g         3
  _qKeyboard
                                  00017c10         4   data ,g        19
FILE=.\src\config\r_usb_hmsc.obj
                                  00017c14  00017c17         4
  _xUsbMount
                                  00017c14         4   data ,g         1
FILE=.\src\Display\lcd.obj
                                  00017c18  00017c93        7c
  _gacStr
                                  00017c18        18   data ,l         3
  _gaboFontStr
                                  00017c30        18   data ,l         4
  _main_u8g
                                  00017c48        4c   data ,l        76
FILE=.\src\config\interpreter_if.obj
                                  00017c94  00017cbf        2c
  _iif_func_enter
                                  00017c94         4   data ,g         c
  _iif_func_esc
                                  00017c98         4   data ,g         b
  _iif_func_down
                                  00017c9c         4   data ,g         a
  _iif_func_up
                                  00017ca0         4   data ,g         a
  _iif_func_left
                                  00017ca4         4   data ,g         a
  _iif_func_right
                                  00017ca8         4   data ,g         a
  _iif_func_zdown
                                  00017cac         4   data ,g         a
  _iif_func_zup
                                  00017cb0         4   data ,g         a
  _iif_func_released
                                  00017cb4         4   data ,g         a
  _iif_func_cycleStop
                                  00017cb8         4   data ,g         7
  _timerIif
                                  00017cbc         4   data ,g         3
FILE=.\src\cnc\xio\xio_Command.obj
                                  00017cc0  00017ccf        10
  _command
                                  00017cc0        10   data ,g         1
FILE=.\src\config\interpreter_jog_if.obj
                                  00017cd0  00017cd3         4
  _JogkeyPressed
                                  00017cd0         4   data ,g         b
FILE=.\src\states\ut_state_config_var.obj
                                  00017cd4  00017cd7         4
  _configsVar
                                  00017cd4         4   data ,g        54
FILE=.\src\states\ut_state_config_manual.obj
                                  00017cd8  00017db3        dc
  _configs_manual
                                  00017cd8        dc   data ,g         a
FILE=.\src\states\ut_state_config_auto.obj
                                  00017db4  00017e8f        dc
  _configs_auto
                                  00017db4        dc   data ,g         f
FILE=.\src\states\ut_state_move.obj
                                  00017e90  00017e93         4
  _keyEntry_buffer$1
                                  00017e90         4   data ,l         3
FILE=.\r_vee\src\r_vee.obj
                                  00017e94  00017f33        a0
  _g_vee_cache
                                  00017e94        64   data ,l        17
  _g_vee_next_address
                                  00017ef8         c   data ,l        1a
  _g_vee_erase_block_current
                                  00017f04         4   data ,l         4
  _g_vee_erase_block_end
                                  00017f08         4   data ,l         9
  _g_vee_write_state
                                  00017f0c         4   data ,l        13
  _g_vee_current_record
                                  00017f10         c   data ,l        27
  _g_vee_current_block_active
                                  00017f1c         4   data ,l         8
  _g_vee_current_block_nextup
                                  00017f20         4   data ,l         f
  _g_vee_blank_check_block_current
                                  00017f24         4   data ,l         8
  _g_vee_blank_check_block_end
                                  00017f28         4   data ,l         4
  _g_vee_write_address
                                  00017f2c         4   data ,l         9
  _g_vee_lock
                                  00017f30         4   data ,l         2
FILE=.\r_flash_api_rx\src\r_flash_api_rx.obj
                                  00017f34  00017f43        10
  _g_flash_state
                                  00017f34         4   data ,l         6
  _g_bgo_bytes
                                  00017f38         4   data ,l         8
  _g_bgo_flash_addr
                                  00017f3c         4   data ,l        11
  _g_bgo_buffer_addr
                                  00017f40         4   data ,l         5
FILE=.\src\eeprom\eeprom.obj
                                  00017f44  00017fe3        a0
  _sample_state
                                  00017f44         4   data ,g         9
  _configFlags
                                  00017f48        10   data ,g        27
  _configVarOx
                                  00017f58        14   data ,g        26
  _configVarPl
                                  00017f6c        14   data ,g        2a
  _configVarMaq
                                  00017f80         c   data ,g        14
  _configVarParMaq
                                  00017f8c        30   data ,g         f
  _configVarJog
                                  00017fbc         8   data ,g         8
  _zeroPiece
                                  00017fc4         c   data ,g        13
  _dataRecord
                                  00017fd0         c   data ,g        26
  _g_maq
                                  00017fdc         8   data ,g        18
FILE=.\src\cnc\macros\macros.obj
                                  00017fe4  00018023        40
  _altura_perfuracao
                                  00017fe4         4   data ,l         c
  _altura_deslocamento
                                  00017fe8         4   data ,l         b
  _altura_corte
                                  00017fec         4   data ,l         c
  _vel_corte
                                  00017ff0         4   data ,l         c
  _tempo_perfuracao
                                  00017ff4         4   data ,l         c
  _tempo_aquecimento
                                  00017ff8         4   data ,l         a
  _velocidadeJog
                                  00017ffc         4   data ,g         5
  _Xcord
                                  00018000         4   data ,g         2
  _Ycord
                                  00018004         4   data ,g         2
  _tempoDwell
                                  00018008         4   data ,g         4
  _jogMaxDistance
                                  0001800c         c   data ,g         c
  _linenumMacro
                                  00018018         4   data ,g        1a
  _macro_func_ptr
                                  0001801c         4   data ,g        2f
  _macro_buffer
                                  00018020         4   data ,g         8
FILE=.\src\cnc\plasma.obj
                                  00018024  0001803b        18
  _xPlasmaTaskHandle
                                  00018024         4   data ,g         2
  _xEmergenciaTaskHandle
                                  00018028         4   data ,g         2
  _xArcoOkSync
                                  0001802c         4   data ,g         6
  _THC_real
                                  00018030         4   data ,g         4
  _THC_err
                                  00018034         4   data ,g         6
  _THC_integral
                                  00018038         4   data ,g         0
FILE=.\src\states\ut_state_line_selection.obj
                                  0001803c  0001808b        50
  _lineNumEntry
                                  0001803c        50   data ,g         3
FILE=.\fsystem\ff.obj
                                  0001808c  0001808f         4
  _FatFs
                                  0001808c         4   data ,l         4
FILE=.\src\states\config_menu_ox.obj
                                  00018090  0001816b        dc
  _configsOx
                                  00018090        dc   data ,g         d
FILE=.\src\states\config_menu_pl.obj
                                  0001816c  00018247        dc
  _configsPl
                                  0001816c        dc   data ,g         d
FILE=.\src\states\state_functions.obj
                                  00018248  0001825b        14
  _lineEntries
                                  00018248         8   data ,g         6
  _LinePositionEntries
                                  00018250         8   data ,g         4
  _pstrLinhas
                                  00018258         4   data ,g         3
FILE=.\src\states\ut_state_config_jog.obj
                                  0001825c  000182b3        58
  _configs_jog
                                  0001825c        58   data ,g         f
FILE=.\r_spi_flash\src\r_spi_flash.obj
                                  000182b4  000182bb         8
  _spiflash_setbaud
                                  000182b4         4   data ,g         0
  _spiflash_result
                                  000182b8         4   data ,g         0
FILE=.\r_flash_loader_rx\src\r_fl_downloader.obj
                                  000182bc  0001871b       460
  _media
                                  000182bc       234   data ,g         0
  _file
                                  000184f0       224   data ,g         0
  _g_app_header
                                  00018714         4   data ,g         2
  _g_pfl_cur_app_header
                                  00018718         4   data ,g         1
FILE=.\r_bsp\board\MT01\lowsrc.obj
                                  0001871c  0001876b        50
  __Files
                                  0001871c        50   data ,g         5
FILE=.\r_bsp\board\MT01\sbrk.obj
                                  0001876c  00018b6b       400
  _heap_area
                                  0001876c       400   data ,l         2
FILE=.\fsystem_spi\fsystem_spi.obj
                                  00018b6c  00018cf3       188
  _g_write_addr
                                  00018b6c         4   data ,l         6
  _g_read_addr
                                  00018b70         4   data ,l         2
  _g_fs_header
                                  00018b74       150   data ,g         f
  _g_fs_header_format
                                  00018cc4        30   data ,g         a
FILE=.\src\cnc\xio\xio_SPIFFS.obj
                                  00018cf4  00018d5b        68
  _uspiffs
                                  00018cf4        68   data ,g        11
FILE=.\spiffs\spiffs_hw.obj
                                  00018d5c  00018d67         c
  _cfg
                                  00018d5c         c   data ,l         6
FILE=.\src\states\config_maquina.obj
                                  00018d68  00018e17        b0
  _configsMaq
                                  00018d68        b0   data ,g         f
FILE=.\src\states\config_par_maquina.obj
                                  00018e18  00019027       210
  _configsParMaq
                                  00018e18       210   data ,g         f
FILE=.\src\states\config_thc_maquina.obj
                                  00019028  0001907f        58
  _configsTh
                                  00019028        58   data ,g         f
FILE=.\r_lvd_rx\src\r_lvd_rx.obj
                                  00019080  00019087         8
  _g_lvd_ch1_cb_args
                                  00019080         4   data ,g         0
  _g_lvd_ch2_cb_args
                                  00019084         4   data ,g         0
FILE=.\src\cnc\cycle_waiting_switch.obj
                                  00019088  0001908f         8
  _ws
                                  00019088         8   data ,l         3
FILE=.\src\states\ut_state_maq_model.obj
                                  00019090  00019113        84
  _configs_model
                                  00019090        84   data ,g         4
FILE=_errno
                                  00019114  00019117         4
  __errno
                                  00019114         4   data ,g        15

SECTION=R
FILE=.\r_usb_basic\src\driver\host\r_usb_hmanager.obj
                                  00019118  00019137        20
  _usb_ghstd_EnumarationProcess
                                  00019118        20   data ,g         8
FILE=.\r_tfat_driver_rx\src\r_tfat_drv_if.obj
                                  00019138  0001913b         4
  _TFAT_DRIVE_USB_ALLOC
                                  00019138         4   data ,l         3
FILE=.\FreeRTOS\Source\tasks.obj
                                  0001913c  0001916b        30
  _pxCurrentTCB
                                  0001913c         4   data ,g        54
  _uxTasksDeleted
                                  00019140         4   data ,l         3
  _uxCurrentNumberOfTasks
                                  00019144         4   data ,l         7
  _xTickCount
                                  00019148         4   data ,l         f
  _uxTopReadyPriority
                                  0001914c         4   data ,l        1e
  _xSchedulerRunning
                                  00019150         4   data ,l         a
  _uxPendedTicks
                                  00019154         4   data ,l         5
  _xYieldPending
                                  00019158         4   data ,l         9
  _xNumOfOverflows
                                  0001915c         4   data ,l         3
  _uxTaskNumber
                                  00019160         4   data ,l         3
  _xNextTaskUnblockTime
                                  00019164         4   data ,l         7
  _uxSchedulerSuspended
                                  00019168         4   data ,l        11
FILE=.\FreeRTOS\Source\timers.obj
                                  0001916c  00019173         8
  _xTimerQueue
                                  0001916c         4   data ,l         c
  _xLastTime$1
                                  00019170         4   data ,l         2
FILE=.\FreeRTOS\Source\portable\Renesas\RX600\port.obj
                                  00019174  00019177         4
  _p_vSoftwareInterruptEntry
                                  00019174         4   data ,g         0
FILE=.\FreeRTOS\Source\portable\MemMang\heap_4.obj
                                  00019178  00019187        10
  _pxEnd
                                  00019178         4   data ,l         8
  _xFreeBytesRemaining
                                  0001917c         4   data ,l         7
  _xMinimumEverFreeBytesRemaining
                                  00019180         4   data ,l         4
  _xBlockAllocatedBit
                                  00019184         4   data ,l         6
FILE=.\src\Display\u8g_dev_st7920_128x64.obj
                                  00019188  00019223        9c
  _u8g_dev_st7920_128x64_sw_spi_pb
                                  00019188         c   data ,g         1
  _u8g_dev_st7920_128x64_sw_spi
                                  00019194         c   data ,g         0
  _u8g_dev_st7920_128x64_hw_spi_pb
                                  000191a0         c   data ,g         1
  _u8g_dev_st7920_128x64_hw_spi
                                  000191ac         c   data ,g         1
  _u8g_dev_st7920_128x64_8bit_pb
                                  000191b8         c   data ,g         1
  _u8g_dev_st7920_128x64_8bit
                                  000191c4         c   data ,g         0
  _u8g_dev_st7920_128x64_custom_pb
                                  000191d0         c   data ,g         1
  _u8g_dev_st7920_128x64_custom
                                  000191dc         c   data ,g         0
  _u8g_dev_st7920_128x64_4x_pb
                                  000191e8         c   data ,g         4
  _u8g_dev_st7920_128x64_4x_sw_spi
                                  000191f4         c   data ,g         0
  _u8g_dev_st7920_128x64_4x_hw_spi
                                  00019200         c   data ,g         0
  _u8g_dev_st7920_128x64_4x_8bit
                                  0001920c         c   data ,g         0
  _u8g_dev_st7920_128x64_4x_custom
                                  00019218         c   data ,g         0
FILE=.\src\Display\u8g_rot.obj
                                  00019224  0001922f         c
  _u8g_dev_rot
                                  00019224         c   data ,g         e
FILE=.\src\Display\u8g_scale.obj
                                  00019230  0001923b         c
  _u8g_dev_scale
                                  00019230         c   data ,g         6
FILE=.\src\Display\u8g_virtual_screen.obj
                                  0001923c  00019247         c
  _u8g_dev_vs
                                  0001923c         c   data ,g         2
FILE=.\r_rspi_rx\src\r_rspi_rx.obj
                                  00019248  000192af        68
  _g_rspi_channels
                                  00019248         8   data ,g        1c
  _g_rspi_tcb
                                  00019250        30   data ,l        1d
  _g_rspi_cb_data
                                  00019280        10   data ,l         6
  _g_ctrl_reg_values
                                  00019290        20   data ,l         3
FILE=.\src\cnc\controller.obj
                                  000192b0  000192b3         4
  _linebuffer$1
[...]
  _fminf
                                  fff535c3        3b   func ,g         6
FILE=hypotf
                                  fff535fe  fff5362b        2e
  _hypotl
                                  fff535fe         2   func ,g         0
  _hypot
                                  fff53600         2   func ,g         1
  _hypotf
                                  fff53602        2a   func ,g         5
FILE=roundf
                                  fff5362c  fff5366b        40
  _roundl
                                  fff5362c         2   func ,g         0
  _round
                                  fff5362e         2   func ,g         3
  _roundf
                                  fff53630        3c   func ,g         1
FILE=truncf
                                  fff5366c  fff5367f        14
  _truncl
                                  fff5366c         2   func ,g         0
  _trunc
                                  fff5366e         2   func ,g         3
  _truncf
                                  fff53670        10   func ,g         1
FILE=xfdclass
                                  fff53680  fff5368b         c
  __FDclass
                                  fff53680         c   func ,g         a
FILE=freopen
                                  fff5368c  fff536ba        2f
  _freopen
                                  fff5368c        2f   func ,g         3
FILE=fclose
                                  fff536bb  fff5370e        54
  _fclose
                                  fff536bb        54   func ,g         4
FILE=clearerr
                                  fff5370f  fff5371f        11
  _clearerr
                                  fff5370f        11   func ,g         1
FILE=fprintf
                                  fff53720  fff5375a        3b
  _prout
                                  fff53720        1d   func ,l         1
  _fprintf
                                  fff5373d        1e   func ,g        39
FILE=printf
                                  fff5375b  fff53799        3f
  _prout
                                  fff5375b        1d   func ,l         1
  _printf
                                  fff53778        22   func ,g         9
FILE=sprintf
                                  fff5379a  fff537d0        37
  _prout
                                  fff5379a         b   func ,l         1
  _sprintf
                                  fff537a5        2c   func ,g        33
FILE=strchr
                                  fff537d1  fff537e6        16
  _strchr
                                  fff537d1        16   func ,g         a
FILE=strtoul
                                  fff537e7  fff539d6       1f0
  _strtoul
                                  fff537e7       1f0   func ,g         1
FILE=snprintf
                                  fff539d7  fff53a36        60
  _prout
                                  fff539d7        25   func ,l         1
  _snprintf
                                  fff539fc        3b   func ,g         a
FILE=strtod
                                  fff53a37  fff53dba       384
  _strtod
                                  fff53a37       384   func ,g         1
FILE=xstof
                                  fff53dbb  fff53ec7       10d
  __Stofx
                                  fff53dbb       108   func ,g         1
  __Stof
                                  fff53ec3         5   func ,g         5
FILE=memcmp
                                  fff53ec8  fff53eea        23
  _memcmp
                                  fff53ec8        23   func ,g         7
FILE=strpbrk
                                  fff53eeb  fff53f0c        22
  _strpbrk
                                  fff53eeb        22   func ,g         2
FILE=strstr
                                  fff53f0d  fff53f3f        33
  _strstr
                                  fff53f0d        33   func ,g         1
FILE=xctype
                                  fff53f40  fff53f55        16
  __Getpctype
                                  fff53f40        16   func ,g         0
FILE=xtolotab
                                  fff53f56  fff53f6b        16
  __Getptolower
                                  fff53f56        16   func ,g         0
FILE=__COM_DIV64u
                                  fff53f6c  fff54004        99
  __COM_DIV64u
                                  fff53f6c         0   none ,g         3
  _Loop_Init
                                  fff53f76         0   none ,l         2
  _Loop
                                  fff53f7e         0   none ,l         1
  _DivStart
                                  fff53f8a         0   none ,l         3
  _Success
                                  fff53f98         0   none ,l         1
  _DivEnd
                                  fff53fa4         0   none ,l         0
  IXI6DIV
                                  fff53fa9         0   none ,l         1
  IXI4DIV
                                  fff53fbb         0   none ,l         1
  IXI2DIV
                                  fff53fcb         0   none ,l         1
  I8I2DIV
                                  fff53fd3         0   none ,l         1
  I4I2DIV
                                  fff54001         0   none ,l         1
  _i8divU_End
                                  fff54004         0   none ,l         0
FILE=__initsct
                                  fff54005  fff5404e        4a
  __INITSCT
                                  fff54005         0   none ,g         1
  loop1
                                  fff54017         0   none ,l         1
  next_loop1
                                  fff54025         0   none ,l         2
  loop3
                                  fff54037         0   none ,l         1
  next_loop3
                                  fff54048         0   none ,l         2
FILE=free
                                  fff5404f  fff540d1        83
  _free
                                  fff5404f        83   func ,g         5
FILE=malloc
                                  fff540d2  fff541af        de
  _findmem
                                  fff540d2        7b   func ,l         1
  _malloc
                                  fff5414d        63   func ,g         4
FILE=_i_atn2s
                                  fff541b0  fff541db        2c
  __in_atan2s
                                  fff541b0        2c   func ,g         1
FILE=_i_ceils
                                  fff541dc  fff54213        38
  __in_ceils
                                  fff541dc        38   func ,g         1
FILE=_i_flors
                                  fff54214  fff5424b        38
  __in_floors
                                  fff54214        38   func ,g         1
FILE=_in_pows
                                  fff5424c  fff54354       109
  __in_pows
                                  fff5424c       109   func ,g         1
FILE=sincosfsub
                                  fff54355  fff5443e        ea
  ___poly_sinf
                                  fff54355        31   func ,g         3
  ___poly_cosf
                                  fff54386        28   func ,g         3
  _poly_cosfn
                                  fff543ae         7   func ,l         1
  _poly_sinfn
                                  fff543b5         5   func ,l         1
  _sincosf_special
                                  fff543ba        33   func ,l         1
  ___internal_sincosf
                                  fff543ed        52   func ,g         4
FILE=xfdtest
                                  fff5443f  fff5447c        3e
  __FDtest
                                  fff5443f        3e   func ,g         5
FILE=xferaise
                                  fff5447d  fff544a6        2a
  __Feraise
                                  fff5447d        2a   func ,g         1
FILE=xfdint
                                  fff544a7  fff5452f        89
  __FDint
                                  fff544a7        89   func ,g         3
FILE=xfhypot
                                  fff54530  fff54682       153
  __FHypot
                                  fff54530       153   func ,g         1
FILE=fwrite
                                  fff54683  fff54755        d3
  _fwrite
                                  fff54683        d3   func ,g         2
FILE=fflush
                                  fff54756  fff547dd        88
  _fflush
                                  fff54756        88   func ,g         5
FILE=xfoprep
                                  fff547de  fff548b5        d8
  __Foprep
                                  fff547de        d8   func ,g         1
FILE=xfofind
                                  fff548b6  fff54942        8d
  __Fofind
                                  fff548b6        44   func ,g         0
  __Fofree
                                  fff548fa        49   func ,g         2
FILE=xprintf
                                  fff54943  fff54bae       26c
  __Printf
                                  fff54943       26c   func ,g         4
FILE=_strchek
                                  fff54baf  fff54bcc        1e
  __strchek
                                  fff54baf        1e   func ,g        14
FILE=_stf
                                  fff54bcd  fff54c21        55
  __stf
                                  fff54bcd        55   func ,g         1
FILE=xfdscale
                                  fff54c22  fff54d45       124
  __FDscale
                                  fff54c22       124   func ,g         8
FILE=xfdunsca
                                  fff54d46  fff54da0        5b
  __FDunscale
                                  fff54d46        5b   func ,g         5
FILE=xfdtento
                                  fff54da1  fff54e92        f2
  _dmul
                                  fff54da1        21   func ,l         4
  __FDtentox
                                  fff54dc2        d1   func ,g         1
FILE=xstoxflt
                                  fff54e93  fff550d6       244
  __Stoxflt
                                  fff54e93       244   func ,g         1
FILE=xstoflt
                                  fff550d7  fff552e7       211
  __Stoflt
                                  fff550d7       211   func ,g         1
FILE=xstopfx
                                  fff552e8  fff553f2       10b
  __Stopfx
                                  fff552e8       10b   func ,g         1
FILE=xgetmem
                                  fff553f3  fff5540d        1b
  __Getmem
                                  fff553f3        1b   func ,g         1
FILE=fmodf
                                  fff5540e  fff5543f        32
  _fmodl
                                  fff5540e         2   func ,g         0
  _fmod
                                  fff55410         2   func ,g         1
  _fmodf
                                  fff55412        2e   func ,g         2
FILE=_i_atans
                                  fff55440  fff555b1       172
  __in_atans
                                  fff55440       172   func ,g         1
FILE=_i_ldes
                                  fff555b2  fff55631        80
  __in_ldexps
                                  fff555b2        80   func ,g         4
FILE=_in_exps
                                  fff55632  fff5572c        fb
  __in_exps
                                  fff55632        fb   func ,g         2
FILE=_in_logs
                                  fff5572d  fff557f5        c9
  __in_logs
                                  fff5572d        c9   func ,g         2
FILE=nanfval
                                  fff557f6  fff557fc         7
  ___nanf_value
                                  fff557f6         7   func ,g         1
FILE=xfwprep
                                  fff557fd  fff55895        99
  __Fwprep
                                  fff557fd        99   func ,g         1
FILE=xputfld
                                  fff55896  fff55d2e       499
  __Putfld
                                  fff55896       499   func ,g         1
FILE=xfopen
                                  fff55d2f  fff55d5e        30
  __Fopen
                                  fff55d2f        30   func ,g         1
FILE=xvacopy
                                  fff55d5f  fff55d66         8
  __Vacopy
                                  fff55d5f         8   func ,g         2
FILE=xputtxt
                                  fff55d67  fff5604b       2e5
  __Puttxt
                                  fff55d67       2e5   func ,g         3
FILE=_calcfpo
                                  fff5604c  fff561b7       16c
  __calcfpow
                                  fff5604c       16c   func ,g         1
FILE=_calcint
                                  fff561b8  fff56223        6c
  __calcint
                                  fff561b8        6c   func ,g         1
FILE=localeco
                                  fff56224  fff5622a         7
  _localeconv
                                  fff56224         7   func ,g         3
FILE=xfdnorm
                                  fff5622b  fff562aa        80
  __FDnorm
                                  fff5622b        80   func ,g         2
FILE=feraiseexcept
                                  fff562ab  fff562d5        2b
  _feraiseexcept
                                  fff562ab        2b   func ,g         1
FILE=_a_atans
                                  fff562d6  fff562fa        25
  __app_atans
                                  fff562d6        25   func ,g         4
FILE=_i_fmds
                                  fff562fb  fff563d4        da
  __in_fmods
                                  fff562fb        da   func ,g         2
FILE=xldtob
                                  fff563d5  fff5680c       438
  __Ldtob
                                  fff563d5       438   func ,g         1
FILE=xputstr
                                  fff5680d  fff568ec        e0
  __Putstr
                                  fff5680d        e0   func ,g         1
FILE=xlitob
                                  fff568ed  fff56a04       118
  __Litob
                                  fff568ed       118   func ,g         1
FILE=_setsbit
                                  fff56a05  fff56a62        5e
  __setsbit
                                  fff56a05        5e   func ,g         2
FILE=_div64
                                  fff56a63  fff56b90       12e
  __div64
                                  fff56a63       12e   func ,g         1
FILE=_mult64
                                  fff56b91  fff56bde        4e
  __mult64
                                  fff56b91        4e   func ,g         3
FILE=_add
                                  fff56bdf  fff56c11        33
  __add
                                  fff56bdf        33   func ,g         3
FILE=_lsft
                                  fff56c12  fff56c49        38
  __lsft
                                  fff56c12        38   func ,g         6
FILE=_lsfts
                                  fff56c4a  fff56c9c        53
  __lsfts
                                  fff56c4a        53   func ,g         3
FILE=_packf
                                  fff56c9d  fff56cc9        2d
  __packf
                                  fff56c9d        2d   func ,g         1
FILE=_rnd
                                  fff56cca  fff56d5c        93
  __rnd
                                  fff56cca        93   func ,g         3
FILE=_power
                                  fff56d5d  fff56e46        ea
  __power
                                  fff56d5d        ea   func ,g         2
FILE=fegetenv
                                  fff56e47  fff56e50         a
  _fegetenv
                                  fff56e47         a   func ,g         1
FILE=fesetenv
                                  fff56e51  fff56e76        26
  __Force_raise
                                  fff56e51        1e   func ,g         0
  _fesetenv
                                  fff56e6f         8   func ,g         1
FILE=xgenld
                                  fff56e77  fff5712b       2b5
  __Genld
                                  fff56e77       2b5   func ,g         1
FILE=_mult
                                  fff5712c  fff571c3        98
  __mult
                                  fff5712c        98   func ,g         1
FILE=_mvito4b
                                  fff571c4  fff571d7        14
  __mvito4b
                                  fff571c4        14   func ,g         1
FILE=_rsft
                                  fff571d8  fff57205        2e
  __rsft
                                  fff571d8        2e   func ,g         1
FILE=_pow10
                                  fff57206  fff5726e        69
  __pow10
                                  fff57206        69   func ,g         1
FILE=_sub
                                  fff5726f  fff572c2        54
  __sub
                                  fff5726f        54   func ,g         1
FILE=xwctomb
                                  fff572c3  fff57425       163
  __Wctombx
                                  fff572c3       11d   func ,g         1
  __Wctomb
                                  fff573e0        46   func ,g         1
FILE=xstate
                                  fff57426  fff57457        32
  __Getmbcurmax
                                  fff57426        16   func ,g         2
  __Getpmbstate
                                  fff5743c        1c   func ,g         0
FILE=xldscale
                                  fff57458  fff5745b         4
  __LDscale
                                  fff57458         4   func ,g         1
FILE=xldunsca
                                  fff5745c  fff5745f         4
  __LDunscale
                                  fff5745c         4   func ,g         1
FILE=__COM_MOD64u
                                  fff57460  fff574e6        87
  __COM_MOD64u
                                  fff57460         0   none ,g         1
  _Loop_Init
                                  fff5746a         0   none ,l         2
  _Loop
                                  fff5746e         0   none ,l         1
  _DivStart
                                  fff5747a         0   none ,l         3
  _Success
                                  fff57488         0   none ,l         1
  _DivEnd
                                  fff57490         0   none ,l         0
  IXI6DIV
                                  fff57491         0   none ,l         1
  IXI4DIV
                                  fff574a3         0   none ,l         1
  IXI2DIV
                                  fff574b3         0   none ,l         1
  I8I2DIV
                                  fff574bb         0   none ,l         1
  I4I2DIV
                                  fff574db         0   none ,l         1
FILE=_div
                                  fff574e7  fff574f2         c
  _ldiv
                                  fff574e7         0   none ,g         1
  _div
                                  fff574e7         0   none ,g         1
FILE=_pow5
                                  fff574f3  fff57503        11
  __pow5
                                  fff574f3        11   func ,g         1
FILE=_mvsto2b
                                  fff57504  fff57516        13
  __mvsto2b
                                  fff57504        13   func ,g         1
FILE=xwcstate
                                  fff57517  fff57532        1c
  __Getpwcstate
                                  fff57517        1c   func ,g         0

SECTION=APPHEADER_1
FILE=.\r_flash_loader_rx\src\r_fl_app_header.obj
                                  fffffe00  fffffe06         7
  _g_fl_cur_app_header
                                  fffffe00         7   data ,g         0

SECTION=FIXEDVECT
FILE=.\r_bsp\board\MT01\vecttbl.obj
                                  ffffff80  ffffffff        80
  _Fixed_Vectors
                                  ffffff80        80   data ,g         0

*** Unfilled Areas ***

AREA                                START    END

*** Delete Symbols ***

SYMBOL                                SIZE    INFO
