* RX FAMILY ASSEMBLER V2.03.00.01 [24 Oct 2014] *  SOURCE LIST  Tue Mar 14 14:02:50 2017

LOC.     OBJ.              0XMDA SOURCE STATEMENT

                                 ;RX Family C/C++ Compiler (V2.03.00.03 [04 Dec 2014])  14-Mar-2017 14:02:49
                                 
                                 ;*** CPU TYPE ***
                                 
                                 ;-ISA=RXV1
                                 
                                 ;*** COMMAND PARAMETER ***
                                 
                                 ;-output=src=u8g_pb8h1f.src
                                 ;-lang=c99
                                 ;-include=C:\PROGRA~2\Renesas\RX\2_3_0/include,C:\Workspace\e2studio\git\MT01_master\r_lvd_rx,C:\Workspace\e2studio\git\MT01_master\r_lvd_rx\src,C:/Workspace/e2studio/
                                 ;-debug
                                 ;-show=source,conditionals,definitions,expansions
                                 ;-listfile=u8g_pb8h1f.lst
                                 ;-isa=rxv1
                                 ;-optimize=0
                                 ;-fpu
                                 ;-alias=noansi
                                 ;-nologo
                                 ;-nomessage
                                 ;-define=__RX,COMPACTAXP=0,EASYMAK=1,MOBILE=0,FREE_RTOS_PP
                                 ;u8g_pb8h1f.c
                                 
                                 		.glb	_u8g_pb8h1f_Init
                                 		.glb	_u8g_pb_Clear
                                 		.glb	_u8g_pb8h1f_set_pixel
                                 		.glb	_u8g_pb8h1f_SetPixel
                                 		.glb	_u8g_pb8h1f_Set8PixelStd
                                 		.glb	_u8g_pb8h1f_Set8PixelOpt2
                                 		.glb	_u8g_dev_pb8h1f_base_fn
                                 		.glb	_u8g_pb_Is8PixelVisible
                                 		.glb	_u8g_page_First
                                 		.glb	_u8g_page_Next
                                 		.glb	_u8g_pb_GetPageBox
                                 ;LineNo. C-SOURCE STATEMENT
                                 
                                 		.SECTION	P,CODE
00000000                         _u8g_pb8h1f_Init:
                                 		.STACK	_u8g_pb8h1f_Init=16
                                 ;       1 /*
                                 ;       2 
                                 ;       3   u8g_pb8h1f.c
                                 ;       4   
                                 ;       5   8bit height monochrom (1 bit) page buffer
                                 ;       6   byte has horizontal orientation, same as u8g_pb8h1, but byte is flipped 
                                 ;       7 
                                 ;       8   Universal 8bit Graphics Library
                                 ;       9   
                                 ;      10   Copyright (c) 2011, olikraus@gmail.com
                                 ;      11   All rights reserved.
                                 ;      12 
                                 ;      13   Redistribution and use in source and binary forms, with or without modification, 
                                 ;      14   are permitted provided that the following conditions are met:
                                 ;      15 
                                 ;      16   * Redistributions of source code must retain the above copyright notice, this list 
                                 ;      17     of conditions and the following disclaimer.
                                 ;      18     
                                 ;      19   * Redistributions in binary form must reproduce the above copyright notice, this 
                                 ;      20     list of conditions and the following disclaimer in the documentation and/or other 
                                 ;      21     materials provided with the distribution.
                                 ;      22 
                                 ;      23   THIS SOFTWARE IS PROVIDED BY THE COPYRIGHT HOLDERS AND 
                                 ;      24   CONTRIBUTORS "AS IS" AND ANY EXPRESS OR IMPLIED WARRANTIES, 
                                 ;      25   INCLUDING, BUT NOT LIMITED TO, THE IMPLIED WARRANTIES OF 
                                 ;      26   MERCHANTABILITY AND FITNESS FOR A PARTICULAR PURPOSE ARE 
                                 ;      27   DISCLAIMED. IN NO EVENT SHALL THE COPYRIGHT HOLDER OR 
                                 ;      28   CONTRIBUTORS BE LIABLE FOR ANY DIRECT, INDIRECT, INCIDENTAL, 
                                 ;      29   SPECIAL, EXEMPLARY, OR CONSEQUENTIAL DAMAGES (INCLUDING, BUT 
                                 ;      30   NOT LIMITED TO, PROCUREMENT OF SUBSTITUTE GOODS OR SERVICES; 
                                 ;      31   LOSS OF USE, DATA, OR PROFITS; OR BUSINESS INTERRUPTION) HOWEVER 
                                 ;      32   CAUSED AND ON ANY THEORY OF LIABILITY, WHETHER IN CONTRACT, 
                                 ;      33   STRICT LIABILITY, OR TORT (INCLUDING NEGLIGENCE OR OTHERWISE) 
                                 ;      34   ARISING IN ANY WAY OUT OF THE USE OF THIS SOFTWARE, EVEN IF 
                                 ;      35   ADVISED OF THE POSSIBILITY OF SUCH DAMAGE.  
                                 ;      36 
                                 ;      37 
                                 ;      38   total buffer size is limited to 256 bytes because of the calculation inside the set pixel procedure
                                 ;      39 
                                 ;      40 
                                 ;      41 */
                                 ;      42 
                                 ;      43 #include "u8g.h"
                                 ;      44 #include <string.h>
                                 ;      45 
                                 ;      46 
                                 ;      47 void u8g_pb8h1f_Init(u8g_pb_t *b, void *buf, u8g_uint_t width) U8G_NOINLINE;
                                 ;      48 void u8g_pb8h1f_set_pixel(u8g_pb_t *b, u8g_uint_t x, u8g_uint_t y, uint8_t color_index) U8G_NOINLINE;
                                 ;      49 void u8g_pb8h1f_SetPixel(u8g_pb_t *b, const u8g_dev_arg_pixel_t * const arg_pixel) U8G_NOINLINE ;
                                 ;      50 void u8g_pb8h1f_Set8PixelStd(u8g_pb_t *b, u8g_dev_arg_pixel_t *arg_pixel) U8G_NOINLINE;
                                 ;      51 uint8_t u8g_dev_pb8h1f_base_fn(u8g_t *u8g, u8g_dev_t *dev, uint8_t msg, void *arg);
                                 ;      52 
                                 ;      53 
                                 ;      54 void u8g_pb8h1f_Init(u8g_pb_t *b, void *buf, u8g_uint_t width)
                                 		.LINE  "C:\Workspace\e2studio\git\MT01_master\src\Display\u8g_pb8h1f.c",54
00000000 60C0                    		SUB #0CH, R0
00000002 A081                    		MOV.L R1, 08H[R0]
00000004 A00A                    		MOV.L R2, 04H[R0]
00000006 808B                    		MOV.B R3, 03H[R0]
                                 ;      55 {
                                 ;      56   b->buf = buf;
                                 		.LINE  "C:\Workspace\e2studio\git\MT01_master\src\Display\u8g_pb8h1f.c",56
00000008 A809                    		MOV.L 04H[R0], R1
0000000A A882                    		MOV.L 08H[R0], R2
0000000C A0A1                    		MOV.L R1, 08H[R2]
0000000E                         L11:	; entry.split
                                 ;      57   b->width = width;
                                 		.LINE  "C:\Workspace\e2studio\git\MT01_master\src\Display\u8g_pb8h1f.c",57
0000000E B089                    		MOVU.B 03H[R0], R1
00000010 A882                    		MOV.L 08H[R0], R2
00000012 8129                    		MOV.B R1, 05H[R2]
00000014                         L12:	; entry.split1
                                 ;      58   u8g_pb_Clear(b);
                                 		.LINE  "C:\Workspace\e2studio\git\MT01_master\src\Display\u8g_pb8h1f.c",58
00000014 A881                    		MOV.L 08H[R0], R1
00000016 05rrrrrr             A  		BSR _u8g_pb_Clear
0000001A 6703                    		RTSD #0CH
0000001C                         _u8g_pb8h1f_set_pixel:
                                 		.STACK	_u8g_pb8h1f_set_pixel=20
                                 ;      59 }
                                 ;      60 
                                 ;      61 /* limitation: total buffer must not exceed 256 bytes, 20 nov 2012: extended to >256 bytes */
                                 ;      62 void u8g_pb8h1f_set_pixel(u8g_pb_t *b, u8g_uint_t x, u8g_uint_t y, uint8_t color_index)
                                 		.LINE  "C:\Workspace\e2studio\git\MT01_master\src\Display\u8g_pb8h1f.c",62
0000001C 7100F0                  		ADD #0FFFFFFF0H, R0
0000001F A089                    		MOV.L R1, 0CH[R0]
00000021 828A                    		MOV.B R2, 0BH[R0]
00000023 8283                    		MOV.B R3, 0AH[R0]
00000025 820C                    		MOV.B R4, 09H[R0]
                                 ;      63 {
                                 ;      64   /*register uint8_t mask, tmp;*/
                                 ;      65   register uint8_t mask; 
                                 ;      66   register u8g_uint_t tmp;
                                 ;      67   uint8_t *ptr = b->buf;
                                 		.LINE  "C:\Workspace\e2studio\git\MT01_master\src\Display\u8g_pb8h1f.c",67
00000027 A889                    		MOV.L 0CH[R0], R1
00000029 E5100201                		MOV.L 08H[R1], 04H[R0]
0000002D                         L14:	; entry.split
                                 ;      68   
                                 ;      69   y -= b->p.page_y0;
                                 		.LINE  "C:\Workspace\e2studio\git\MT01_master\src\Display\u8g_pb8h1f.c",69
0000002D B281                    		MOVU.B 0AH[R0], R1
0000002F A88A                    		MOV.L 0CH[R0], R2
00000031 412102                  		SUB 02H[R2].UB, R1
00000034 8281                    		MOV.B R1, 0AH[R0]
00000036                         L15:	; entry.split1
                                 ;      70   tmp = b->width >> 3;
                                 		.LINE  "C:\Workspace\e2studio\git\MT01_master\src\Display\u8g_pb8h1f.c",70
00000036 A889                    		MOV.L 0CH[R0], R1
00000038 B119                    		MOVU.B 05H[R1], R1
0000003A 6831                    		SHLR #03H, R1
0000003C 8089                    		MOV.B R1, 03H[R0]
0000003E                         L16:	; entry.split2
                                 ;      71   tmp *= (uint8_t)y;
                                 		.LINE  "C:\Workspace\e2studio\git\MT01_master\src\Display\u8g_pb8h1f.c",71
0000003E B089                    		MOVU.B 03H[R0], R1
00000040 4D010A                  		MUL 0AH[R0].UB, R1
00000043 8089                    		MOV.B R1, 03H[R0]
00000045                         L17:	; entry.split3
                                 ;      72   ptr += tmp;
                                 		.LINE  "C:\Workspace\e2studio\git\MT01_master\src\Display\u8g_pb8h1f.c",72
00000045 A809                    		MOV.L 04H[R0], R1
00000047 490103                  		ADD 03H[R0].UB, R1
0000004A A009                    		MOV.L R1, 04H[R0]
0000004C                         L18:	; entry.split4
                                 ;      73   
                                 ;      74   mask = 1;
                                 		.LINE  "C:\Workspace\e2studio\git\MT01_master\src\Display\u8g_pb8h1f.c",74
0000004C 3C0201                  		MOV.B #01H, 02H[R0]
0000004F                         L19:	; entry.split5
                                 ;      75   mask <<= x & 7;
                                 		.LINE  "C:\Workspace\e2studio\git\MT01_master\src\Display\u8g_pb8h1f.c",75
0000004F B289                    		MOVU.B 0BH[R0], R1
00000051 6471                    		AND #07H, R1
00000053 B082                    		MOVU.B 02H[R0], R2
00000055 FD6212                  		SHLL R1, R2
00000058 8082                    		MOV.B R2, 02H[R0]
0000005A                         L20:	; entry.split6
                                 ;      76   x >>= 3;
                                 		.LINE  "C:\Workspace\e2studio\git\MT01_master\src\Display\u8g_pb8h1f.c",76
0000005A B289                    		MOVU.B 0BH[R0], R1
0000005C 6831                    		SHLR #03H, R1
0000005E 8289                    		MOV.B R1, 0BH[R0]
00000060                         L21:	; entry.split7
                                 ;      77   ptr += x;
                                 		.LINE  "C:\Workspace\e2studio\git\MT01_master\src\Display\u8g_pb8h1f.c",77
00000060 A809                    		MOV.L 04H[R0], R1
00000062 49010B                  		ADD 0BH[R0].UB, R1
00000065 A009                    		MOV.L R1, 04H[R0]
00000067                         L22:	; entry.split8
                                 ;      78   if ( color_index )
                                 		.LINE  "C:\Workspace\e2studio\git\MT01_master\src\Display\u8g_pb8h1f.c",78
00000067 B209                    		MOVU.B 09H[R0], R1
00000069 6101                    		CMP #00H, R1
0000006B 20rr                    		BEQ L24
0000006D                         L23:	; bb51
                                 ;      79   {
                                 ;      80     *ptr |= mask;
                                 		.LINE  "C:\Workspace\e2studio\git\MT01_master\src\Display\u8g_pb8h1f.c",80
0000006D A809                    		MOV.L 04H[R0], R1
0000006F 581E                    		MOVU.B [R1], R14
00000071 550E02                  		OR 02H[R0].UB, R14
00000074 C31E                    		MOV.B R14, [R1]
00000076 6704                    		RTSD #10H
00000078                         L24:	; bb59
                                 ;      81   }
                                 ;      82   else
                                 ;      83   {
                                 ;      84     mask ^=0xff;
                                 		.LINE  "C:\Workspace\e2studio\git\MT01_master\src\Display\u8g_pb8h1f.c",84
00000078 B081                    		MOVU.B 02H[R0], R1
0000007A 7E01                    		NOT R1
0000007C 8081                    		MOV.B R1, 02H[R0]
0000007E                         L25:	; bb59.split
                                 ;      85     *ptr &= mask;
                                 		.LINE  "C:\Workspace\e2studio\git\MT01_master\src\Display\u8g_pb8h1f.c",85
0000007E A809                    		MOV.L 04H[R0], R1
00000080 581E                    		MOVU.B [R1], R14
00000082 510E02                  		AND 02H[R0].UB, R14
00000085 C31E                    		MOV.B R14, [R1]
00000087 6704                    		RTSD #10H
00000089                         _u8g_pb8h1f_SetPixel:
                                 		.STACK	_u8g_pb8h1f_SetPixel=12
                                 ;      86   }
                                 ;      87 }
                                 ;      88 
                                 ;      89 
                                 ;      90 void u8g_pb8h1f_SetPixel(u8g_pb_t *b, const u8g_dev_arg_pixel_t * const arg_pixel)
                                 		.LINE  "C:\Workspace\e2studio\git\MT01_master\src\Display\u8g_pb8h1f.c",90
00000089 6080                    		SUB #08H, R0
0000008B A009                    		MOV.L R1, 04H[R0]
0000008D E302                    		MOV.L R2, [R0]
                                 ;      91 {
                                 ;      92   if ( arg_pixel->y < b->p.page_y0 )
                                 		.LINE  "C:\Workspace\e2studio\git\MT01_master\src\Display\u8g_pb8h1f.c",92
0000008F A809                    		MOV.L 04H[R0], R1
00000091 B02A                    		MOVU.B 01H[R2], R2
00000093 451202                  		CMP 02H[R1].UB, R2
00000096 29rr                    		BLT L30
00000098                         L27:	; bb16
                                 ;      93     return;
                                 ;      94   if ( arg_pixel->y > b->p.page_y1 )
                                 		.LINE  "C:\Workspace\e2studio\git\MT01_master\src\Display\u8g_pb8h1f.c",94
00000098 EC01                    		MOV.L [R0], R1
0000009A B019                    		MOVU.B 01H[R1], R1
0000009C A80A                    		MOV.L 04H[R0], R2
0000009E 452103                  		CMP 03H[R2].UB, R1
000000A1 2Arr                    		BGT L30
000000A3                         L28:	; bb32
                                 ;      95     return;
                                 ;      96   if ( arg_pixel->x >= b->width )
                                 		.LINE  "C:\Workspace\e2studio\git\MT01_master\src\Display\u8g_pb8h1f.c",96
000000A3 EC01                    		MOV.L [R0], R1
000000A5 581E                    		MOVU.B [R1], R14
000000A7 A809                    		MOV.L 04H[R0], R1
000000A9 451E05                  		CMP 05H[R1].UB, R14
000000AC 28rr                    		BGE L30
000000AE                         L29:	; bb46
                                 ;      97     return;
                                 ;      98   u8g_pb8h1f_set_pixel(b, arg_pixel->x, arg_pixel->y, arg_pixel->color);
                                 		.LINE  "C:\Workspace\e2studio\git\MT01_master\src\Display\u8g_pb8h1f.c",98
000000AE EC01                    		MOV.L [R0], R1
000000B0 B114                    		MOVU.B 04H[R1], R4
000000B2 B01B                    		MOVU.B 01H[R1], R3
000000B4 5812                    		MOVU.B [R1], R2
000000B6 A809                    		MOV.L 04H[R0], R1
000000B8 39rrrr               W  		BSR _u8g_pb8h1f_set_pixel
000000BB 6702                    		RTSD #08H
000000BD                         L30:	; return
                                 ;      99 }
                                 		.LINE  "C:\Workspace\e2studio\git\MT01_master\src\Display\u8g_pb8h1f.c",99
000000BD 6702                    		RTSD #08H
000000BF                         _u8g_pb8h1f_Set8PixelStd:
                                 		.STACK	_u8g_pb8h1f_Set8PixelStd=16
                                 ;     100 
                                 ;     101 void u8g_pb8h1f_Set8PixelStd(u8g_pb_t *b, u8g_dev_arg_pixel_t *arg_pixel)
                                 		.LINE  "C:\Workspace\e2studio\git\MT01_master\src\Display\u8g_pb8h1f.c",101
000000BF 60C0                    		SUB #0CH, R0
000000C1 A081                    		MOV.L R1, 08H[R0]
000000C3 A00A                    		MOV.L R2, 04H[R0]
                                 ;     102 {
                                 ;     103   register uint8_t pixel = arg_pixel->pixel;
                                 		.LINE  "C:\Workspace\e2studio\git\MT01_master\src\Display\u8g_pb8h1f.c",103
000000C5 C5200203                		MOV.B 02H[R2], 03H[R0]
000000C9                         L32:	; bb6
                                 ;     104   do
                                 ;     105   {
                                 ;     106     if ( pixel & 128 )
                                 		.LINE  "C:\Workspace\e2studio\git\MT01_master\src\Display\u8g_pb8h1f.c",106
000000C9 F50703                  		BTST #07H, 03H[R0].B
000000CC 10                   S  		BEQ L34
000000CD                         L33:	; bb7
                                 ;     107     {
                                 ;     108       u8g_pb8h1f_SetPixel(b, arg_pixel);
                                 		.LINE  "C:\Workspace\e2studio\git\MT01_master\src\Display\u8g_pb8h1f.c",108
000000CD A80A                    		MOV.L 04H[R0], R2
000000CF A881                    		MOV.L 08H[R0], R1
000000D1 39rrrr               W  		BSR _u8g_pb8h1f_SetPixel
000000D4                         L34:	; bb15
                                 ;     109     }
                                 ;     110     switch( arg_pixel->dir )
                                 		.LINE  "C:\Workspace\e2studio\git\MT01_master\src\Display\u8g_pb8h1f.c",110
000000D4 A809                    		MOV.L 04H[R0], R1
000000D6 B099                    		MOVU.B 03H[R1], R1
000000D8 6131                    		CMP #03H, R1
000000DA 20rr                    		BEQ L41
000000DC                         L35:	; bb15
000000DC 6111                    		CMP #01H, R1
000000DE 20rr                    		BEQ L39
000000E0                         L36:	; bb15
000000E0 6121                    		CMP #02H, R1
000000E2 20rr                    		BEQ L40
000000E4                         L37:	; bb15
000000E4 6101                    		CMP #00H, R1
000000E6 21rr                    		BNE L42
000000E8                         L38:	; bb20
                                 ;     111     {
                                 ;     112       case 0: arg_pixel->x++; break;
                                 		.LINE  "C:\Workspace\e2studio\git\MT01_master\src\Display\u8g_pb8h1f.c",112
000000E8 A809                    		MOV.L 04H[R0], R1
000000EA 581E                    		MOVU.B [R1], R14
000000EC 621E                    		ADD #01H, R14
000000EE C31E                    		MOV.B R14, [R1]
000000F0 2Err                 B  		BRA L42
000000F2                         L39:	; bb25
                                 ;     113       case 1: arg_pixel->y++; break;
                                 		.LINE  "C:\Workspace\e2studio\git\MT01_master\src\Display\u8g_pb8h1f.c",113
000000F2 A809                    		MOV.L 04H[R0], R1
000000F4 B01A                    		MOVU.B 01H[R1], R2
000000F6 6212                    		ADD #01H, R2
000000F8 801A                    		MOV.B R2, 01H[R1]
000000FA 2Err                 B  		BRA L42
000000FC                         L40:	; bb30
                                 ;     114       case 2: arg_pixel->x--; break;
                                 		.LINE  "C:\Workspace\e2studio\git\MT01_master\src\Display\u8g_pb8h1f.c",114
000000FC A809                    		MOV.L 04H[R0], R1
000000FE 581E                    		MOVU.B [R1], R14
00000100 601E                    		SUB #01H, R14
00000102 C31E                    		MOV.B R14, [R1]
00000104 08                   S  		BRA L42
00000105                         L41:	; bb35
                                 ;     115       case 3: arg_pixel->y--; break;
                                 		.LINE  "C:\Workspace\e2studio\git\MT01_master\src\Display\u8g_pb8h1f.c",115
00000105 A809                    		MOV.L 04H[R0], R1
00000107 B01A                    		MOVU.B 01H[R1], R2
00000109 6012                    		SUB #01H, R2
0000010B 801A                    		MOV.B R2, 01H[R1]
0000010D                         L42:	; bb40
                                 ;     116     }
                                 ;     117     pixel <<= 1;
                                 		.LINE  "C:\Workspace\e2studio\git\MT01_master\src\Display\u8g_pb8h1f.c",117
0000010D B089                    		MOVU.B 03H[R0], R1
0000010F 6C11                    		SHLL #01H, R1
00000111 8089                    		MOV.B R1, 03H[R0]
00000113                         L43:	; bb40.split
                                 		.LINE  "C:\Workspace\e2studio\git\MT01_master\src\Display\u8g_pb8h1f.c",104
00000113 B089                    		MOVU.B 03H[R0], R1
00000115 6101                    		CMP #00H, R1
00000117 21rr                    		BNE L32
00000119                         L44:	; return
                                 ;     118   } while( pixel != 0  );
                                 ;     119 }
                                 		.LINE  "C:\Workspace\e2studio\git\MT01_master\src\Display\u8g_pb8h1f.c",119
00000119 6703                    		RTSD #0CH
0000011B                         _u8g_pb8h1f_Set8PixelOpt2:
                                 		.STACK	_u8g_pb8h1f_Set8PixelOpt2=16
                                 ;     120 
                                 ;     121 void u8g_pb8h1f_Set8PixelOpt2(u8g_pb_t *b, u8g_dev_arg_pixel_t *arg_pixel)
                                 		.LINE  "C:\Workspace\e2studio\git\MT01_master\src\Display\u8g_pb8h1f.c",121
0000011B 60C0                    		SUB #0CH, R0
0000011D A081                    		MOV.L R1, 08H[R0]
0000011F A00A                    		MOV.L R2, 04H[R0]
                                 ;     122 {
                                 ;     123   register uint8_t pixel = arg_pixel->pixel;
                                 		.LINE  "C:\Workspace\e2studio\git\MT01_master\src\Display\u8g_pb8h1f.c",123
00000121 C5200201                		MOV.B 02H[R2], 01H[R0]
00000125                         L46:	; entry.split
                                 ;     124   u8g_uint_t dx = 0;
                                 		.LINE  "C:\Workspace\e2studio\git\MT01_master\src\Display\u8g_pb8h1f.c",124
00000125 3C0200                  		MOV.B #00H, 02H[R0]
00000128                         L47:	; entry.split1
                                 ;     125   u8g_uint_t dy = 0;
                                 		.LINE  "C:\Workspace\e2studio\git\MT01_master\src\Display\u8g_pb8h1f.c",125
00000128 3C0300                  		MOV.B #00H, 03H[R0]
0000012B                         L48:	; entry.split2
                                 ;     126   
                                 ;     127   switch( arg_pixel->dir )
                                 		.LINE  "C:\Workspace\e2studio\git\MT01_master\src\Display\u8g_pb8h1f.c",127
0000012B A809                    		MOV.L 04H[R0], R1
0000012D B099                    		MOVU.B 03H[R1], R1
0000012F 6131                    		CMP #03H, R1
00000131 20rr                    		BEQ L55
00000133                         L49:	; entry.split2
00000133 6111                    		CMP #01H, R1
00000135 20rr                    		BEQ L53
00000137                         L50:	; entry.split2
00000137 6121                    		CMP #02H, R1
00000139 20rr                    		BEQ L54
0000013B                         L51:	; entry.split2
0000013B 6101                    		CMP #00H, R1
0000013D 21rr                    		BNE L56
0000013F                         L52:	; bb
                                 ;     128   {
                                 ;     129     case 0: dx++; break;
                                 		.LINE  "C:\Workspace\e2studio\git\MT01_master\src\Display\u8g_pb8h1f.c",129
0000013F B081                    		MOVU.B 02H[R0], R1
00000141 6211                    		ADD #01H, R1
00000143 8081                    		MOV.B R1, 02H[R0]
00000145 2Err                 B  		BRA L56
00000147                         L53:	; bb14
                                 ;     130     case 1: dy++; break;
                                 		.LINE  "C:\Workspace\e2studio\git\MT01_master\src\Display\u8g_pb8h1f.c",130
00000147 B089                    		MOVU.B 03H[R0], R1
00000149 6211                    		ADD #01H, R1
0000014B 8089                    		MOV.B R1, 03H[R0]
0000014D 2Err                 B  		BRA L56
0000014F                         L54:	; bb17
                                 ;     131     case 2: dx--; break;
                                 		.LINE  "C:\Workspace\e2studio\git\MT01_master\src\Display\u8g_pb8h1f.c",131
0000014F B081                    		MOVU.B 02H[R0], R1
00000151 6011                    		SUB #01H, R1
00000153 8081                    		MOV.B R1, 02H[R0]
00000155 08                   S  		BRA L56
00000156                         L55:	; bb20
                                 ;     132     case 3: dy--; break;
                                 		.LINE  "C:\Workspace\e2studio\git\MT01_master\src\Display\u8g_pb8h1f.c",132
00000156 B089                    		MOVU.B 03H[R0], R1
00000158 6011                    		SUB #01H, R1
0000015A 8089                    		MOV.B R1, 03H[R0]
0000015C                         L56:	; bb25
                                 ;     133   }
                                 ;     134   
                                 ;     135   do
                                 ;     136   {
                                 ;     137     if ( pixel & 128 )
                                 		.LINE  "C:\Workspace\e2studio\git\MT01_master\src\Display\u8g_pb8h1f.c",137
0000015C F50701                  		BTST #07H, 01H[R0].B
0000015F 10                   S  		BEQ L58
00000160                         L57:	; bb26
                                 ;     138       u8g_pb8h1f_SetPixel(b, arg_pixel);
                                 		.LINE  "C:\Workspace\e2studio\git\MT01_master\src\Display\u8g_pb8h1f.c",138
00000160 A80A                    		MOV.L 04H[R0], R2
00000162 A881                    		MOV.L 08H[R0], R1
00000164 39rrrr               W  		BSR _u8g_pb8h1f_SetPixel
00000167                         L58:	; bb34
                                 ;     139     arg_pixel->x += dx;
                                 		.LINE  "C:\Workspace\e2studio\git\MT01_master\src\Display\u8g_pb8h1f.c",139
00000167 A809                    		MOV.L 04H[R0], R1
00000169 581E                    		MOVU.B [R1], R14
0000016B 490E02                  		ADD 02H[R0].UB, R14
0000016E C31E                    		MOV.B R14, [R1]
00000170                         L59:	; bb34.split
                                 ;     140     arg_pixel->y += dy;
                                 		.LINE  "C:\Workspace\e2studio\git\MT01_master\src\Display\u8g_pb8h1f.c",140
00000170 A809                    		MOV.L 04H[R0], R1
00000172 B01A                    		MOVU.B 01H[R1], R2
00000174 490203                  		ADD 03H[R0].UB, R2
00000177 801A                    		MOV.B R2, 01H[R1]
00000179                         L60:	; bb34.split3
                                 ;     141     pixel <<= 1;
                                 		.LINE  "C:\Workspace\e2studio\git\MT01_master\src\Display\u8g_pb8h1f.c",141
00000179 B009                    		MOVU.B 01H[R0], R1
0000017B 6C11                    		SHLL #01H, R1
0000017D 8009                    		MOV.B R1, 01H[R0]
0000017F                         L61:	; bb34.split4
                                 		.LINE  "C:\Workspace\e2studio\git\MT01_master\src\Display\u8g_pb8h1f.c",135
0000017F B009                    		MOVU.B 01H[R0], R1
00000181 6101                    		CMP #00H, R1
00000183 21rr                    		BNE L56
00000185                         L62:	; return
                                 ;     142   } while( pixel != 0  );  
                                 ;     143 }
                                 		.LINE  "C:\Workspace\e2studio\git\MT01_master\src\Display\u8g_pb8h1f.c",143
00000185 6703                    		RTSD #0CH
00000187                         _u8g_dev_pb8h1f_base_fn:
                                 		.STACK	_u8g_dev_pb8h1f_base_fn=32
                                 ;     144 
                                 ;     145 
                                 ;     146 uint8_t u8g_dev_pb8h1f_base_fn(u8g_t *u8g, u8g_dev_t *dev, uint8_t msg, void *arg)
                                 		.LINE  "C:\Workspace\e2studio\git\MT01_master\src\Display\u8g_pb8h1f.c",146
00000187 7100E4                  		ADD #0FFFFFFE4H, R0
0000018A A181                    		MOV.L R1, 18H[R0]
0000018C A10A                    		MOV.L R2, 14H[R0]
0000018E 848B                    		MOV.B R3, 13H[R0]
00000190 A08C                    		MOV.L R4, 0CH[R0]
                                 ;     147 {
                                 ;     148   u8g_pb_t *pb = (u8g_pb_t *)(dev->dev_mem);
                                 		.LINE  "C:\Workspace\e2studio\git\MT01_master\src\Display\u8g_pb8h1f.c",148
00000192 A909                    		MOV.L 14H[R0], R1
00000194 E5100101                		MOV.L 04H[R1], 04H[R0]
00000198                         L64:	; entry.split
                                 ;     149   switch(msg)
                                 		.LINE  "C:\Workspace\e2studio\git\MT01_master\src\Display\u8g_pb8h1f.c",149
00000198 B489                    		MOVU.B 13H[R0], R1
0000019A 755114                  		CMP #14H, R1
0000019D 20rr                    		BEQ L75
0000019F                         L65:	; entry.split
0000019F 755115                  		CMP #15H, R1
000001A2 20rr                    		BEQ L77
000001A4                         L66:	; entry.split
000001A4 755117                  		CMP #17H, R1
000001A7 20rr                    		BEQ L80
000001A9                         L67:	; entry.split
000001A9 755132                  		CMP #32H, R1
000001AC 20rr                    		BEQ L74
000001AE                         L68:	; entry.split
000001AE 755148                  		CMP #48H, R1
000001B1 20rr                    		BEQ L83
000001B3                         L69:	; entry.split
000001B3 755146                  		CMP #46H, R1
000001B6 20rr                    		BEQ L81
000001B8                         L70:	; entry.split
000001B8 755147                  		CMP #47H, R1
000001BB 20rr                    		BEQ L82
000001BD                         L71:	; entry.split
000001BD 75513B                  		CMP #3BH, R1
000001C0 21rr                    		BNE L84
000001C2                         L72:	; bb12
                                 ;     150   {
                                 ;     151     case U8G_DEV_MSG_SET_8PIXEL:
                                 ;     152       if ( u8g_pb_Is8PixelVisible(pb, (u8g_dev_arg_pixel_t *)arg) )
                                 		.LINE  "C:\Workspace\e2studio\git\MT01_master\src\Display\u8g_pb8h1f.c",152
000001C2 A88A                    		MOV.L 0CH[R0], R2
000001C4 A809                    		MOV.L 04H[R0], R1
000001C6 05rrrrrr             A  		BSR _u8g_pb_Is8PixelVisible
000001CA 6101                    		CMP #00H, R1
000001CC 20rr                    		BEQ L84
000001CE                         L73:	; bb13
                                 ;     153         u8g_pb8h1f_Set8PixelOpt2(pb, (u8g_dev_arg_pixel_t *)arg);
                                 		.LINE  "C:\Workspace\e2studio\git\MT01_master\src\Display\u8g_pb8h1f.c",153
000001CE A88A                    		MOV.L 0CH[R0], R2
000001D0 A809                    		MOV.L 04H[R0], R1
000001D2 39rrrr               W  		BSR _u8g_pb8h1f_Set8PixelOpt2
000001D5 2Err                 B  		BRA L84
000001D7                         L74:	; bb25
                                 ;     154       break;
                                 ;     155     case U8G_DEV_MSG_SET_PIXEL:
                                 ;     156       u8g_pb8h1f_SetPixel(pb, (u8g_dev_arg_pixel_t *)arg);
                                 		.LINE  "C:\Workspace\e2studio\git\MT01_master\src\Display\u8g_pb8h1f.c",156
000001D7 A88A                    		MOV.L 0CH[R0], R2
000001D9 A809                    		MOV.L 04H[R0], R1
000001DB 39rrrr               W  		BSR _u8g_pb8h1f_SetPixel
000001DE 2Err                 B  		BRA L84
000001E0                         L75:	; bb31
                                 ;     157       break;
                                 ;     158     case U8G_DEV_MSG_INIT:
                                 ;     159       break;
                                 ;     160     case U8G_DEV_MSG_STOP:
                                 ;     161       break;
                                 ;     162     case U8G_DEV_MSG_PAGE_FIRST:
                                 ;     163       u8g_pb_Clear(pb);
                                 		.LINE  "C:\Workspace\e2studio\git\MT01_master\src\Display\u8g_pb8h1f.c",163
000001E0 A809                    		MOV.L 04H[R0], R1
000001E2 05rrrrrr             A  		BSR _u8g_pb_Clear
000001E6                         L76:	; bb31.split
                                 ;     164       u8g_page_First(&(pb->p));
                                 		.LINE  "C:\Workspace\e2studio\git\MT01_master\src\Display\u8g_pb8h1f.c",164
000001E6 A809                    		MOV.L 04H[R0], R1
000001E8 05rrrrrr             A  		BSR _u8g_page_First
000001EC 2Err                 B  		BRA L84
000001EE                         L77:	; bb36
                                 ;     165       break;
                                 ;     166     case U8G_DEV_MSG_PAGE_NEXT:
                                 ;     167       if ( u8g_page_Next(&(pb->p)) == 0 )
                                 		.LINE  "C:\Workspace\e2studio\git\MT01_master\src\Display\u8g_pb8h1f.c",167
000001EE A809                    		MOV.L 04H[R0], R1
000001F0 05rrrrrr             A  		BSR _u8g_page_Next
000001F4 6101                    		CMP #00H, R1
000001F6 18                   S  		BNE L79
000001F7                         L78:	; bb37
                                 ;     168         return 0;
                                 		.LINE  "C:\Workspace\e2studio\git\MT01_master\src\Display\u8g_pb8h1f.c",168
000001F7 3C0300                  		MOV.B #00H, 03H[R0]
000001FA 2Err                 B  		BRA L85
000001FC                         L79:	; bb46
                                 ;     169       u8g_pb_Clear(pb);
                                 		.LINE  "C:\Workspace\e2studio\git\MT01_master\src\Display\u8g_pb8h1f.c",169
000001FC A809                    		MOV.L 04H[R0], R1
000001FE 05rrrrrr             A  		BSR _u8g_pb_Clear
00000202 2Err                 B  		BRA L84
00000204                         L80:	; bb48
                                 ;     170       break;
                                 ;     171 #ifdef U8G_DEV_MSG_IS_BBX_INTERSECTION
                                 ;     172     case U8G_DEV_MSG_IS_BBX_INTERSECTION:
                                 ;     173       return u8g_pb_IsIntersection(pb, (u8g_dev_arg_bbx_t *)arg);
                                 ;     174 #endif
                                 ;     175     case U8G_DEV_MSG_GET_PAGE_BOX:
                                 ;     176       u8g_pb_GetPageBox(pb, (u8g_box_t *)arg);
                                 		.LINE  "C:\Workspace\e2studio\git\MT01_master\src\Display\u8g_pb8h1f.c",176
00000204 A88A                    		MOV.L 0CH[R0], R2
00000206 A809                    		MOV.L 04H[R0], R1
00000208 05rrrrrr             A  		BSR _u8g_pb_GetPageBox
0000020C 2Err                 B  		BRA L84
0000020E                         L81:	; bb52
                                 ;     177       break;
                                 ;     178     case U8G_DEV_MSG_GET_WIDTH:
                                 ;     179       *((u8g_uint_t *)arg) = pb->width;
                                 		.LINE  "C:\Workspace\e2studio\git\MT01_master\src\Display\u8g_pb8h1f.c",179
0000020E A809                    		MOV.L 04H[R0], R1
00000210 A88A                    		MOV.L 0CH[R0], R2
00000212 C11205                  		MOV.B 05H[R1], [R2]
00000215 2Err                 B  		BRA L84
00000217                         L82:	; bb57
                                 ;     180       break;
                                 ;     181     case U8G_DEV_MSG_GET_HEIGHT:
                                 ;     182       *((u8g_uint_t *)arg) = pb->p.total_height;
                                 		.LINE  "C:\Workspace\e2studio\git\MT01_master\src\Display\u8g_pb8h1f.c",182
00000217 A809                    		MOV.L 04H[R0], R1
00000219 A88A                    		MOV.L 0CH[R0], R2
0000021B C11201                  		MOV.B 01H[R1], [R2]
0000021E 08                   S  		BRA L84
0000021F                         L83:	; bb65
                                 ;     183       break;
                                 ;     184     case U8G_DEV_MSG_SET_COLOR_ENTRY:
                                 ;     185       break;
                                 ;     186     case U8G_DEV_MSG_SET_XY_CB:
                                 ;     187       break;
                                 ;     188     case U8G_DEV_MSG_GET_MODE:
                                 ;     189       return U8G_MODE_BW;
                                 		.LINE  "C:\Workspace\e2studio\git\MT01_master\src\Display\u8g_pb8h1f.c",189
0000021F 3C0301                  		MOV.B #01H, 03H[R0]
00000222 08                   S  		BRA L85
00000223                         L84:	; bb67
                                 ;     190   }
                                 ;     191   return 1;
                                 		.LINE  "C:\Workspace\e2studio\git\MT01_master\src\Display\u8g_pb8h1f.c",191
00000223 3C0301                  		MOV.B #01H, 03H[R0]
00000226                         L85:	; bb69
00000226 C500030B                		MOV.B 03H[R0], 0BH[R0]
                                 ;     192 }
                                 		.LINE  "C:\Workspace\e2studio\git\MT01_master\src\Display\u8g_pb8h1f.c",192
0000022A B289                    		MOVU.B 0BH[R0], R1
0000022C 6707                    		RTSD #1CH
                                 ;     193  
                                 ;     194   
                                 		.END

Information List

TOTAL ERROR(S)    00000
TOTAL WARNING(S)  00000
TOTAL LINE(S)     00635   LINES

Section List

Attr         Size               Name
CODE     0000000558(0000022EH)  P

Cpu Type

-ISA=RXV1 -FPU

Command Parameter

-subcommand=C:\Users\LAFONS~1\AppData\Local\Temp\$ccrx4DB7\$ccrx\u8g_pb8h1f.src.cmd
    -nologo
    -isa=rxv1
    -fpu
    -show=conditionals,definitions,expansions
    -define=__RXV1=1
    -fint_register=0
    -debug
    -endian=little
-listfile=C:\Workspace\e2studio\git\MT01_master\MT01_build\u8g_pb8h1f.lst
-output=C:\Workspace\e2studio\git\MT01_master\MT01_build\src\Display\u8g_pb8h1f.obj
