Renesas Optimizing Linker (V2.01.00 )             19-Feb-2017 10:55:06

*** Options ***

-subcommand=LinkerSubCommand.tmp
-input=".\r_usb_hmsc\src\r_usb_hmsc_api.obj"
-input=".\r_usb_hmsc\src\r_usb_hmsc_ddi.obj"
-input=".\r_usb_hmsc\src\r_usb_hmsc_driver.obj"
-input=".\r_usb_hmsc\src\r_usb_hmsc_hci.obj"
-input=".\r_usb_hmsc\src\r_usb_hstorage_driver.obj"
-input=".\r_usb_hmsc\src\r_usb_hstorage_driver_api.obj"
-input=".\r_usb_basic\src\driver\peri\r_usb_pbc.obj"
-input=".\r_usb_basic\src\driver\peri\r_usb_pcontrolrw.obj"
-input=".\r_usb_basic\src\driver\peri\r_usb_pdriver.obj"
-input=".\r_usb_basic\src\driver\peri\r_usb_pdriverapi.obj"
-input=".\r_usb_basic\src\driver\peri\r_usb_pintfifo.obj"
-input=".\r_usb_basic\src\driver\peri\r_usb_psignal.obj"
-input=".\r_usb_basic\src\driver\peri\r_usb_pstdfunction.obj"
-input=".\r_usb_basic\src\driver\peri\r_usb_pstdrequest.obj"
-input=".\r_usb_basic\src\driver\host\r_usb_hbc.obj"
-input=".\r_usb_basic\src\driver\host\r_usb_hcontrolrw.obj"
-input=".\r_usb_basic\src\driver\host\r_usb_hdriver.obj"
-input=".\r_usb_basic\src\driver\host\r_usb_hdriverapi.obj"
-input=".\r_usb_basic\src\driver\host\r_usb_hhubsys.obj"
-input=".\r_usb_basic\src\driver\host\r_usb_hintfifo.obj"
-input=".\r_usb_basic\src\driver\host\r_usb_hlibusbip.obj"
-input=".\r_usb_basic\src\driver\host\r_usb_hmanager.obj"
-input=".\r_usb_basic\src\driver\host\r_usb_hsignal.obj"
-input=".\r_usb_basic\src\driver\host\r_usb_hstdfunction.obj"
-input=".\r_usb_basic\src\driver\comm\r_usb_cdataio.obj"
-input=".\r_usb_basic\src\driver\comm\r_usb_cintfifo.obj"
-input=".\r_usb_basic\src\driver\comm\r_usb_cinthandler_usbip0.obj"
-input=".\r_usb_basic\src\driver\comm\r_usb_cinthandler_usbip1.obj"
-input=".\r_usb_basic\src\driver\comm\r_usb_clibusbip.obj"
-input=".\r_usb_basic\src\driver\comm\r_usb_cscheduler.obj"
-input=".\r_usb_basic\src\driver\comm\r_usb_cstdapi.obj"
-input=".\r_usb_basic\src\driver\comm\r_usb_cstdfunction.obj"
-input=".\r_usb_basic\src\HW\peri\r_usb_preg_abs.obj"
-input=".\r_usb_basic\src\HW\peri\r_usb_preg_access.obj"
-input=".\r_usb_basic\src\HW\host\r_usb_hostelectrical.obj"
-input=".\r_usb_basic\src\HW\host\r_usb_hreg_abs.obj"
-input=".\r_usb_basic\src\HW\host\r_usb_hreg_access.obj"
-input=".\r_usb_basic\src\HW\comm\r_usb_creg_abs.obj"
-input=".\r_usb_basic\src\HW\comm\r_usb_creg_access.obj"
-input=".\r_usb_basic\src\HW\comm\r_usb_creg_dmadtc.obj"
-input=".\r_usb_basic\src\HW\comm\rx_mcu.obj"
-input=".\r_tfat_driver_rx\src\r_tfat_drv_if.obj"
-input=".\r_tfat_driver_rx\src\device\usb\r_tfat_drv_if_usb.obj"
-input=".\r_tfat_driver_rx\src\device\sdhi\r_tfat_drv_if_sdhi.obj"
-input=".\r_dtc_rx\src\r_dtc_rx.obj"
-input=".\r_tfat_driver_rx\src\device\usb_mini\r_tfat_drv_if_usb_mini.obj"
-input=".\r_bsp\mcu\rx63n\cpu.obj"
-input=".\r_bsp\mcu\rx63n\locking.obj"
-input=".\r_bsp\mcu\rx63n\mcu_init.obj"
-input=".\r_bsp\mcu\rx63n\mcu_interrupts.obj"
-input=".\r_bsp\mcu\rx63n\mcu_locks.obj"
-input=".\r_dtc_rx\src\targets\rx63n\r_dtc_rx_target.obj"
-input=".\r_cmt_rx\src\r_cmt_rx.obj"
-input=".\FreeRTOS\Source\croutine.obj"
-input=".\FreeRTOS\Source\event_groups.obj"
-input=".\FreeRTOS\Source\list.obj"
-input=".\FreeRTOS\Source\queue.obj"
-input=".\FreeRTOS\Source\tasks.obj"
-input=".\FreeRTOS\Source\timers.obj"
-input=".\FreeRTOS\Source\portable\Renesas\RX600\port_asm.obj"
-input=".\FreeRTOS\Source\portable\Renesas\RX600\port.obj"
-input=".\FreeRTOS\Source\portable\MemMang\heap_4.obj"
-input=".\src\main.obj"
-input=".\r_byteq\src\r_byteq.obj"
-input=".\src\Display\u8g_bitmap.obj"
-input=".\src\Display\u8g_circle.obj"
-input=".\src\Display\u8g_clip.obj"
-input=".\src\Display\u8g_com_api.obj"
-input=".\src\Display\u8g_com_api_16gr.obj"
-input=".\src\Display\u8g_com_arduino_st7920_custom.obj"
-input=".\src\Display\u8g_com_i2c.obj"
-input=".\src\Display\u8g_com_io.obj"
-input=".\src\Display\u8g_com_null.obj"
-input=".\src\Display\u8g_com_rx_st7920_hw_spi.obj"
-input=".\src\Display\u8g_cursor.obj"
-input=".\src\Display\u8g_delay.obj"
-input=".\src\Display\u8g_dev_null.obj"
-input=".\src\Display\u8g_dev_st7920_128x64.obj"
-input=".\src\Display\u8g_ellipse.obj"
-input=".\src\Display\u8g_font.obj"
-input=".\src\Display\u8g_line.obj"
-input=".\src\Display\u8g_ll_api.obj"
-input=".\src\Display\u8g_page.obj"
-input=".\src\Display\u8g_pb.obj"
-input=".\src\Display\u8g_pb14v1.obj"
-input=".\src\Display\u8g_pb16h1.obj"
-input=".\src\Display\u8g_pb16h2.obj"
-input=".\src\Display\u8g_pb16v1.obj"
-input=".\src\Display\u8g_pb16v2.obj"
-input=".\src\Display\u8g_pb32h1.obj"
-input=".\src\Display\u8g_pb8h1.obj"
-input=".\src\Display\u8g_pb8h1f.obj"
-input=".\src\Display\u8g_pb8h2.obj"
-input=".\src\Display\u8g_pb8h8.obj"
-input=".\src\Display\u8g_pb8v1.obj"
-input=".\src\Display\u8g_pb8v2.obj"
-input=".\src\Display\u8g_pbxh16.obj"
-input=".\src\Display\u8g_pbxh24.obj"
-input=".\src\Display\u8g_polygon.obj"
-input=".\src\Display\u8g_rect.obj"
-input=".\src\Display\u8g_rot.obj"
-input=".\src\Display\u8g_scale.obj"
-input=".\src\Display\u8g_state.obj"
-input=".\src\Display\u8g_u16toa.obj"
-input=".\src\Display\u8g_u8toa.obj"
-input=".\src\Display\u8g_virtual_screen.obj"
-input=".\src\Display\font\u8g_font_6x10.obj"
-input=".\r_rspi_rx\src\r_rspi_rx.obj"
-input=".\r_bsp\mcu\all\r_bsp_common.obj"
-input=".\r_dtc_rx\src\targets\rx71m\r_dtc_rx_target.obj"
-input=".\r_dtc_rx\src\targets\rx64m\r_dtc_rx_target.obj"
-input=".\r_dtc_rx\src\targets\rx113\r_dtc_rx_target.obj"
-input=".\r_dtc_rx\src\targets\rx111\r_dtc_rx_target.obj"
-input=".\r_dtc_rx\src\targets\rx110\r_dtc_rx_target.obj"
-input=".\r_mtu_rx\src\r_mtu_pwm_rx.obj"
-input=".\r_mtu_rx\src\r_mtu_rx_common.obj"
-input=".\r_mtu_rx\src\r_mtu_timers_rx.obj"
-input=".\src\cnc\hardware.obj"
-input=".\src\cnc\canonical_machine.obj"
-input=".\src\cnc\config.obj"
-input=".\src\cnc\config_app.obj"
-input=".\src\cnc\controller.obj"
-input=".\src\cnc\cycle_homing.obj"
-input=".\src\cnc\cycle_jogging.obj"
-input=".\src\cnc\cycle_probing.obj"
-input=".\src\cnc\encoder.obj"
-input=".\src\cnc\gcode_parser.obj"
-input=".\src\cnc\gpio.obj"
-input=".\src\cnc\help.obj"
-input=".\src\cnc\json_parser.obj"
-input=".\src\cnc\kinematics.obj"
-input=".\src\cnc\network.obj"
-input=".\src\cnc\persistence.obj"
-input=".\src\cnc\plan_arc.obj"
-input=".\src\cnc\plan_exec.obj"
-input=".\src\cnc\plan_line.obj"
-input=".\src\cnc\plan_zoid.obj"
-input=".\src\cnc\planner.obj"
-input=".\src\cnc\pwm.obj"
-input=".\src\cnc\report.obj"
-input=".\src\cnc\spindle.obj"
-input=".\src\cnc\stepper.obj"
-input=".\src\cnc\switch.obj"
-input=".\src\cnc\system.obj"
-input=".\src\cnc\test.obj"
-input=".\src\cnc\text_parser.obj"
-input=".\src\cnc\util.obj"
-input=".\src\cnc\xio.obj"
-input=".\src\cnc\xio\xio_FsFat.obj"
-input=".\src\cnc\maincnc_task.obj"
-input=".\r_tmr_rx\src\r_tmr_rx.obj"
-input=".\src\states\ut_state_choose_file.obj"
-input=".\src\states\ut_state_main_menu.obj"
-input=".\src\states\ut_state_splash.obj"
-input=".\src\states\ut_state_warning.obj"
-input=".\src\states\ut_states_map.obj"
-input=".\src\states\ut_states_task.obj"
-input=".\src\keyboard\keyboard.obj"
-input=".\src\config\config_kernel.obj"
-input=".\src\config\r_usb_hmsc.obj"
-input=".\src\Display\lcd.obj"
-input=".\src\Display\lcd_menu.obj"
-input=".\.metadata\.plugins\org.eclipse.cdt.make.core\specs.obj"
-library=".\MT01_proj.lib"
-input=".\src\config\interpreter_if.obj"
-input=".\src\cnc\xio\xio_Command.obj"
-input=".\src\config\interpreter_fileRunning_if.obj"
-input=".\src\config\interpreter_jog_if.obj"
-input=".\src\states\ut_state_config_menu.obj"
-input=".\src\states\ut_state_config_var.obj"
-input=".\src\states\ut_state_config_manual.obj"
-input=".\src\states\ut_state_config_auto.obj"
-input=".\src\states\ut_state_move.obj"
-input=".\src\Display\font\u8g_font_5x8.obj"
-input=".\src\Display\font\u8g_font_helvb08.obj"
-input=".\src\Display\font\u8g_font_helvr08.obj"
-input=".\r_vee\src\targets\rx63x\r_vee_rx63x.obj"
-input=".\r_vee\src\r_vee.obj"
-input=".\r_flash_api_rx\src\r_flash_api_rx.obj"
-input=".\src\eeprom\eeprom.obj"
-input=".\src\cnc\macros\macros.obj"
-input=".\src\cnc\plasma.obj"
-input=".\src\states\ut_state_line_selection.obj"
-input=".\src/config\interpreter_delocar.obj"
-input=".\src/Display/font\u8g_font_4x6r.obj"
-input=".\fsystem\ccsbcs.obj"
-input=".\fsystem\ff.obj"
-input=".\r_s12ad_rx\src\targets\rx63x\r_s12ad_rx63x.obj"
-input=".\r_s12ad_rx\src\targets\rx210\r_s12ad_rx210.obj"
-input=".\r_s12ad_rx\src\targets\rx110_rx111\r_s12ad_rx110_rx111.obj"
-input=".\r_s12ad_rx\src\r_s12ad_rx.obj"
-input=".\src\states\config_menu_ox.obj"
-input=".\src\states\config_menu_pl.obj"
-input=".\src\states\state_functions.obj"
-input=".\src\states\ut_state_config_jog.obj"
-input=".\src\config\interpreter_line_selection.obj"
-input=".\r_spi_flash\src\r_spi_flash.obj"
-input=".\r_flash_loader_rx\src\r_fl_app_header.obj"
-input=".\r_flash_loader_rx\src\r_fl_downloader.obj"
-input=".\r_flash_loader_rx\src\r_fl_utilities.obj"
-input=".\r_flash_loader_rx\src\memory\r_fl_memory_spi_flash.obj"
-input=".\r_crc_rx\src\r_crc_rx.obj"
-input=".\r_bsp\board\MT01\dbsct.obj"
-input=".\r_bsp\board\MT01\hwsetup.obj"
-input=".\r_bsp\board\MT01\lowlvl.obj"
-input=".\r_bsp\board\MT01\lowsrc.obj"
-input=".\r_bsp\board\MT01\resetprg.obj"
-input=".\r_bsp\board\MT01\sbrk.obj"
-input=".\r_bsp\board\MT01\vecttbl.obj"
-input=".\fsystem_spi\fsystem_spi.obj"
-input=".\src\cnc\xio\xio_SPIFFS.obj"
-input=".\spiffs\spiffs_cache.obj"
-input=".\spiffs\spiffs_check.obj"
-input=".\spiffs\spiffs_gc.obj"
-input=".\spiffs\spiffs_hw.obj"
-input=".\spiffs\spiffs_hydrogen.obj"
-input=".\spiffs\spiffs_nucleus.obj"
-input=".\src\states\config_maquina.obj"
-input=".\src\states\config_par_maquina.obj"
-input=".\src\states\ut_state_config_maquina.obj"
-input=".\src\states\ut_state_config_par_maq.obj"
-input=".\src\states\config_thc_maquina.obj"
-input=".\src\states\ut_state_config_maq_thc.obj"
-input=".\src\Display\font\u8g_font_m2icon_7.obj"
-input=".\r_lvd_rx\src\r_lvd_rx.obj"
-input=".\src\cnc\cycle_waiting_switch.obj"
-start=SU,SI,B_1,R_1,B_2,R_2,B,R,NOINIT/04,C_1,C_2,C,C$*,D*,W*,L,P*/0FFF00000,APPHEADER_1/0FFFFFE00,FIXEDVECT/0FFFFFF80
-list=MT01_proj.map
-show=symbol,reference,total_size
-nooptimize
-debug
-output=C:\Workspace\e2studio\git\MT01\EasyMak_build\MT01_proj.abs
-rom=D=R,D_1=R_1,D_2=R_2
-nocompress
-nologo
-nomessage

*** Error information ***

*** Mapping List ***

SECTION                            START      END         SIZE   ALIGN

SU
                                  00000004  00002003      2000   4
SI
                                  00002004  00002403       400   4
B_1
                                  00002404  00010bc6      e7c3   1
R_1
                                  00010bc7  00011331       76b   1
B_2
                                  00011332  00011ef7       bc6   2
R_2
                                  00011ef8  0001201d       126   2
B
                                  00012020  00018d63      6d44   4
R
                                  00018d64  0001977f       a1c   4
NOINIT
                                  00019780  00019783         4   4
C_1
                                  fff00000  fff054bc      54bd   1
C_2
                                  fff054be  fff06005       b48   2
C
                                  fff06008  fff099c7      39c0   4
C$DSEC
                                  fff099c8  fff099eb        24   4
C$BSEC
                                  fff099ec  fff09a03        18   4
C$VECT
                                  fff09a04  fff09e03       400   4
D_2
                                  fff09e04  fff09f29       126   2
D
                                  fff09f2c  fff0a947       a1c   4
D_1
                                  fff0a948  fff0b0b2       76b   1
W
                                  fff0b0b4  fff0b0b4         0   4
W_1
                                  fff0b0b4  fff0b0bb         8   1
W_2
                                  fff0b0bc  fff0b19b        e0   2
L
                                  fff0b19c  fff0d4e9      234e   4
P
                                  fff0d4ea  fff56057     48b6e   1
APPHEADER_1
                                  fffffe00  fffffe06         7   1
FIXEDVECT
                                  ffffff80  ffffffff        80   4

*** Total Section Size ***

RAMDATA SECTION:  0001977e Byte(s)
ROMDATA SECTION:  0000d56b Byte(s)
PROGRAM SECTION:  00048b6e Byte(s)

*** Symbol List ***

SECTION=
FILE=                               START        END    SIZE
  SYMBOL                            ADDR        SIZE    INFO      COUNTS  OPT

SECTION=SU
FILE=.\r_bsp\board\MT01\resetprg.obj
                                  00000004  00002003      2000

SECTION=SI
FILE=.\r_bsp\board\MT01\resetprg.obj
                                  00002004  00002403       400

SECTION=B_1
FILE=.\r_usb_hmsc\src\r_usb_hmsc_driver.obj
                                  00002404  0000501f      2c1c
  _usb_ghmsc_Data
                                  00002404      2800   data ,g         e
  _usb_ghmsc_AtapiFlag
                                  00004c04        10   data ,g         5
  _usb_shmsc_DeviceReady
                                  00004c14         4   data ,g         4
  _usb_ghmsc_ClassData
                                  00004c18       400   data ,g         7
  _usb_shmsc_PartitionInfo
                                  00005018         8   data ,g         0
FILE=.\r_usb_basic\src\driver\host\r_usb_hdriver.obj
                                  00005020  00005029         a
  _usb_shstd_ClearStallData
                                  00005020         a   data ,l         1
FILE=.\r_usb_basic\src\driver\host\r_usb_hhubsys.obj
                                  0000502a  000052d9       2b0
  _usb_ghhub_Descriptor
                                  0000502a       200   data ,g         4
  _usb_ghhub_Data
                                  0000522a        b0   data ,g        13
FILE=.\r_usb_basic\src\driver\host\r_usb_hmanager.obj
                                  000052da  000056db       402
  _usb_ghstd_EnuWait
                                  000052da         2   data ,g         2
  _usb_ghstd_ClassData
                                  000052dc       400   data ,g         9
FILE=.\FreeRTOS\Source\portable\MemMang\heap_4.obj
                                  000056dc  0000f6db      a000
  _ucHeap
                                  000056dc      a000   data ,l         2
FILE=.\src\Display\u8g_com_api_16gr.obj
                                  0000f6dc  0000f6df         4
  _buf$1
                                  0000f6dc         4   data ,l         5
FILE=.\src\Display\u8g_com_i2c.obj
                                  0000f6e0  0000f6e1         2
  _u8g_i2c_err_code
                                  0000f6e0         1   data ,l         2
  _u8g_i2c_err_pos
                                  0000f6e1         1   data ,l         2
FILE=.\src\Display\u8g_dev_st7920_128x64.obj
                                  0000f6e2  0000fae1       400
  _u8g_dev_st7920_128x64_sw_spi_buf
                                  0000f6e2        80   data ,g         1
  _u8g_dev_st7920_128x64_hw_spi_buf
                                  0000f762        80   data ,g         1
  _u8g_dev_st7920_128x64_8bit_buf
                                  0000f7e2        80   data ,g         1
  _u8g_dev_st7920_128x64_custom_buf
                                  0000f862        80   data ,g         1
  _u8g_dev_st7920_128x64_4x_buf
                                  0000f8e2       200   data ,g         1
FILE=.\src\Display\u8g_u16toa.obj
                                  0000fae2  0000fae7         6
  _buf$1
                                  0000fae2         6   data ,l         1
FILE=.\src\Display\u8g_u8toa.obj
                                  0000fae8  0000faeb         4
  _buf$1
                                  0000fae8         4   data ,l         1
FILE=.\src\Display\u8g_virtual_screen.obj
                                  0000faec  0000faee         3
  _u8g_vs_current
                                  0000faec         1   data ,g        10
  _u8g_vs_width
                                  0000faed         1   data ,g         2
  _u8g_vs_height
                                  0000faee         1   data ,g         2
FILE=.\r_mtu_rx\src\r_mtu_rx_common.obj
                                  0000faef  0000fb02        14
  _g_mtu_tgr_callbacks
                                  0000faef        14   data ,g         d
FILE=.\src\cnc\gcode_parser.obj
                                  0000fb03  0000fb12        10
  _gp
                                  0000fb03        10   data ,g        51
FILE=.\src\cnc\json_parser.obj
                                  0000fb13  0000fb1a         8
  _js
                                  0000fb13         8   data ,g        19
FILE=.\src\cnc\switch.obj
                                  0000fb1b  0000fb3d        23
  _sw
                                  0000fb1b        23   data ,g        2a
FILE=.\src\cnc\text_parser.obj
                                  0000fb3e  0000fbbf        82
  _txt
                                  0000fb3e        82   data ,g         2
FILE=.\src\cnc\maincnc_task.obj
                                  0000fbc0  0000fc10        51
  _status_code
                                  0000fbc0         1   data ,g        22
  _global_string_buf
                                  0000fbc1        50   data ,g         5
FILE=.\src\states\ut_state_choose_file.obj
                                  0000fc11  0000ff10       300
  _gszCurFile
                                  0000fc11       100   data ,g        10
  _buff
                                  0000fd11       100   data ,g         0
  _Lfname
                                  0000fe11       100   data ,g         1
FILE=.\src\states\ut_state_splash.obj
                                  0000ff11  0000ff38        28
  _Str
                                  0000ff11        28   data ,l         2
FILE=.\src\config\r_usb_hmsc.obj
                                  0000ff39  00010138       200
  _usb_gBuf
                                  0000ff39       200   data ,g         0
FILE=.\src\Display\lcd.obj
                                  00010139  00010234        fc
  _gaboBackColor
                                  00010139        78   data ,l         3
  _gacChar
                                  000101b1        78   data ,l         3
  _gaboBackColorStr
                                  00010229         6   data ,l         3
  _gabolineMarked
                                  0001022f         6   data ,l         3
FILE=.\src\config\interpreter_jog_if.obj
                                  00010235  0001025c        28
  _text
                                  00010235        28   data ,g         0
FILE=.\src\states\ut_state_move.obj
                                  0001025d  00010299        3d
  _textXStr
                                  0001025d        14   data ,g         4
  _textYStr
                                  00010271        14   data ,g         4
  _textZStr
                                  00010285        14   data ,g         4
  _gTitle
                                  00010299         1   data ,g        17
FILE=.\r_vee\src\r_vee.obj
                                  0001029a  0001029b         2
  _g_vee_current_sector
                                  0001029a         1   data ,l        22
  _g_vee_df_enabled
                                  0001029b         1   data ,l         4
FILE=.\r_flash_api_rx\src\r_flash_api_rx.obj
                                  0001029c  0001031d        82
  _g_current_mode
                                  0001029c         1   data ,l        13
  _g_temp_array
                                  0001029d        80   data ,l         8
  _g_flash_to_flash_op
                                  0001031d         1   data ,l         7
FILE=.\src\cnc\plasma.obj
                                  0001031e  0001034f        32
  _Str
                                  0001031e        32   data ,l         3
FILE=.\src\states\state_functions.obj
                                  00010350  00010377        28
  _strLinhas
                                  00010350        28   data ,l         4
FILE=.\r_flash_loader_rx\src\r_fl_downloader.obj
                                  00010378  00010497       120
  _g_fl_tx_buffer
                                  00010378         5   data ,g         0
  _g_fl_rx_buffer
                                  0001037d       100   data ,g         3
  _g_fl_load_image_headers
                                  0001047d         7   data ,g         2
  _StrBoot
                                  00010484        14   data ,g         2
FILE=.\r_flash_loader_rx\src\memory\r_fl_memory_spi_flash.obj
                                  00010498  0001049a         3
  _memID
                                  00010498         3   data ,g         0
FILE=.\r_bsp\board\MT01\lowsrc.obj
                                  0001049b  000104c2        28
  _flmod
                                  0001049b        14   data ,g         7
  _sml_buf
                                  000104af        14   data ,g         0
FILE=.\fsystem_spi\fsystem_spi.obj
                                  000104c3  000104c5         3
  _tx_data
                                  000104c3         1   data ,g         0
  _rx_data
                                  000104c4         1   data ,g         0
  _g_block_sanity
                                  000104c5         1   data ,l         4
FILE=.\spiffs\spiffs_hw.obj
                                  000104c6  00010bc5       700
  _spiffs_work_buf
                                  000104c6       200   data ,l         3
  _spiffs_fds
                                  000106c6        80   data ,l         3
  _spiffs_cache_buf
                                  00010746       480   data ,l         3
FILE=.\src\states\config_par_maquina.obj
                                  00010bc6  00010bc6         1
  _reset_flag
                                  00010bc6         1   data ,g         2

SECTION=R_1
FILE=.\r_usb_basic\src\HW\comm\rx_mcu.obj
                                  00010bc7  00010bc8         2
  _usb_gstd_is_opened
                                  00010bc7         2   data ,l         4
FILE=.\r_tfat_driver_rx\src\r_tfat_drv_if.obj
                                  00010bc9  00010be2        1a
  _drive_alloc_tbl
                                  00010bc9        14   data ,l         7
  _usb_ghmsc_rtcYear
                                  00010bdd         1   data ,l         1
  _usb_ghmsc_rtcMon
                                  00010bde         1   data ,l         1
  _usb_ghmsc_rtcMday
                                  00010bdf         1   data ,l         1
  _usb_ghmsc_rtcHour
                                  00010be0         1   data ,l         1
  _usb_ghmsc_rtcMin
                                  00010be1         1   data ,l         1
  _usb_ghmsc_rtcSec
                                  00010be2         1   data ,l         1
FILE=.\r_dtc_rx\src\r_dtc_rx.obj
                                  00010be3  00010be3         1
  _g_is_opened
                                  00010be3         1   data ,l         5
FILE=.\r_byteq\src\r_byteq.obj
                                  00010be4  00010be4         1
  _qcb_init$1
                                  00010be4         1   data ,l         2
FILE=.\src\Display\u8g_com_api_16gr.obj
                                  00010be5  00010bf8        14
  _map$2
                                  00010be5         4   data ,l         4
  _map$3
                                  00010be9        10   data ,l         2
FILE=.\src\Display\u8g_com_rx_st7920_hw_spi.obj
                                  00010bf9  00010bf9         1
  _g_rspi_callbackend
                                  00010bf9         1   data ,g         3
FILE=.\src\Display\u8g_virtual_screen.obj
                                  00010bfa  00010bfa         1
  _u8g_vs_cnt
                                  00010bfa         1   data ,g         b
FILE=.\r_mtu_rx\src\r_mtu_rx_common.obj
                                  00010bfb  00010c1e        24
  _g_num_channels_in_use
                                  00010bfb         1   data ,g         3
  _g_mtu_channel_mode
                                  00010bfc         5   data ,g         9
  _g_mtu_channel_clr_src
                                  00010c01         5   data ,g         3
  _g_mtu_channel_repeats
                                  00010c06         5   data ,g         6
  _g_mtu_tgi_icu_en_flags
                                  00010c0b        14   data ,g        10
FILE=.\src\cnc\controller.obj
                                  00010c1f  00010c1f         1
  _intepreterRunning
                                  00010c1f         1   data ,g         c
FILE=.\src\cnc\gcode_parser.obj
                                  00010c20  00010c20         1
  _next$1
                                  00010c20         1   data ,l         3
FILE=.\src\cnc\plan_exec.obj
                                  00010c21  00010c21         1
  _zmoved
                                  00010c21         1   data ,g         5
FILE=.\src\cnc\spindle.obj
                                  00010c22  00010c22         1
  _simTorch
                                  00010c22         1   data ,g         8
FILE=.\src\cnc\stepper.obj
                                  00010c23  00010c24         2
  _isDwell
                                  00010c23         1   data ,g         b
  _flag_dda$1
                                  00010c24         1   data ,l         2
FILE=.\src\cnc\switch.obj
                                  00010c25  00010c25         1
  _zinhibitor
                                  00010c25         1   data ,g         4
FILE=.\src\cnc\xio\xio_FsFat.obj
                                  00010c26  00010c26         1
  _fileRunning
                                  00010c26         1   data ,l         3
FILE=.\r_tmr_rx\src\r_tmr_rx.obj
                                  00010c27  00010c2a         4
  _g_tmrbehavior
                                  00010c27         4   data ,l         8
FILE=.\src\states\ut_state_splash.obj
                                  00010c2b  0001105a       430
  _metalique128_bits
                                  00010c2b       2a0   data ,l         1
  _easymax_bits
                                  00010ecb       190   data ,l         1
FILE=.\src\config\r_usb_hmsc.obj
                                  0001105b  0001105b         1
  _drivemountFlag
                                  0001105b         1   data ,g         4
FILE=.\src\Display\lcd.obj
                                  0001105c  000110b3        58
  _warning_bits
                                  0001105c        58   data ,l         3
FILE=.\src\config\interpreter_jog_if.obj
                                  000110b4  000110b4         1
  _torchEnable$1
                                  000110b4         1   data ,l         3
FILE=.\src\states\ut_state_config_var.obj
                                  000110b5  000110b7         3
  _count
                                  000110b5         1   data ,l         5
  _func_back
                                  000110b6         1   data ,g         e
  _blink
                                  000110b7         1   data ,l         5
FILE=.\src\states\ut_state_config_manual.obj
                                  000110b8  000110b8         1
  _initialized
                                  000110b8         1   data ,l         2
FILE=.\src\states\ut_state_config_auto.obj
                                  000110b9  000110b9         1
  _initialized
                                  000110b9         1   data ,l         2
FILE=.\src\states\ut_state_move.obj
                                  000110ba  000112ad       1f4
  _sim
                                  000110ba         1   data ,g        13
  _programEnd
                                  000110bb         1   data ,g         9
  _lstop
                                  000110bc         1   data ,g        1a
  _gStrManual
                                  000110bd        90   data ,l         7
  _gStrAuto
                                  0001114d        90   data ,l        15
  _gStrSim
                                  000111dd        70   data ,l         f
  _gStrDesloca
                                  0001124d        60   data ,l         a
  _ltorchBuffer
                                  000112ad         1   data ,l         7
FILE=.\r_flash_api_rx\src\r_flash_api_rx.obj
                                  000112ae  000112af         2
  _g_fcu_transfer_complete
                                  000112ae         1   data ,l         2
  _g_fcu_pclk_command
                                  000112af         1   data ,l         2
FILE=.\src\cnc\macros\macros.obj
                                  000112b0  000112b1         2
  _state
                                  000112b0         1   data ,g        51
  _xMacroArcoOkSync
                                  000112b1         1   data ,g         4
FILE=.\src\cnc\plasma.obj
                                  000112b2  000112b6         5
  _stopDuringCut
                                  000112b2         1   data ,l         2
  _isCutting
                                  000112b3         1   data ,l         4
  _arcoOk
                                  000112b4         1   data ,l         2
  _emergenciaFlag
                                  000112b5         1   data ,g         2
  _ArcoOktaskIdle
                                  000112b6         1   data ,g         5
FILE=.\src\states\config_menu_ox.obj
                                  000112b7  000112bb         5
  _ox_init_point
                                  000112b7         5   data ,g         1
FILE=.\src\states\config_menu_pl.obj
                                  000112bc  000112c0         5
  _pl_init_point
                                  000112bc         5   data ,g         1
FILE=.\src\states\ut_state_config_jog.obj
                                  000112c1  000112c1         1
  _initialized
                                  000112c1         1   data ,l         2
FILE=.\src\config\interpreter_line_selection.obj
                                  000112c2  000112c2         1
  _timeNum
                                  000112c2         1   data ,l         5
FILE=.\r_spi_flash\src\r_spi_flash.obj
                                  000112c3  000112c3         1
  _g_transfer_complete
                                  000112c3         1   data ,g         0
FILE=.\r_flash_loader_rx\src\r_fl_downloader.obj
                                  000112c4  000112c4         1
  _chargeIndex
                                  000112c4         1   data ,g         4
FILE=.\r_crc_rx\src\r_crc_rx.obj
                                  000112c5  000112c5         1
  _g_crc_enabled
                                  000112c5         1   data ,l         2
FILE=.\fsystem_spi\fsystem_spi.obj
                                  000112c6  000112c8         3
  _g_file_block
                                  000112c6         1   data ,l         3
  _file_block_index
                                  000112c7         1   data ,l         3
  _g_wl_offset
                                  000112c8         1   data ,l         4
FILE=.\src\cnc\xio\xio_SPIFFS.obj
                                  000112c9  000112c9         1
  _fileRunning
                                  000112c9         1   data ,l         3
FILE=.\src\states\config_maquina.obj
                                  000112ca  000112cd         4
  _mq_init_point
                                  000112ca         4   data ,g         1
FILE=.\src\states\config_par_maquina.obj
                                  000112ce  000112d9         c
  _pm_init_point
                                  000112ce         c   data ,g         1
FILE=.\src\states\ut_state_config_maquina.obj
                                  000112da  000112da         1
  _initialized
                                  000112da         1   data ,l         2
FILE=.\src\states\ut_state_config_par_maq.obj
                                  000112db  000112db         1
  _initialized
                                  000112db         1   data ,l         2
FILE=.\src\states\config_thc_maquina.obj
                                  000112dc  000112dd         2
  _th_init_point
                                  000112dc         2   data ,g         1
FILE=.\src\states\ut_state_config_maq_thc.obj
                                  000112de  000112de         1
  _initialized
                                  000112de         1   data ,l         2
FILE=.\r_lvd_rx\src\r_lvd_rx.obj
                                  000112df  000112e0         2
  _g_lvd_ch1_open
                                  000112df         1   data ,l         5
  _g_lvd_ch2_open
                                  000112e0         1   data ,l         5
FILE=xfiles
                                  000112e1  00011330        50
  _ebuf
                                  000112e1        50   data ,l         5
FILE=xstate
                                  00011331  00011331         1
  __Mbcurmax
                                  00011331         1   data ,g         1

SECTION=B_2
FILE=.\r_usb_hmsc\src\r_usb_hmsc_driver.obj
                                  00011332  0001152d       1fc
  _usb_ghmsc_OutPipe
                                  00011332        40   data ,g        11
  _usb_ghmsc_InPipe
                                  00011372        40   data ,g        11
  _usb_shmsc_MsgNum
                                  000113b2         4   data ,g         2
  _usb_ghmsc_AttSts
                                  000113b6        10   data ,g         3
  _usb_shmsc_Process
                                  000113c6         4   data ,g        32
  _usb_ghmsc_RootDrive
                                  000113ca         4   data ,g         f
  _usb_ghmsc_drive_no
                                  000113ce        28   data ,g         5
  _usb_ghmsc_drv_no_tbl
                                  000113f6        3c   data ,g         8
  _usb_ghmsc_Speed
                                  00011432         4   data ,g         3
  _usb_ghmsc_Devaddr
                                  00011436         4   data ,g         7
  _usb_ghmsc_DriveChk
                                  0001143a        cc   data ,g        2b
  _usb_shmsc_ClassRequest
                                  00011506        14   data ,g         a
  _usb_ghmsc_StrgCount
                                  0001151a         2   data ,g         6
  _usb_ghmsc_MaxDrive
                                  0001151c         2   data ,g         6
  _usb_ghmsc_RootDevaddr
                                  0001151e         4   data ,g         6
  _usb_shmsc_NewDrive
                                  00011522         4   data ,g         3
  _usb_shmsc_Unit
                                  00011526         4   data ,g         2
  _usb_ghmsc_PartTransSize
                                  0001152a         4   data ,g         2
FILE=.\r_usb_basic\src\driver\host\r_usb_hdriver.obj
                                  0001152e  00011709       1dc
  _usb_ghstd_DeviceInfo
                                  0001152e       160   data ,g        25
  _usb_ghstd_RemortPort
                                  0001168e         4   data ,g         7
  _usb_ghstd_Ctsq
                                  00011692         4   data ,g        21
  _usb_ghstd_MgrMode
                                  00011696         8   data ,g        23
  _usb_ghstd_DcpRegister
                                  0001169e        2c   data ,g         3
  _usb_ghstd_DeviceAddr
                                  000116ca         4   data ,g        17
  _usb_ghstd_DeviceSpeed
                                  000116ce         4   data ,g         f
  _usb_ghstd_DeviceNum
                                  000116d2         4   data ,g        13
  _usb_ghstd_IgnoreCnt
                                  000116d6        28   data ,g        11
  _usb_shstd_ClearStallPipe
                                  000116fe         2   data ,l         3
  _usb_shstd_ClearStallRequest
                                  00011700         a   data ,l         a
FILE=.\r_usb_basic\src\driver\host\r_usb_hhubsys.obj
                                  0001170a  0001183d       134
  _usb_shhub_DownPort
                                  0001170a        2c   data ,g         5
  _usb_shhub_Remote
                                  00011736        2c   data ,g         4
  _usb_shhub_InfoData
                                  00011762        b0   data ,g        20
  _usb_shhub_Number
                                  00011812         4   data ,g         4
  _usb_shhub_ClassRequest
                                  00011816        14   data ,g        1c
  _usb_shhub_Spec
                                  0001182a         4   data ,g         4
  _usb_shhub_Root
                                  0001182e         4   data ,g         1
  _usb_shhub_Speed
                                  00011832         4   data ,g         8
  _usb_shhub_DevAddr
                                  00011836         4   data ,g         6
  _usb_shhub_Index
                                  0001183a         4   data ,g         5
FILE=.\r_usb_basic\src\driver\host\r_usb_hmanager.obj
                                  0001183e  00011ac3       286
  _usb_ghstd_EnumSeq
                                  0001183e         4   data ,g         c
  _usb_ghstd_DeviceDescriptor
                                  00011842        28   data ,g         6
  _usb_ghstd_ConfigurationDescriptor
                                  0001186a       200   data ,g         6
  _usb_ghstd_SuspendPipe
                                  00011a6a        28   data ,g         4
  _usb_ghstd_CheckEnuResult
                                  00011a92         4   data ,g         3
  _usb_shstd_StdRequest
                                  00011a96        14   data ,g        27
  _usb_shstd_DummyData
                                  00011aaa         2   data ,l         2
  _usb_shstd_RegPointer
                                  00011aac         4   data ,l         2
  _usb_ghstd_ClassRequest
                                  00011ab0        14   data ,g        19
FILE=.\r_usb_basic\src\driver\comm\r_usb_cdataio.obj
                                  00011ac4  00011ad5        12
  _usb_gcstd_Dma0Dir
                                  00011ac4         4   data ,g         0
  _usb_gcstd_Dma0Fifo
                                  00011ac8         4   data ,g         0
  _usb_gcstd_Dma0Pipe
                                  00011acc         4   data ,g         0
  _usb_gcstd_XckeMode
                                  00011ad0         2   data ,g         1
  _usb_gcstd_HsEnable
                                  00011ad2         4   data ,g         3
FILE=.\r_usb_basic\src\driver\comm\r_usb_cinthandler_usbip0.obj
                                  00011ad6  00011ad9         4
  _usb_gcstd_IntMsgCnt
                                  00011ad6         4   data ,g         5
FILE=.\r_usb_basic\src\HW\comm\r_usb_creg_abs.obj
                                  00011ada  00011ae1         8
  _usb_gcstd_RhstBit
                                  00011ada         2   data ,g         0
  _usb_gcstd_DvsqBit
                                  00011adc         2   data ,g         0
  _usb_gcstd_AddrBit
                                  00011ade         2   data ,g         0
  _usb_gcstd_SqmonBit
                                  00011ae0         2   data ,g         0
FILE=.\r_bsp\mcu\rx63n\cpu.obj
                                  00011ae2  00011ae9         8
  _g_protect_counters
                                  00011ae2         8   data ,l         6
FILE=.\src\cnc\config.obj
                                  00011aea  00011cef       206
  _nvStr
                                  00011aea       206   data ,g         8
FILE=.\src\cnc\report.obj
                                  00011cf0  00011cf3         4
  _rx
                                  00011cf0         4   data ,g         4
FILE=.\src\cnc\plasma.obj
                                  00011cf4  00011cf5         2
  _data
                                  00011cf4         2   data ,g         0
FILE=.\fsystem\ff.obj
                                  00011cf6  00011ef7       202
  _Fsid
                                  00011cf6         2   data ,l         1
  _LfnBuf
                                  00011cf8       200   data ,l         b

SECTION=R_2
FILE=.\r_usb_hmsc\src\r_usb_hmsc_api.obj
                                  00011ef8  00011f0b        14
  _get_max_lun_table$1
                                  00011ef8         a   data ,l         2
  _mass_storage_reset_table$2
                                  00011f02         a   data ,l         2
FILE=.\r_usb_hmsc\src\r_usb_hmsc_driver.obj
                                  00011f0c  00011f6f        64
  _usb_ghmsc_DefEpTbl
                                  00011f0c        1c   data ,g         4
  _usb_shmsc_NoDataSeq
                                  00011f28         4   data ,g         a
  _usb_shmsc_DataInSeq
                                  00011f2c         4   data ,g         e
  _usb_shmsc_DataOutSeq
                                  00011f30         4   data ,g         e
  _usb_shmsc_StallErrSeq
                                  00011f34         4   data ,g         b
  _usb_shmsc_DataStallSeq
                                  00011f38         4   data ,g         6
  _usb_ghmsc_CswErrRoop
                                  00011f3c         4   data ,g        14
  _usb_shmsc_InitSeq
                                  00011f40         4   data ,g         7
  _usb_shmsc_StrgProcess
                                  00011f44         4   data ,g        1a
  _usb_shmsc_StrgDriveSearchSeq
                                  00011f48         4   data ,g        14
  _usb_shmsc_StrgDriveSearchErrCount
                                  00011f4c         4   data ,g         6
  _usb_shmsc_StrgDriveSearchCount
                                  00011f50         4   data ,g         d
  _usb_shmsc_DevReadSectorSizeSeq
                                  00011f54         4   data ,g         0
  _usb_shmsc_DevReadSectorSizeErrCount
                                  00011f58         4   data ,g         0
  _usb_shmsc_DevReadPartitionSeq
                                  00011f5c         4   data ,g         5
  _usb_shmsc_StrgDriveOpenSeq
                                  00011f60         4   data ,g         0
  _usb_shmsc_StrgDriveOpenCount
                                  00011f64         4   data ,g         0
  _usb_shmsc_StrgDriveOpenParCount
                                  00011f68         4   data ,g         0
  _usb_shmsc_LoopCont
                                  00011f6c         4   data ,g         5
FILE=.\r_usb_basic\src\driver\host\r_usb_hhubsys.obj
                                  00011f70  00011fd3        64
  _usb_shhub_ClassSeq
                                  00011f70         4   data ,g         4
  _usb_shhub_InitSeq
                                  00011f74         4   data ,g         9
  _usb_shhub_InitPort
                                  00011f78         4   data ,g         a
  _usb_shhub_EventSeq
                                  00011f7c         4   data ,g         9
  _usb_shhub_EventPort
                                  00011f80         4   data ,g         f
  _usb_shhub_AttachSeq
                                  00011f84         4   data ,g         c
  _usb_shhub_ResetSeq
                                  00011f88         4   data ,g         7
  _usb_shhub_State
                                  00011f8c         4   data ,g         0
  _usb_shhub_Info
                                  00011f90         4   data ,g         7
  _usb_shhub_HubAddr
                                  00011f94         4   data ,g         7
  _usb_shhub_Process
                                  00011f98         4   data ,g        1d
  _usb_ghhub_DefEPTbl
                                  00011f9c        1c   data ,g         7
  _usb_ghhub_TmpEPTbl
                                  00011fb8        1c   data ,g         7
FILE=.\r_usb_basic\src\driver\host\r_usb_hmanager.obj
                                  00011fd4  00011fdf         c
  _usb_shstd_mgr_msginfo
                                  00011fd4         4   data ,l        10
  _usb_shstd_SuspendSeq
                                  00011fd8         4   data ,l         4
  _usb_shstd_ResumeSeq
                                  00011fdc         4   data ,l         4
FILE=.\r_usb_basic\src\HW\comm\rx_mcu.obj
                                  00011fe0  00011fe7         8
  _usb_gcstd_D0fifo
                                  00011fe0         4   data ,g         2
  _usb_gcstd_D1fifo
                                  00011fe4         4   data ,g         2
FILE=.\r_tfat_driver_rx\src\device\usb\r_tfat_drv_if_usb.obj
                                  00011fe8  00011fe9         2
  _usb_ghmsc_tfatSecSize
                                  00011fe8         2   data ,l         2
FILE=.\src\config\r_usb_hmsc.obj
                                  00011fea  00012005        1c
  _usb_ghmsc_SmpAplProcess
                                  00011fea         2   data ,g         3
  _usb_gvendor_smpl_eptbl
                                  00011fec        1a   data ,g         1
FILE=.\src\config\interpreter_jog_if.obj
                                  00012006  00012007         2
  _xPress
                                  00012006         2   data ,g         2
FILE=.\src\states\ut_state_config_var.obj
                                  00012008  00012009         2
  _mult
                                  00012008         2   data ,l         a
FILE=.\src\cnc\plasma.obj
                                  0001200a  0001200d         4
  _delay_thc
                                  0001200a         2   data ,l         6
  _delay_thcStart
                                  0001200c         2   data ,l         2
FILE=.\src\states\ut_state_line_selection.obj
                                  0001200e  0001200f         2
  _index
                                  0001200e         2   data ,g         1
FILE=sqrtf
                                  00012010  0001201d         e
  _cf1S
                                  00012010         e   data ,l         1

SECTION=B
FILE=.\r_usb_hmsc\src\r_usb_hmsc_driver.obj
                                  00012020  00012ef7       ed8
  _usb_ghmsc_TransData
                                  00012020       2c0   data ,g        14
  _usb_ghmsc_ReceiveData
                                  000122e0       2c0   data ,g        15
  _usb_ghmsc_ControlData
                                  000125a0        58   data ,g         e
  _usb_ghmsc_Cbw
                                  000125f8       400   data ,g        51
  _usb_ghmsc_Csw
                                  000129f8       400   data ,g         4
  _usb_ghmsc_CbwTagNo
                                  00012df8        40   data ,g         7
  _usb_ghmsc_TransSize
                                  00012e38         8   data ,g         6
  _usb_ghmsc_Buff
                                  00012e40         8   data ,g         4
  _usb_ghmsc_DeviceTable
                                  00012e48         8   data ,g         6
  _usb_ghmsc_ConfigTable
                                  00012e50         8   data ,g         3
  _usb_ghmsc_InterfaceTable
                                  00012e58         8   data ,g         4
  _usb_ghmsc_PipeTable
                                  00012e60         8   data ,g        15
  _usb_shmsc_ClassControl
                                  00012e68        58   data ,g         9
  _usb_shmsc_command_result
                                  00012ec0         8   data ,g         b
  _usb_ghmsc_MaxLUN
                                  00012ec8         8   data ,g         a
  _usb_shmsc_PartitionLba
                                  00012ed0        28   data ,g         0
FILE=.\r_usb_basic\src\driver\host\r_usb_hdriver.obj
                                  00012ef8  0001329b       3a4
  _usb_ghstd_DeviceDrv
                                  00012ef8       370   data ,g        17
  _usb_shstd_HcdMsg
                                  00013268         4   data ,l         1
  _usb_shstd_ClearStallControl
                                  0001326c        2c   data ,l         9
  _usb_shstd_ClearStallCall
                                  00013298         4   data ,l         2
FILE=.\r_usb_basic\src\driver\host\r_usb_hhubsys.obj
                                  0001329c  000136d3       438
  _usb_shhub_ControlMess
                                  0001329c        58   data ,g        24
  _usb_shhub_DataMess
                                  000132f4       3c8   data ,g         a
  _usb_shhub_DeviceTable
                                  000136bc         8   data ,g         3
  _usb_shhub_ConfigTable
                                  000136c4         8   data ,g         6
  _usb_shhub_InterfaceTable
                                  000136cc         8   data ,g         6
FILE=.\r_usb_basic\src\driver\host\r_usb_hmanager.obj
                                  000136d4  00013793        c0
  _usb_shstd_StdReqMsg
                                  000136d4        58   data ,g        21
  _usb_shstd_MgrMsg
                                  0001372c         8   data ,l        10
  _usb_shstd_mgr_callback
                                  00013734         8   data ,l         4
  _usb_ghstd_ClassControl
                                  0001373c        58   data ,g         9
FILE=.\r_usb_basic\src\driver\comm\r_usb_cdataio.obj
                                  00013794  0001388b        f8
  _usb_gcstd_DataCnt
                                  00013794        50   data ,g         f
  _usb_gcstd_Dma0Size
                                  000137e4         8   data ,g         0
  _usb_gcstd_DataPtr
                                  000137ec        50   data ,g         6
  _usb_gcstd_Pipe
                                  0001383c        50   data ,g        3d
FILE=.\r_usb_basic\src\driver\comm\r_usb_cinthandler_usbip0.obj
                                  0001388c  00013ddf       554
  _usb_gcstd_IntMsg
                                  0001388c       528   data ,g         2
  _usb_gcstd_IntMsgD0fifo
                                  00013db4        2c   data ,g         0
FILE=.\r_tfat_driver_rx\src\device\usb\r_tfat_drv_if_usb.obj
                                  00013de0  00013e0b        2c
  _tfat_ptr
                                  00013de0        2c   data ,g         a
FILE=.\r_dtc_rx\src\r_dtc_rx.obj
                                  00013e0c  00013e13         8
  _g_dtc_table_work
                                  00013e0c         8   data ,g         6
FILE=.\r_bsp\mcu\rx63n\mcu_interrupts.obj
                                  00013e14  00013e3f        2c
  _g_bsp_vectors
                                  00013e14        2c   data ,l         9
FILE=.\r_bsp\mcu\rx63n\mcu_locks.obj
                                  00013e40  00013fd7       198
  _g_bsp_Locks
                                  00013e40       198   data ,g         2
FILE=.\r_cmt_rx\src\r_cmt_rx.obj
                                  00013fd8  00013ff7        20
  _g_cmt_modes
                                  00013fd8        10   data ,l         a
  _g_cmt_callbacks
                                  00013fe8        10   data ,l         4
FILE=.\FreeRTOS\Source\tasks.obj
                                  00013ff8  00014103       10c
  _pxReadyTasksLists
                                  00013ff8        a0   data ,l        15
  _xDelayedTaskList1
                                  00014098        14   data ,l         2
  _xDelayedTaskList2
                                  000140ac        14   data ,l         2
  _pxDelayedTaskList
                                  000140c0         4   data ,l         b
  _pxOverflowDelayedTaskList
                                  000140c4         4   data ,l         6
  _xPendingReadyList
                                  000140c8        14   data ,l         8
  _xTasksWaitingTermination
                                  000140dc        14   data ,l         6
  _xSuspendedTaskList
                                  000140f0        14   data ,l         a
FILE=.\FreeRTOS\Source\timers.obj
                                  00014104  00014133        30
  _xActiveTimerList1
                                  00014104        14   data ,l         2
  _xActiveTimerList2
                                  00014118        14   data ,l         2
  _pxCurrentTimerList
                                  0001412c         4   data ,l         9
  _pxOverflowTimerList
                                  00014130         4   data ,l         4
FILE=.\FreeRTOS\Source\portable\MemMang\heap_4.obj
                                  00014134  0001413b         8
  _xStart
                                  00014134         8   data ,l         5
FILE=.\src\main.obj
                                  0001413c  0001418f        54
  _msc_utr
                                  0001413c        2c   data ,g         3
  _swTimers
                                  00014168        28   data ,g        34
FILE=.\r_byteq\src\r_byteq.obj
                                  00014190  000141bf        30
  _g_qcb
                                  00014190        30   data ,l         3
FILE=.\src\Display\u8g_com_rx_st7920_hw_spi.obj
                                  000141c0  000141c3         4
  _handle
                                  000141c0         4   data ,l         3
FILE=.\src\Display\u8g_polygon.obj
                                  000141c4  0001420f        4c
  _u8g_pg
                                  000141c4        4c   data ,g         3
FILE=.\src\Display\u8g_virtual_screen.obj
                                  00014210  0001422f        20
  _u8g_vs_list
                                  00014210        20   data ,g         f
FILE=.\r_rspi_rx\src\r_rspi_rx.obj
                                  00014230  00014247        18
  _g_rspi_handles
                                  00014230        10   data ,l        11
  _g_rxdata
                                  00014240         8   data ,l         5
FILE=.\r_mtu_rx\src\r_mtu_rx_common.obj
                                  00014248  000142c3        7c
  _g_mtu_cb_data
                                  00014248        3c   data ,g         4
  _p_callback_mtu0
                                  00014284         4   data ,g         1
  _mtu0_tmr_settings
                                  00014288        3c   data ,g         1
FILE=.\src\cnc\hardware.obj
                                  000142c4  000142cb         8
  _timerDwell
                                  000142c4         4   data ,g         7
  _timerMotorPower
                                  000142c8         4   data ,g         1
FILE=.\src\cnc\canonical_machine.obj
                                  000142cc  000146bb       3f0
  _cm
                                  000142cc       3f0   data ,g       3ce
FILE=.\src\cnc\config.obj
                                  000146bc  00014b43       488
  _nvl
                                  000146bc       488   data ,g        16
FILE=.\src\cnc\config_app.obj
                                  00014b44  00014b8f        4c
  _cfg
                                  00014b44        4c   data ,g        29
FILE=.\src\cnc\controller.obj
                                  00014b90  00014f3b       3ac
  _cs
                                  00014b90       3ac   data ,g        bf
FILE=.\src\cnc\cycle_homing.obj
                                  00014f3c  00014f77        3c
  _hm
                                  00014f3c        3c   data ,l        30
FILE=.\src\cnc\cycle_jogging.obj
                                  00014f78  00014f9b        24
  _jog
                                  00014f78        24   data ,l        1b
FILE=.\src\cnc\cycle_probing.obj
                                  00014f9c  00015007        6c
  _pb
                                  00014f9c        6c   data ,l        17
FILE=.\src\cnc\encoder.obj
                                  00015008  0001502f        28
  _en
                                  00015008        28   data ,g        17
FILE=.\src\cnc\gcode_parser.obj
                                  00015030  00015033         4
  _parse_gcode_func
                                  00015030         4   data ,l         3
FILE=.\src\cnc\persistence.obj
                                  00015034  00015043        10
  _nvm
                                  00015034        10   data ,g         7
FILE=.\src\cnc\plan_arc.obj
                                  00015044  0001510f        cc
  _arc
                                  00015044        cc   data ,g        53
FILE=.\src\cnc\planner.obj
                                  00015110  00016cef      1be0
  _mb
                                  00015110      1a14   data ,g        27
  _mm
                                  00016b24        2c   data ,g         f
  _mr
                                  00016b50       1a0   data ,g        a5
FILE=.\src\cnc\pwm.obj
                                  00016cf0  00016d43        54
  _pwm
                                  00016cf0        54   data ,g        17
FILE=.\src\cnc\report.obj
                                  00016d44  00016e13        d0
  _sr
                                  00016d44        c0   data ,g        2f
  _qr
                                  00016e04        10   data ,g        1b
FILE=.\src\cnc\stepper.obj
                                  00016e14  00016f8f       17c
  _st_cfg
                                  00016e14        94   data ,g        30
  _st_pre
                                  00016ea8        88   data ,g        54
  _st_run
                                  00016f30        60   data ,l        38
FILE=.\src\cnc\util.obj
                                  00016f90  00016fa7        18
  _vector
                                  00016f90        18   data ,g         f
FILE=.\src\cnc\xio.obj
                                  00016fa8  00017143       19c
  _ds
                                  00016fa8       198   data ,g         a
  _xio
                                  00017140         4   data ,g         2
FILE=.\src\cnc\xio\xio_FsFat.obj
                                  00017144  0001759b       458
  _ufsfat
                                  00017144       458   data ,g         1
FILE=.\src\cnc\maincnc_task.obj
                                  0001759c  0001759f         4
  _xCncTaskHandle
                                  0001759c         4   data ,g         c
FILE=.\r_tmr_rx\src\r_tmr_rx.obj
                                  000175a0  000175af        10
  _g_tmr_callbacks
                                  000175a0        10   data ,l         8
FILE=.\src\states\ut_state_choose_file.obj
                                  000175b0  0001785b       2ac
  _st_usb_fatfs
                                  000175b0       234   data ,g         1
  _st_usb_dir
                                  000177e4        24   data ,g         3
  _g_fs_cur_header
                                  00017808         4   data ,g         0
  _g_fs_next_header
                                  0001780c        30   data ,g         0
  _st_usb_finfo
                                  0001783c        20   data ,g         9
FILE=.\src\states\ut_state_main_menu.obj
                                  0001785c  00017887        2c
  _configs_main
                                  0001785c        2c   data ,g         7
FILE=.\src\config\config_kernel.obj
                                  00017888  000178eb        64
  _task_main_handle
                                  00017888         4   data ,g         1
  _task_handle0
                                  0001788c         4   data ,g         1
  _task_handle1
                                  00017890         4   data ,g         4
  _task_handle2
                                  00017894         4   data ,g         4
  _task_handle3
                                  00017898         4   data ,g         4
  _task_handle4
                                  0001789c         4   data ,g         4
  _task_handle5
                                  000178a0         4   data ,g         4
  _task_handle6
                                  000178a4         4   data ,g         2
  _mbox_handle0
                                  000178a8         4   data ,g         2
  _mbox_handle1
                                  000178ac         4   data ,g         2
  _mbox_handle2
                                  000178b0         4   data ,g         2
  _mbox_handle3
                                  000178b4         4   data ,g         2
  _mbox_handle4
                                  000178b8         4   data ,g         2
  _mbox_handle5
                                  000178bc         4   data ,g         2
  _mbox_handle6
                                  000178c0         4   data ,g         2
  _mbox_handle7
                                  000178c4         4   data ,g         2
  _mpl_handle0
                                  000178c8         4   data ,g         1
  _mpl_handle1
                                  000178cc         4   data ,g         3
  _mpl_handle2
                                  000178d0         4   data ,g         3
  _mpl_handle3
                                  000178d4         4   data ,g         3
  _mpl_handle4
                                  000178d8         4   data ,g         3
  _mpl_handle5
                                  000178dc         4   data ,g         3
  _mpl_handle6
                                  000178e0         4   data ,g         3
  _mpl_handle7
                                  000178e4         4   data ,g         3
  _qKeyboard
                                  000178e8         4   data ,g        19
FILE=.\src\config\r_usb_hmsc.obj
                                  000178ec  000178ef         4
  _xUsbMount
                                  000178ec         4   data ,g         1
FILE=.\src\Display\lcd.obj
                                  000178f0  0001796b        7c
  _gacStr
                                  000178f0        18   data ,l         3
  _gaboFontStr
                                  00017908        18   data ,l         4
  _main_u8g
                                  00017920        4c   data ,l        76
FILE=.\src\config\interpreter_if.obj
                                  0001796c  00017997        2c
  _iif_func_enter
                                  0001796c         4   data ,g         c
  _iif_func_esc
                                  00017970         4   data ,g         b
  _iif_func_down
                                  00017974         4   data ,g         a
  _iif_func_up
                                  00017978         4   data ,g         a
  _iif_func_left
                                  0001797c         4   data ,g         a
  _iif_func_right
                                  00017980         4   data ,g         a
  _iif_func_zdown
                                  00017984         4   data ,g         a
  _iif_func_zup
                                  00017988         4   data ,g         a
  _iif_func_released
                                  0001798c         4   data ,g         a
  _iif_func_cycleStop
                                  00017990         4   data ,g         7
  _timerIif
                                  00017994         4   data ,g         3
FILE=.\src\cnc\xio\xio_Command.obj
                                  00017998  000179a7        10
  _command
                                  00017998        10   data ,g         1
FILE=.\src\config\interpreter_jog_if.obj
                                  000179a8  000179ab         4
  _JogkeyPressed
                                  000179a8         4   data ,g         b
FILE=.\src\states\ut_state_config_var.obj
                                  000179ac  000179af         4
  _configsVar
                                  000179ac         4   data ,g        4f
FILE=.\src\states\ut_state_config_manual.obj
                                  000179b0  00017a8b        dc
  _configs_manual
                                  000179b0        dc   data ,g         a
FILE=.\src\states\ut_state_config_auto.obj
                                  00017a8c  00017b67        dc
  _configs_auto
                                  00017a8c        dc   data ,g         f
FILE=.\src\states\ut_state_move.obj
                                  00017b68  00017b6b         4
  _keyEntry_buffer$1
                                  00017b68         4   data ,l         3
FILE=.\r_vee\src\r_vee.obj
                                  00017b6c  00017c0b        a0
  _g_vee_cache
                                  00017b6c        64   data ,l        17
  _g_vee_next_address
                                  00017bd0         c   data ,l        1a
  _g_vee_erase_block_current
                                  00017bdc         4   data ,l         4
  _g_vee_erase_block_end
                                  00017be0         4   data ,l         9
  _g_vee_write_state
                                  00017be4         4   data ,l        13
  _g_vee_current_record
                                  00017be8         c   data ,l        27
  _g_vee_current_block_active
                                  00017bf4         4   data ,l         8
  _g_vee_current_block_nextup
                                  00017bf8         4   data ,l         f
  _g_vee_blank_check_block_current
                                  00017bfc         4   data ,l         8
  _g_vee_blank_check_block_end
                                  00017c00         4   data ,l         4
  _g_vee_write_address
                                  00017c04         4   data ,l         9
  _g_vee_lock
                                  00017c08         4   data ,l         2
FILE=.\r_flash_api_rx\src\r_flash_api_rx.obj
                                  00017c0c  00017c1b        10
  _g_flash_state
                                  00017c0c         4   data ,l         6
  _g_bgo_bytes
                                  00017c10         4   data ,l         8
  _g_bgo_flash_addr
                                  00017c14         4   data ,l        11
  _g_bgo_buffer_addr
                                  00017c18         4   data ,l         5
FILE=.\src\eeprom\eeprom.obj
                                  00017c1c  00017cb3        98
  _sample_state
                                  00017c1c         4   data ,g         3
  _configFlags
                                  00017c20        10   data ,g        27
  _configVarOx
                                  00017c30        14   data ,g        26
  _configVarPl
                                  00017c44        14   data ,g        2a
  _configVarMaq
                                  00017c58         c   data ,g        14
  _configVarParMaq
                                  00017c64        30   data ,g         f
  _configVarJog
                                  00017c94         8   data ,g         9
  _zeroPiece
                                  00017c9c         c   data ,g        13
  _dataRecord
                                  00017ca8         c   data ,g        26
FILE=.\src\cnc\macros\macros.obj
                                  00017cb4  00017cf3        40
  _altura_perfuracao
                                  00017cb4         4   data ,l         c
  _altura_deslocamento
                                  00017cb8         4   data ,l         b
  _altura_corte
                                  00017cbc         4   data ,l         c
  _vel_corte
                                  00017cc0         4   data ,l         c
  _tempo_perfuracao
                                  00017cc4         4   data ,l         c
  _tempo_aquecimento
                                  00017cc8         4   data ,l         a
  _velocidadeJog
                                  00017ccc         4   data ,g         5
  _Xcord
                                  00017cd0         4   data ,g         2
  _Ycord
                                  00017cd4         4   data ,g         2
  _tempoDwell
                                  00017cd8         4   data ,g         4
  _jogMaxDistance
                                  00017cdc         c   data ,g         c
  _linenumMacro
                                  00017ce8         4   data ,g        1a
  _macro_func_ptr
                                  00017cec         4   data ,g        2f
  _macro_buffer
                                  00017cf0         4   data ,g         8
FILE=.\src\cnc\plasma.obj
                                  00017cf4  00017d0b        18
  _xPlasmaTaskHandle
                                  00017cf4         4   data ,g         2
  _xEmergenciaTaskHandle
                                  00017cf8         4   data ,g         2
  _xArcoOkSync
                                  00017cfc         4   data ,g         6
  _THC_real
                                  00017d00         4   data ,g         4
  _THC_err
                                  00017d04         4   data ,g         6
  _THC_integral
                                  00017d08         4   data ,g         0
FILE=.\src\states\ut_state_line_selection.obj
                                  00017d0c  00017d5b        50
  _lineNumEntry
                                  00017d0c        50   data ,g         3
FILE=.\fsystem\ff.obj
                                  00017d5c  00017d5f         4
  _FatFs
                                  00017d5c         4   data ,l         4
FILE=.\src\states\config_menu_ox.obj
                                  00017d60  00017e3b        dc
  _configsOx
                                  00017d60        dc   data ,g         d
FILE=.\src\states\config_menu_pl.obj
                                  00017e3c  00017f17        dc
  _configsPl
                                  00017e3c        dc   data ,g         d
FILE=.\src\states\state_functions.obj
                                  00017f18  00017f2b        14
  _lineEntries
                                  00017f18         8   data ,g         6
  _LinePositionEntries
                                  00017f20         8   data ,g         4
  _pstrLinhas
                                  00017f28         4   data ,g         3
FILE=.\src\states\ut_state_config_jog.obj
                                  00017f2c  00017f83        58
  _configs_jog
                                  00017f2c        58   data ,g         f
FILE=.\r_spi_flash\src\r_spi_flash.obj
                                  00017f84  00017f8b         8
  _spiflash_setbaud
                                  00017f84         4   data ,g         0
  _spiflash_result
                                  00017f88         4   data ,g         0
FILE=.\r_flash_loader_rx\src\r_fl_downloader.obj
                                  00017f8c  000183eb       460
  _media
                                  00017f8c       234   data ,g         0
  _file
                                  000181c0       224   data ,g         0
  _g_app_header
                                  000183e4         4   data ,g         2
  _g_pfl_cur_app_header
                                  000183e8         4   data ,g         1
FILE=.\r_bsp\board\MT01\lowsrc.obj
                                  000183ec  0001843b        50
  __Files
                                  000183ec        50   data ,g         5
FILE=.\r_bsp\board\MT01\sbrk.obj
                                  0001843c  0001883b       400
  _heap_area
                                  0001843c       400   data ,l         2
FILE=.\fsystem_spi\fsystem_spi.obj
                                  0001883c  000189c3       188
  _g_write_addr
                                  0001883c         4   data ,l         6
  _g_read_addr
                                  00018840         4   data ,l         2
  _g_fs_header
                                  00018844       150   data ,g         f
  _g_fs_header_format
                                  00018994        30   data ,g         a
FILE=.\src\cnc\xio\xio_SPIFFS.obj
                                  000189c4  00018a2b        68
  _uspiffs
                                  000189c4        68   data ,g        11
FILE=.\spiffs\spiffs_hw.obj
                                  00018a2c  00018a37         c
  _cfg
                                  00018a2c         c   data ,l         6
FILE=.\src\states\config_maquina.obj
                                  00018a38  00018ae7        b0
  _configsMaq
                                  00018a38        b0   data ,g         f
FILE=.\src\states\config_par_maquina.obj
                                  00018ae8  00018cf7       210
  _configsParMaq
                                  00018ae8       210   data ,g         f
FILE=.\src\states\config_thc_maquina.obj
                                  00018cf8  00018d4f        58
  _configsTh
                                  00018cf8        58   data ,g         f
FILE=.\r_lvd_rx\src\r_lvd_rx.obj
                                  00018d50  00018d57         8
  _g_lvd_ch1_cb_args
                                  00018d50         4   data ,g         0
  _g_lvd_ch2_cb_args
                                  00018d54         4   data ,g         0
FILE=.\src\cnc\cycle_waiting_switch.obj
                                  00018d58  00018d5f         8
  _ws
                                  00018d58         8   data ,l         3
FILE=_errno
                                  00018d60  00018d63         4
  __errno
                                  00018d60         4   data ,g        15

SECTION=R
FILE=.\r_usb_basic\src\driver\host\r_usb_hmanager.obj
                                  00018d64  00018d83        20
  _usb_ghstd_EnumarationProcess
                                  00018d64        20   data ,g         8
FILE=.\r_tfat_driver_rx\src\r_tfat_drv_if.obj
                                  00018d84  00018d87         4
  _TFAT_DRIVE_USB_ALLOC
                                  00018d84         4   data ,l         3
FILE=.\FreeRTOS\Source\tasks.obj
                                  00018d88  00018db7        30
  _pxCurrentTCB
                                  00018d88         4   data ,g        54
  _uxTasksDeleted
                                  00018d8c         4   data ,l         3
  _uxCurrentNumberOfTasks
                                  00018d90         4   data ,l         7
  _xTickCount
                                  00018d94         4   data ,l         f
  _uxTopReadyPriority
                                  00018d98         4   data ,l        1e
  _xSchedulerRunning
                                  00018d9c         4   data ,l         a
  _uxPendedTicks
                                  00018da0         4   data ,l         5
  _xYieldPending
                                  00018da4         4   data ,l         9
  _xNumOfOverflows
                                  00018da8         4   data ,l         3
  _uxTaskNumber
                                  00018dac         4   data ,l         3
  _xNextTaskUnblockTime
                                  00018db0         4   data ,l         7
  _uxSchedulerSuspended
                                  00018db4         4   data ,l        11
FILE=.\FreeRTOS\Source\timers.obj
                                  00018db8  00018dbf         8
  _xTimerQueue
                                  00018db8         4   data ,l         c
  _xLastTime$1
                                  00018dbc         4   data ,l         2
FILE=.\FreeRTOS\Source\portable\Renesas\RX600\port.obj
                                  00018dc0  00018dc3         4
  _p_vSoftwareInterruptEntry
                                  00018dc0         4   data ,g         0
FILE=.\FreeRTOS\Source\portable\MemMang\heap_4.obj
                                  00018dc4  00018dd3        10
  _pxEnd
                                  00018dc4         4   data ,l         8
  _xFreeBytesRemaining
                                  00018dc8         4   data ,l         7
  _xMinimumEverFreeBytesRemaining
                                  00018dcc         4   data ,l         4
  _xBlockAllocatedBit
                                  00018dd0         4   data ,l         6
FILE=.\src\Display\u8g_dev_st7920_128x64.obj
                                  00018dd4  00018e6f        9c
  _u8g_dev_st7920_128x64_sw_spi_pb
                                  00018dd4         c   data ,g         1
  _u8g_dev_st7920_128x64_sw_spi
                                  00018de0         c   data ,g         0
  _u8g_dev_st7920_128x64_hw_spi_pb
                                  00018dec         c   data ,g         1
  _u8g_dev_st7920_128x64_hw_spi
                                  00018df8         c   data ,g         1
  _u8g_dev_st7920_128x64_8bit_pb
                                  00018e04         c   data ,g         1
  _u8g_dev_st7920_128x64_8bit
                                  00018e10         c   data ,g         0
  _u8g_dev_st7920_128x64_custom_pb
                                  00018e1c         c   data ,g         1
  _u8g_dev_st7920_128x64_custom
                                  00018e28         c   data ,g         0
  _u8g_dev_st7920_128x64_4x_pb
                                  00018e34         c   data ,g         4
  _u8g_dev_st7920_128x64_4x_sw_spi
                                  00018e40         c   data ,g         0
  _u8g_dev_st7920_128x64_4x_hw_spi
                                  00018e4c         c   data ,g         0
  _u8g_dev_st7920_128x64_4x_8bit
                                  00018e58         c   data ,g         0
  _u8g_dev_st7920_128x64_4x_custom
                                  00018e64         c   data ,g         0
FILE=.\src\Display\u8g_rot.obj
                                  00018e70  00018e7b         c
  _u8g_dev_rot
                                  00018e70         c   data ,g         e
FILE=.\src\Display\u8g_scale.obj
                                  00018e7c  00018e87         c
  _u8g_dev_scale
                                  00018e7c         c   data ,g         6
FILE=.\src\Display\u8g_virtual_screen.obj
                                  00018e88  00018e93         c
  _u8g_dev_vs
                                  00018e88         c   data ,g         2
FILE=.\r_rspi_rx\src\r_rspi_rx.obj
                                  00018e94  00018efb        68
  _g_rspi_channels
                                  00018e94         8   data ,g        1c
  _g_rspi_tcb
                                  00018e9c        30   data ,l        1d
  _g_rspi_cb_data
                                  00018ecc        10   data ,l         6
  _g_ctrl_reg_values
                                  00018edc        20   data ,l         3
FILE=.\src\cnc\controller.obj
                                  00018efc  00018eff         4
  _linebuffer$1
                                  00018efc         4   data ,l         2
FILE=.\src\cnc\plan_exec.obj
                                  00018f00  00018f03         4
  _zmovedlenght
                                  00018f00         4   data ,l         3
FILE=.\src\cnc\stepper.obj
                                  00018f04  00018f0b         8
  _refresh$2
                                  00018f04         4   data ,l         4
  _step$3
                                  00018f08         4   data ,l         b
FILE=.\src\states\ut_state_choose_file.obj
                                  00018f0c  00018f1b        10
  _gaszFileExtensions
                                  00018f0c         c   data ,l         2
  _gszFileMenuTitle
[...]
  _fminf
                                  fff520e8        3b   func ,g         6
FILE=hypotf
                                  fff52123  fff52150        2e
  _hypotl
                                  fff52123         2   func ,g         0
  _hypot
                                  fff52125         2   func ,g         1
  _hypotf
                                  fff52127        2a   func ,g         5
FILE=roundf
                                  fff52151  fff52190        40
  _roundl
                                  fff52151         2   func ,g         0
  _round
                                  fff52153         2   func ,g         3
  _roundf
                                  fff52155        3c   func ,g         1
FILE=truncf
                                  fff52191  fff521a4        14
  _truncl
                                  fff52191         2   func ,g         0
  _trunc
                                  fff52193         2   func ,g         3
  _truncf
                                  fff52195        10   func ,g         1
FILE=xfdclass
                                  fff521a5  fff521b0         c
  __FDclass
                                  fff521a5         c   func ,g         a
FILE=freopen
                                  fff521b1  fff521df        2f
  _freopen
                                  fff521b1        2f   func ,g         3
FILE=fclose
                                  fff521e0  fff52233        54
  _fclose
                                  fff521e0        54   func ,g         4
FILE=clearerr
                                  fff52234  fff52244        11
  _clearerr
                                  fff52234        11   func ,g         1
FILE=fprintf
                                  fff52245  fff5227f        3b
  _prout
                                  fff52245        1d   func ,l         1
  _fprintf
                                  fff52262        1e   func ,g        39
FILE=printf
                                  fff52280  fff522be        3f
  _prout
                                  fff52280        1d   func ,l         1
  _printf
                                  fff5229d        22   func ,g         9
FILE=sprintf
                                  fff522bf  fff522f5        37
  _prout
                                  fff522bf         b   func ,l         1
  _sprintf
                                  fff522ca        2c   func ,g        33
FILE=strchr
                                  fff522f6  fff5230b        16
  _strchr
                                  fff522f6        16   func ,g         a
FILE=strtoul
                                  fff5230c  fff524fb       1f0
  _strtoul
                                  fff5230c       1f0   func ,g         1
FILE=snprintf
                                  fff524fc  fff5255b        60
  _prout
                                  fff524fc        25   func ,l         1
  _snprintf
                                  fff52521        3b   func ,g         a
FILE=strtod
                                  fff5255c  fff528df       384
  _strtod
                                  fff5255c       384   func ,g         1
FILE=xstof
                                  fff528e0  fff529ec       10d
  __Stofx
                                  fff528e0       108   func ,g         1
  __Stof
                                  fff529e8         5   func ,g         5
FILE=memcmp
                                  fff529ed  fff52a0f        23
  _memcmp
                                  fff529ed        23   func ,g         9
FILE=strpbrk
                                  fff52a10  fff52a31        22
  _strpbrk
                                  fff52a10        22   func ,g         2
FILE=strstr
                                  fff52a32  fff52a64        33
  _strstr
                                  fff52a32        33   func ,g         1
FILE=xctype
                                  fff52a65  fff52a7a        16
  __Getpctype
                                  fff52a65        16   func ,g         0
FILE=xtolotab
                                  fff52a7b  fff52a90        16
  __Getptolower
                                  fff52a7b        16   func ,g         0
FILE=__COM_DIV64u
                                  fff52a91  fff52b29        99
  __COM_DIV64u
                                  fff52a91         0   none ,g         3
  _Loop_Init
                                  fff52a9b         0   none ,l         2
  _Loop
                                  fff52aa3         0   none ,l         1
  _DivStart
                                  fff52aaf         0   none ,l         3
  _Success
                                  fff52abd         0   none ,l         1
  _DivEnd
                                  fff52ac9         0   none ,l         0
  IXI6DIV
                                  fff52ace         0   none ,l         1
  IXI4DIV
                                  fff52ae0         0   none ,l         1
  IXI2DIV
                                  fff52af0         0   none ,l         1
  I8I2DIV
                                  fff52af8         0   none ,l         1
  I4I2DIV
                                  fff52b26         0   none ,l         1
  _i8divU_End
                                  fff52b29         0   none ,l         0
FILE=__initsct
                                  fff52b2a  fff52b73        4a
  __INITSCT
                                  fff52b2a         0   none ,g         1
  loop1
                                  fff52b3c         0   none ,l         1
  next_loop1
                                  fff52b4a         0   none ,l         2
  loop3
                                  fff52b5c         0   none ,l         1
  next_loop3
                                  fff52b6d         0   none ,l         2
FILE=free
                                  fff52b74  fff52bf6        83
  _free
                                  fff52b74        83   func ,g         5
FILE=malloc
                                  fff52bf7  fff52cd4        de
  _findmem
                                  fff52bf7        7b   func ,l         1
  _malloc
                                  fff52c72        63   func ,g         4
FILE=_i_atn2s
                                  fff52cd5  fff52d00        2c
  __in_atan2s
                                  fff52cd5        2c   func ,g         1
FILE=_i_ceils
                                  fff52d01  fff52d38        38
  __in_ceils
                                  fff52d01        38   func ,g         1
FILE=_i_flors
                                  fff52d39  fff52d70        38
  __in_floors
                                  fff52d39        38   func ,g         1
FILE=_in_pows
                                  fff52d71  fff52e79       109
  __in_pows
                                  fff52d71       109   func ,g         1
FILE=sincosfsub
                                  fff52e7a  fff52f63        ea
  ___poly_sinf
                                  fff52e7a        31   func ,g         3
  ___poly_cosf
                                  fff52eab        28   func ,g         3
  _poly_cosfn
                                  fff52ed3         7   func ,l         1
  _poly_sinfn
                                  fff52eda         5   func ,l         1
  _sincosf_special
                                  fff52edf        33   func ,l         1
  ___internal_sincosf
                                  fff52f12        52   func ,g         4
FILE=xfdtest
                                  fff52f64  fff52fa1        3e
  __FDtest
                                  fff52f64        3e   func ,g         5
FILE=xferaise
                                  fff52fa2  fff52fcb        2a
  __Feraise
                                  fff52fa2        2a   func ,g         1
FILE=xfdint
                                  fff52fcc  fff53054        89
  __FDint
                                  fff52fcc        89   func ,g         3
FILE=xfhypot
                                  fff53055  fff531a7       153
  __FHypot
                                  fff53055       153   func ,g         1
FILE=fwrite
                                  fff531a8  fff5327a        d3
  _fwrite
                                  fff531a8        d3   func ,g         2
FILE=fflush
                                  fff5327b  fff53302        88
  _fflush
                                  fff5327b        88   func ,g         5
FILE=xfoprep
                                  fff53303  fff533da        d8
  __Foprep
                                  fff53303        d8   func ,g         1
FILE=xfofind
                                  fff533db  fff53467        8d
  __Fofind
                                  fff533db        44   func ,g         0
  __Fofree
                                  fff5341f        49   func ,g         2
FILE=xprintf
                                  fff53468  fff536d3       26c
  __Printf
                                  fff53468       26c   func ,g         4
FILE=_strchek
                                  fff536d4  fff536f1        1e
  __strchek
                                  fff536d4        1e   func ,g        14
FILE=_stf
                                  fff536f2  fff53746        55
  __stf
                                  fff536f2        55   func ,g         1
FILE=xfdscale
                                  fff53747  fff5386a       124
  __FDscale
                                  fff53747       124   func ,g         8
FILE=xfdunsca
                                  fff5386b  fff538c5        5b
  __FDunscale
                                  fff5386b        5b   func ,g         5
FILE=xfdtento
                                  fff538c6  fff539b7        f2
  _dmul
                                  fff538c6        21   func ,l         4
  __FDtentox
                                  fff538e7        d1   func ,g         1
FILE=xstoxflt
                                  fff539b8  fff53bfb       244
  __Stoxflt
                                  fff539b8       244   func ,g         1
FILE=xstoflt
                                  fff53bfc  fff53e0c       211
  __Stoflt
                                  fff53bfc       211   func ,g         1
FILE=xstopfx
                                  fff53e0d  fff53f17       10b
  __Stopfx
                                  fff53e0d       10b   func ,g         1
FILE=xgetmem
                                  fff53f18  fff53f32        1b
  __Getmem
                                  fff53f18        1b   func ,g         1
FILE=fmodf
                                  fff53f33  fff53f64        32
  _fmodl
                                  fff53f33         2   func ,g         0
  _fmod
                                  fff53f35         2   func ,g         1
  _fmodf
                                  fff53f37        2e   func ,g         2
FILE=_i_atans
                                  fff53f65  fff540d6       172
  __in_atans
                                  fff53f65       172   func ,g         1
FILE=_i_ldes
                                  fff540d7  fff54156        80
  __in_ldexps
                                  fff540d7        80   func ,g         4
FILE=_in_exps
                                  fff54157  fff54251        fb
  __in_exps
                                  fff54157        fb   func ,g         2
FILE=_in_logs
                                  fff54252  fff5431a        c9
  __in_logs
                                  fff54252        c9   func ,g         2
FILE=nanfval
                                  fff5431b  fff54321         7
  ___nanf_value
                                  fff5431b         7   func ,g         1
FILE=xfwprep
                                  fff54322  fff543ba        99
  __Fwprep
                                  fff54322        99   func ,g         1
FILE=xputfld
                                  fff543bb  fff54853       499
  __Putfld
                                  fff543bb       499   func ,g         1
FILE=xfopen
                                  fff54854  fff54883        30
  __Fopen
                                  fff54854        30   func ,g         1
FILE=xvacopy
                                  fff54884  fff5488b         8
  __Vacopy
                                  fff54884         8   func ,g         2
FILE=xputtxt
                                  fff5488c  fff54b70       2e5
  __Puttxt
                                  fff5488c       2e5   func ,g         3
FILE=_calcfpo
                                  fff54b71  fff54cdc       16c
  __calcfpow
                                  fff54b71       16c   func ,g         1
FILE=_calcint
                                  fff54cdd  fff54d48        6c
  __calcint
                                  fff54cdd        6c   func ,g         1
FILE=localeco
                                  fff54d49  fff54d4f         7
  _localeconv
                                  fff54d49         7   func ,g         3
FILE=xfdnorm
                                  fff54d50  fff54dcf        80
  __FDnorm
                                  fff54d50        80   func ,g         2
FILE=feraiseexcept
                                  fff54dd0  fff54dfa        2b
  _feraiseexcept
                                  fff54dd0        2b   func ,g         1
FILE=_a_atans
                                  fff54dfb  fff54e1f        25
  __app_atans
                                  fff54dfb        25   func ,g         4
FILE=_i_fmds
                                  fff54e20  fff54ef9        da
  __in_fmods
                                  fff54e20        da   func ,g         2
FILE=xldtob
                                  fff54efa  fff55331       438
  __Ldtob
                                  fff54efa       438   func ,g         1
FILE=xputstr
                                  fff55332  fff55411        e0
  __Putstr
                                  fff55332        e0   func ,g         1
FILE=xlitob
                                  fff55412  fff55529       118
  __Litob
                                  fff55412       118   func ,g         1
FILE=_setsbit
                                  fff5552a  fff55587        5e
  __setsbit
                                  fff5552a        5e   func ,g         2
FILE=_div64
                                  fff55588  fff556b5       12e
  __div64
                                  fff55588       12e   func ,g         1
FILE=_mult64
                                  fff556b6  fff55703        4e
  __mult64
                                  fff556b6        4e   func ,g         3
FILE=_add
                                  fff55704  fff55736        33
  __add
                                  fff55704        33   func ,g         3
FILE=_lsft
                                  fff55737  fff5576e        38
  __lsft
                                  fff55737        38   func ,g         6
FILE=_lsfts
                                  fff5576f  fff557c1        53
  __lsfts
                                  fff5576f        53   func ,g         3
FILE=_packf
                                  fff557c2  fff557ee        2d
  __packf
                                  fff557c2        2d   func ,g         1
FILE=_rnd
                                  fff557ef  fff55881        93
  __rnd
                                  fff557ef        93   func ,g         3
FILE=_power
                                  fff55882  fff5596b        ea
  __power
                                  fff55882        ea   func ,g         2
FILE=fegetenv
                                  fff5596c  fff55975         a
  _fegetenv
                                  fff5596c         a   func ,g         1
FILE=fesetenv
                                  fff55976  fff5599b        26
  __Force_raise
                                  fff55976        1e   func ,g         0
  _fesetenv
                                  fff55994         8   func ,g         1
FILE=xgenld
                                  fff5599c  fff55c50       2b5
  __Genld
                                  fff5599c       2b5   func ,g         1
FILE=_mult
                                  fff55c51  fff55ce8        98
  __mult
                                  fff55c51        98   func ,g         1
FILE=_mvito4b
                                  fff55ce9  fff55cfc        14
  __mvito4b
                                  fff55ce9        14   func ,g         1
FILE=_rsft
                                  fff55cfd  fff55d2a        2e
  __rsft
                                  fff55cfd        2e   func ,g         1
FILE=_pow10
                                  fff55d2b  fff55d93        69
  __pow10
                                  fff55d2b        69   func ,g         1
FILE=_sub
                                  fff55d94  fff55de7        54
  __sub
                                  fff55d94        54   func ,g         1
FILE=xwctomb
                                  fff55de8  fff55f4a       163
  __Wctombx
                                  fff55de8       11d   func ,g         1
  __Wctomb
                                  fff55f05        46   func ,g         1
FILE=xstate
                                  fff55f4b  fff55f7c        32
  __Getmbcurmax
                                  fff55f4b        16   func ,g         2
  __Getpmbstate
                                  fff55f61        1c   func ,g         0
FILE=xldscale
                                  fff55f7d  fff55f80         4
  __LDscale
                                  fff55f7d         4   func ,g         1
FILE=xldunsca
                                  fff55f81  fff55f84         4
  __LDunscale
                                  fff55f81         4   func ,g         1
FILE=__COM_MOD64u
                                  fff55f85  fff5600b        87
  __COM_MOD64u
                                  fff55f85         0   none ,g         1
  _Loop_Init
                                  fff55f8f         0   none ,l         2
  _Loop
                                  fff55f93         0   none ,l         1
  _DivStart
                                  fff55f9f         0   none ,l         3
  _Success
                                  fff55fad         0   none ,l         1
  _DivEnd
                                  fff55fb5         0   none ,l         0
  IXI6DIV
                                  fff55fb6         0   none ,l         1
  IXI4DIV
                                  fff55fc8         0   none ,l         1
  IXI2DIV
                                  fff55fd8         0   none ,l         1
  I8I2DIV
                                  fff55fe0         0   none ,l         1
  I4I2DIV
                                  fff56000         0   none ,l         1
FILE=_div
                                  fff5600c  fff56017         c
  _ldiv
                                  fff5600c         0   none ,g         1
  _div
                                  fff5600c         0   none ,g         1
FILE=_pow5
                                  fff56018  fff56028        11
  __pow5
                                  fff56018        11   func ,g         1
FILE=_mvsto2b
                                  fff56029  fff5603b        13
  __mvsto2b
                                  fff56029        13   func ,g         1
FILE=xwcstate
                                  fff5603c  fff56057        1c
  __Getpwcstate
                                  fff5603c        1c   func ,g         0

SECTION=APPHEADER_1
FILE=.\r_flash_loader_rx\src\r_fl_app_header.obj
                                  fffffe00  fffffe06         7
  _g_fl_cur_app_header
                                  fffffe00         7   data ,g         0

SECTION=FIXEDVECT
FILE=.\r_bsp\board\MT01\vecttbl.obj
                                  ffffff80  ffffffff        80
  _Fixed_Vectors
                                  ffffff80        80   data ,g         0

*** Unfilled Areas ***

AREA                                START    END

*** Delete Symbols ***

SYMBOL                                SIZE    INFO
